============================================
Anti-Fabrication Policy Check (AFP) v4
============================================

[INFO] CHECK 1: cargo build -p sqlrustgo-mysql-server (canonical binary)...
[PASS] sqlrustgo-mysql-server: cargo check PASS
[INFO] CHECK 2: cargo test --workspace --no-run (test compile only, fast)...
[ERROR] Test binaries compile FAILED — NEW untracked failures detected:
[ERROR]   NEW: tpch_full_test
[ERROR] Known pre-existing failures (9 of 10):
[INFO]   KNOWN: auth_rbac_test
[INFO]   KNOWN: backup_test
[INFO]   KNOWN: buffer_pool_test
[INFO]   KNOWN: crash_recovery_test
[INFO]   KNOWN: e2e_observability_test
[INFO]   KNOWN: eval_22_vs_sf01
[INFO]   KNOWN: fk_constraint_test
[INFO]   KNOWN: mysql_compatibility_test
[INFO]   KNOWN: view_test
[ERROR] See RC_BLOCKERS_REPORT.md §Blocker #4 for tracking.
    |       ^^^^^^^^^^^^^^^^^^^^^^^^^^^^
...
 55 |       pub fn with_memory_and_cbo(cbo_enabled: bool) -> Self {
    |       ^^^^^^^^^^^^^^^^^^^^^^^^^^^^^^^^^^^^^^^^^^^^^^^^^^^^^
...
 80 |       pub fn with_memory_and_catalog(catalog: Arc<RwLock<Catalog>>) -> Self {
    |       ^^^^^^^^^^^^^^^^^^^^^^^^^^^^^^^^^^^^^^^^^^^^^^^^^^^^^^^^^^^^^^^^^^^^^
...
112 | /     pub fn with_wal_stub(
113 | |     ) -> ExecutionEngine<WalStorage<MemoryStorage, sqlrustgo_storage::wal::MemoryWalManager>> {
    | |_____________________________________________________________________________________________^

error[E0599]: no variant, associated function, or constant named `Kill` found for enum `Statement` in the current scope
   --> tests/integration/mysql_compatibility_test.rs:474:32
    |
474 |     let kill_stmt = Statement::Kill(KillStatement {
    |                                ^^^^ variant, associated function, or constant not found in `Statement`

error: could not compile `sqlrustgo` (test "mysql_compatibility_test") due to 23 previous errors
warning: `sqlrustgo` (test "diag_q6_filter") generated 1 warning (run `cargo fix --test "diag_q6_filter" -p sqlrustgo` to apply 1 suggestion)
[INFO] CHECK 3: Gate report test counts vs actual cargo test compile output...
[INFO] docs/releases/v3.8.0/alpha/ALPHA_GATE_REPORT.md: declares 10/10 PASS (test binaries compiled: unknown (cargo test --no-run log unavailable))
[INFO] docs/releases/v3.8.0/beta/BETA_GATE_REPORT.md: declares 15/15 PASS (test binaries compiled: unknown (cargo test --no-run log unavailable))
[INFO] docs/releases/v3.8.0/rc/RC_GA_GATE_REPORT.md: declares 5/5 PASS (test binaries compiled: unknown (cargo test --no-run log unavailable))
[INFO] docs/releases/v3.9.0/rc/RC1_GATE_REPORT.md: declares 4/4 PASS (test binaries compiled: unknown (cargo test --no-run log unavailable))
[INFO] docs/releases/v3.9.0/rc/RC2_GATE_REPORT.md: declares 4/4 PASS (test binaries compiled: unknown (cargo test --no-run log unavailable))
[INFO] CHECK 4: HEAD commit author must be a known AI/Human identity...
[PASS] HEAD author email: openclaw@gaoyuanyiyao.com (allowed multi-AI identity)
[INFO] CHECK 5: Code examples in documentation (sanity scan)...
[PASS] Scanned 411 markdown files in docs/releases + docs/governance

============================================
Results: ERRORS=4, WARNINGS=0
============================================

[ERROR] Anti-fabrication check (AFP v4): FAILED with 4 error(s)
