================================================
v4.0.0 server-read-perf SOAK (60 min)
================================================
  PORT=3417  THREADS=16  SERVER_THREADS=16
  DATA_DIR=/tmp/sqlrustgo-v400-soak
  RESULTS_DIR=/Users/liying/dev/sqlrustgo/results/soak-v400-1h-20260916_102555
  ROWS=10000  READ_PCT=80%  INSERT_PCT=10%
  BIN=/Users/liying/dev/sqlrustgo/target/release/sqlrustgo-mysql-server
================================================
[1/5] Starting sqlrustgo-mysql-server (file storage)...
  server PID=35564
  listening on 3417 after 1s
[2/5] Preparing sbtest1 (10000 rows)...
=== v400_prepare_soak: port=3417 rows=10000 ===
[1/3] Creating sbtest1 table...
[2/3] Loading 10000 rows into sbtest1...
  Loaded 10000 rows in 1s
[3/3] Verifying...
  Row count: 10000
  Sample PK lookups:
1	1	9
100	0	9
5000	0	9
9999	99	8
PASS
[3/5] Starting pymysql driver (16 threads, 3600s)...
  driver PID=35584
[4/5] Monitoring (interval=15s) — Ctrl-C to abort.
  [15s/3600s] RSS=430.7MB FD=25 CPU=110.7%(/core ncpu=10) q=00 e=00 panics=00 remain=59m 
  [30s/3600s] RSS=791.0MB FD=25 CPU=97.1%(/core ncpu=10) q=00 e=00 panics=00 remain=59m 
  [45s/3600s] RSS=1163.7MB FD=25 CPU=102.9%(/core ncpu=10) q=00 e=00 panics=00 remain=59m 
  [60s/3600s] RSS=1542.2MB FD=25 CPU=99.3%(/core ncpu=10) q=00 e=00 panics=00 remain=59m 
  [75s/3600s] RSS=1349.7MB FD=25 CPU=102.4%(/core ncpu=10) q=00 e=00 panics=00 remain=58m 
  [90s/3600s] RSS=1474.2MB FD=25 CPU=99.4%(/core ncpu=10) q=00 e=00 panics=00 remain=58m 
  [105s/3600s] RSS=1368.6MB FD=25 CPU=99.7%(/core ncpu=10) q=00 e=00 panics=00 remain=58m 
  [120s/3600s] RSS=1279.0MB FD=25 CPU=116.9%(/core ncpu=10) q=00 e=00 panics=00 remain=58m 
  [135s/3600s] RSS=1552.7MB FD=25 CPU=97.7%(/core ncpu=10) q=00 e=00 panics=00 remain=57m 
  [150s/3600s] RSS=1478.6MB FD=25 CPU=104.5%(/core ncpu=10) q=00 e=00 panics=00 remain=57m 
  [166s/3600s] RSS=1479.8MB FD=25 CPU=101.0%(/core ncpu=10) q=5106 e=00 panics=00 remain=57m 
  [181s/3600s] RSS=1621.9MB FD=25 CPU=101.6%(/core ncpu=10) q=5106 e=00 panics=00 remain=56m 
  [196s/3600s] RSS=1461.1MB FD=25 CPU=100.9%(/core ncpu=10) q=5106 e=00 panics=00 remain=56m 
  [211s/3600s] RSS=1439.2MB FD=25 CPU=100.7%(/core ncpu=10) q=5106 e=00 panics=00 remain=56m 
  [226s/3600s] RSS=724.7MB FD=25 CPU=101.8%(/core ncpu=10) q=5106 e=00 panics=00 remain=56m 
  [241s/3600s] RSS=714.2MB FD=25 CPU=109.3%(/core ncpu=10) q=5106 e=00 panics=00 remain=55m 
  [256s/3600s] RSS=829.4MB FD=25 CPU=99.5%(/core ncpu=10) q=7776 e=00 panics=00 remain=55m 
  [271s/3600s] RSS=757.1MB FD=25 CPU=102.3%(/core ncpu=10) q=8094 e=00 panics=00 remain=55m 
  [286s/3600s] RSS=804.0MB FD=25 CPU=100.1%(/core ncpu=10) q=8385 e=00 panics=00 remain=55m 
  [301s/3600s] RSS=544.4MB FD=25 CPU=103.0%(/core ncpu=10) q=8385 e=00 panics=00 remain=54m 
  [317s/3600s] RSS=790.5MB FD=25 CPU=104.9%(/core ncpu=10) q=8385 e=00 panics=00 remain=54m 
  [332s/3600s] RSS=822.0MB FD=25 CPU=99.2%(/core ncpu=10) q=8385 e=00 panics=00 remain=54m 
  [347s/3600s] RSS=596.1MB FD=25 CPU=98.6%(/core ncpu=10) q=8385 e=00 panics=00 remain=54m 
  [362s/3600s] RSS=82.2MB FD=25 CPU=100.7%(/core ncpu=10) q=8385 e=00 panics=00 remain=53m 
  [377s/3600s] RSS=411.9MB FD=25 CPU=104.1%(/core ncpu=10) q=8385 e=00 panics=00 remain=53m 
  [392s/3600s] RSS=692.4MB FD=25 CPU=97.2%(/core ncpu=10) q=8385 e=00 panics=00 remain=53m 
  [407s/3600s] RSS=973.3MB FD=25 CPU=99.3%(/core ncpu=10) q=8385 e=00 panics=00 remain=53m 
  [422s/3600s] RSS=1044.3MB FD=25 CPU=103.3%(/core ncpu=10) q=8385 e=00 panics=00 remain=52m 
  [437s/3600s] RSS=830.0MB FD=25 CPU=102.0%(/core ncpu=10) q=8385 e=00 panics=00 remain=52m 
  [452s/3600s] RSS=772.9MB FD=25 CPU=100.7%(/core ncpu=10) q=8385 e=00 panics=00 remain=52m 
  [467s/3600s] RSS=1004.0MB FD=25 CPU=104.5%(/core ncpu=10) q=8385 e=00 panics=00 remain=52m 
  [483s/3600s] RSS=977.9MB FD=25 CPU=101.4%(/core ncpu=10) q=8385 e=00 panics=00 remain=51m 
  [498s/3600s] RSS=732.9MB FD=25 CPU=96.5%(/core ncpu=10) q=13424 e=00 panics=00 remain=51m 
  [513s/3600s] RSS=213.6MB FD=25 CPU=106.9%(/core ncpu=10) q=13424 e=00 panics=00 remain=51m 
  [528s/3600s] RSS=528.6MB FD=25 CPU=104.1%(/core ncpu=10) q=13424 e=00 panics=00 remain=51m 
  [543s/3600s] RSS=701.0MB FD=25 CPU=100.4%(/core ncpu=10) q=13424 e=00 panics=00 remain=50m 
  [558s/3600s] RSS=654.0MB FD=25 CPU=100.4%(/core ncpu=10) q=13424 e=00 panics=00 remain=50m 
  [573s/3600s] RSS=876.2MB FD=25 CPU=110.2%(/core ncpu=10) q=15652 e=00 panics=00 remain=50m 
  [588s/3600s] RSS=1005.2MB FD=25 CPU=104.6%(/core ncpu=10) q=16249 e=00 panics=00 remain=50m 
  [603s/3600s] RSS=1094.3MB FD=25 CPU=109.9%(/core ncpu=10) q=16629 e=00 panics=00 remain=49m 
  [618s/3600s] RSS=1234.4MB FD=25 CPU=100.4%(/core ncpu=10) q=16629 e=00 panics=00 remain=49m 
  [634s/3600s] RSS=1023.7MB FD=25 CPU=102.6%(/core ncpu=10) q=16629 e=00 panics=00 remain=49m 
  [649s/3600s] RSS=1175.2MB FD=25 CPU=100.2%(/core ncpu=10) q=16629 e=00 panics=00 remain=49m 
  [664s/3600s] RSS=957.1MB FD=25 CPU=99.7%(/core ncpu=10) q=16629 e=00 panics=00 remain=48m 
  [679s/3600s] RSS=927.6MB FD=25 CPU=101.5%(/core ncpu=10) q=16629 e=00 panics=00 remain=48m 
  [694s/3600s] RSS=847.9MB FD=25 CPU=100.2%(/core ncpu=10) q=16629 e=00 panics=00 remain=48m 
  [709s/3600s] RSS=868.8MB FD=25 CPU=99.8%(/core ncpu=10) q=16629 e=00 panics=00 remain=48m 
  [724s/3600s] RSS=806.6MB FD=25 CPU=100.6%(/core ncpu=10) q=16629 e=00 panics=00 remain=47m 
  [739s/3600s] RSS=793.2MB FD=26 CPU=106.4%(/core ncpu=10) q=16629 e=00 panics=00 remain=47m 
  [754s/3600s] RSS=879.2MB FD=26 CPU=99.0%(/core ncpu=10) q=16629 e=00 panics=00 remain=47m 
  [769s/3600s] RSS=924.5MB FD=25 CPU=105.1%(/core ncpu=10) q=16629 e=00 panics=00 remain=47m 
  [785s/3600s] RSS=917.1MB FD=25 CPU=100.0%(/core ncpu=10) q=16629 e=00 panics=00 remain=46m 
  [800s/3600s] RSS=801.6MB FD=25 CPU=107.3%(/core ncpu=10) q=16629 e=00 panics=00 remain=46m 
  [815s/3600s] RSS=638.1MB FD=25 CPU=109.5%(/core ncpu=10) q=16629 e=00 panics=00 remain=46m 
  [830s/3600s] RSS=693.5MB FD=25 CPU=101.1%(/core ncpu=10) q=21702 e=00 panics=00 remain=46m 
  [845s/3600s] RSS=722.0MB FD=25 CPU=99.6%(/core ncpu=10) q=21702 e=00 panics=00 remain=45m 
  [860s/3600s] RSS=615.6MB FD=25 CPU=98.7%(/core ncpu=10) q=21702 e=00 panics=00 remain=45m 
  [875s/3600s] RSS=510.2MB FD=25 CPU=100.3%(/core ncpu=10) q=23161 e=00 panics=00 remain=45m 
  [890s/3600s] RSS=505.8MB FD=25 CPU=98.8%(/core ncpu=10) q=23161 e=00 panics=00 remain=45m 
  [905s/3600s] RSS=569.5MB FD=25 CPU=107.6%(/core ncpu=10) q=23809 e=00 panics=00 remain=44m 
  [920s/3600s] RSS=575.6MB FD=25 CPU=92.2%(/core ncpu=10) q=24132 e=00 panics=00 remain=44m 
  [936s/3600s] RSS=587.6MB FD=25 CPU=99.5%(/core ncpu=10) q=24270 e=00 panics=00 remain=44m 
  [951s/3600s] RSS=745.9MB FD=25 CPU=103.7%(/core ncpu=10) q=24640 e=00 panics=00 remain=44m 
  [966s/3600s] RSS=789.2MB FD=25 CPU=102.1%(/core ncpu=10) q=24640 e=00 panics=00 remain=43m 
  [981s/3600s] RSS=854.9MB FD=25 CPU=101.5%(/core ncpu=10) q=24640 e=00 panics=00 remain=43m 
  [996s/3600s] RSS=797.6MB FD=25 CPU=100.0%(/core ncpu=10) q=24640 e=00 panics=00 remain=43m 
  [1011s/3600s] RSS=878.1MB FD=25 CPU=99.9%(/core ncpu=10) q=24640 e=00 panics=00 remain=43m 
  [1026s/3600s] RSS=980.7MB FD=25 CPU=103.4%(/core ncpu=10) q=24640 e=00 panics=00 remain=42m 
  [1041s/3600s] RSS=1121.8MB FD=25 CPU=105.2%(/core ncpu=10) q=24640 e=00 panics=00 remain=42m 
  [1056s/3600s] RSS=573.1MB FD=25 CPU=99.7%(/core ncpu=10) q=24640 e=00 panics=00 remain=42m 
  [1072s/3600s] RSS=592.8MB FD=25 CPU=100.1%(/core ncpu=10) q=24640 e=00 panics=00 remain=42m 
  [1087s/3600s] RSS=788.7MB FD=25 CPU=102.3%(/core ncpu=10) q=24640 e=00 panics=00 remain=41m 
  [1102s/3600s] RSS=536.3MB FD=26 CPU=98.2%(/core ncpu=10) q=24640 e=00 panics=00 remain=41m 
  [1117s/3600s] RSS=340.7MB FD=25 CPU=104.7%(/core ncpu=10) q=24640 e=00 panics=00 remain=41m 
  [1132s/3600s] RSS=365.2MB FD=25 CPU=101.2%(/core ncpu=10) q=24640 e=00 panics=00 remain=41m 
  [1147s/3600s] RSS=286.7MB FD=25 CPU=95.7%(/core ncpu=10) q=24640 e=00 panics=00 remain=40m 
  [1162s/3600s] RSS=74.3MB FD=25 CPU=56.7%(/core ncpu=10) q=24640 e=00 panics=00 remain=40m 
  [1178s/3600s] RSS=154.8MB FD=25 CPU=98.8%(/core ncpu=10) q=24640 e=00 panics=00 remain=40m 
  [1193s/3600s] RSS=202.8MB FD=25 CPU=95.0%(/core ncpu=10) q=24640 e=00 panics=00 remain=40m 
  [1208s/3600s] RSS=470.9MB FD=25 CPU=101.4%(/core ncpu=10) q=24640 e=00 panics=00 remain=39m 
  [1223s/3600s] RSS=548.6MB FD=25 CPU=95.3%(/core ncpu=10) q=29691 e=00 panics=00 remain=39m 
  [1238s/3600s] RSS=580.5MB FD=25 CPU=109.8%(/core ncpu=10) q=29691 e=00 panics=00 remain=39m 
  [1253s/3600s] RSS=476.4MB FD=25 CPU=100.1%(/core ncpu=10) q=29691 e=00 panics=00 remain=39m 
  [1268s/3600s] RSS=431.6MB FD=25 CPU=112.6%(/core ncpu=10) q=29691 e=00 panics=00 remain=38m 
  [1283s/3600s] RSS=476.7MB FD=25 CPU=118.3%(/core ncpu=10) q=31489 e=00 panics=00 remain=38m 
  [1299s/3600s] RSS=599.4MB FD=25 CPU=100.9%(/core ncpu=10) q=31999 e=00 panics=00 remain=38m 
  [1314s/3600s] RSS=595.7MB FD=25 CPU=98.3%(/core ncpu=10) q=32249 e=00 panics=00 remain=38m 
  [1329s/3600s] RSS=794.9MB FD=25 CPU=98.3%(/core ncpu=10) q=32356 e=00 panics=00 remain=37m 
  [1344s/3600s] RSS=700.9MB FD=25 CPU=102.2%(/core ncpu=10) q=32713 e=00 panics=00 remain=37m 
  [1359s/3600s] RSS=878.5MB FD=25 CPU=100.9%(/core ncpu=10) q=32713 e=00 panics=00 remain=37m 
  [1374s/3600s] RSS=991.0MB FD=25 CPU=97.6%(/core ncpu=10) q=32713 e=00 panics=00 remain=37m 
  [1389s/3600s] RSS=1074.7MB FD=25 CPU=96.8%(/core ncpu=10) q=32713 e=00 panics=00 remain=36m 
  [1404s/3600s] RSS=1142.8MB FD=25 CPU=97.2%(/core ncpu=10) q=32713 e=00 panics=00 remain=36m 
  [1419s/3600s] RSS=1079.8MB FD=25 CPU=108.4%(/core ncpu=10) q=32713 e=00 panics=00 remain=36m 
  [1434s/3600s] RSS=1051.9MB FD=25 CPU=100.7%(/core ncpu=10) q=32713 e=00 panics=00 remain=36m 
  [1450s/3600s] RSS=1109.5MB FD=25 CPU=106.4%(/core ncpu=10) q=32713 e=00 panics=00 remain=35m 
  [1465s/3600s] RSS=1021.6MB FD=25 CPU=101.1%(/core ncpu=10) q=32713 e=00 panics=00 remain=35m 
  [1480s/3600s] RSS=1003.8MB FD=25 CPU=99.1%(/core ncpu=10) q=32713 e=00 panics=00 remain=35m 
  [1495s/3600s] RSS=991.0MB FD=25 CPU=96.5%(/core ncpu=10) q=32713 e=00 panics=00 remain=35m 
  [1510s/3600s] RSS=995.5MB FD=25 CPU=102.1%(/core ncpu=10) q=32713 e=00 panics=00 remain=34m 
  [1525s/3600s] RSS=1003.9MB FD=25 CPU=97.3%(/core ncpu=10) q=32713 e=00 panics=00 remain=34m 
  [1540s/3600s] RSS=1028.3MB FD=25 CPU=104.4%(/core ncpu=10) q=32713 e=00 panics=00 remain=34m 
  [1555s/3600s] RSS=1016.2MB FD=25 CPU=100.0%(/core ncpu=10) q=32713 e=00 panics=00 remain=34m 
  [1570s/3600s] RSS=862.0MB FD=25 CPU=100.1%(/core ncpu=10) q=32713 e=00 panics=00 remain=33m 
  [1586s/3600s] RSS=868.5MB FD=25 CPU=113.8%(/core ncpu=10) q=32713 e=00 panics=00 remain=33m 
  [1601s/3600s] RSS=765.9MB FD=25 CPU=105.0%(/core ncpu=10) q=32713 e=00 panics=00 remain=33m 
  [1616s/3600s] RSS=685.5MB FD=25 CPU=101.4%(/core ncpu=10) q=32713 e=00 panics=00 remain=33m 
  [1631s/3600s] RSS=414.0MB FD=25 CPU=101.3%(/core ncpu=10) q=37741 e=00 panics=00 remain=32m 
  [1646s/3600s] RSS=375.5MB FD=25 CPU=100.4%(/core ncpu=10) q=37741 e=00 panics=00 remain=32m 
  [1661s/3600s] RSS=436.3MB FD=25 CPU=99.6%(/core ncpu=10) q=37741 e=00 panics=00 remain=32m 
  [1676s/3600s] RSS=493.1MB FD=25 CPU=100.5%(/core ncpu=10) q=37741 e=00 panics=00 remain=32m 
  [1691s/3600s] RSS=565.7MB FD=25 CPU=100.1%(/core ncpu=10) q=38889 e=00 panics=00 remain=31m 
  [1707s/3600s] RSS=596.8MB FD=25 CPU=102.5%(/core ncpu=10) q=39002 e=00 panics=00 remain=31m 
  [1722s/3600s] RSS=572.0MB FD=25 CPU=99.3%(/core ncpu=10) q=39336 e=00 panics=00 remain=31m 
  [1737s/3600s] RSS=356.9MB FD=25 CPU=86.9%(/core ncpu=10) q=39336 e=00 panics=00 remain=31m 
  [1752s/3600s] RSS=494.1MB FD=25 CPU=98.9%(/core ncpu=10) q=39803 e=00 panics=00 remain=30m 
  [1767s/3600s] RSS=446.9MB FD=25 CPU=99.1%(/core ncpu=10) q=39858 e=00 panics=00 remain=30m 
  [1782s/3600s] RSS=524.5MB FD=25 CPU=100.4%(/core ncpu=10) q=40179 e=00 panics=00 remain=30m 
  [1797s/3600s] RSS=523.4MB FD=25 CPU=101.2%(/core ncpu=10) q=40431 e=00 panics=00 remain=30m 
  [1812s/3600s] RSS=562.4MB FD=25 CPU=99.4%(/core ncpu=10) q=40632 e=00 panics=00 remain=29m 
  [1828s/3600s] RSS=517.9MB FD=25 CPU=101.4%(/core ncpu=10) q=40632 e=00 panics=00 remain=29m 
  [1843s/3600s] RSS=613.7MB FD=25 CPU=98.1%(/core ncpu=10) q=40632 e=00 panics=00 remain=29m 
  [1858s/3600s] RSS=734.9MB FD=25 CPU=105.0%(/core ncpu=10) q=40632 e=00 panics=00 remain=29m 
  [1873s/3600s] RSS=1019.0MB FD=25 CPU=102.2%(/core ncpu=10) q=40632 e=00 panics=00 remain=28m 
  [1888s/3600s] RSS=1288.8MB FD=25 CPU=98.6%(/core ncpu=10) q=40632 e=00 panics=00 remain=28m 
  [1903s/3600s] RSS=1581.3MB FD=25 CPU=99.6%(/core ncpu=10) q=40632 e=00 panics=00 remain=28m 
  [1918s/3600s] RSS=1865.6MB FD=25 CPU=105.1%(/core ncpu=10) q=40632 e=00 panics=00 remain=28m 
  [1933s/3600s] RSS=2138.6MB FD=26 CPU=102.1%(/core ncpu=10) q=40632 e=00 panics=00 remain=27m 
  [1949s/3600s] RSS=2062.3MB FD=25 CPU=102.1%(/core ncpu=10) q=40632 e=00 panics=00 remain=27m 
  [1964s/3600s] RSS=2071.7MB FD=25 CPU=105.2%(/core ncpu=10) q=40632 e=00 panics=00 remain=27m 
  [1979s/3600s] RSS=2072.0MB FD=25 CPU=101.7%(/core ncpu=10) q=40632 e=00 panics=00 remain=27m 
  [1994s/3600s] RSS=1655.7MB FD=25 CPU=99.3%(/core ncpu=10) q=40632 e=00 panics=00 remain=26m 
