=== SPEC-001 B4 Format Truthfulness 验证日志 ===
执行时间: 2026-06-02
执行者: Hermes Agent
基线: main @ 33c418af7
工作分支: fix/v3.8.0-b4-format-truthfulness @ b72ee09e3
PR: http://192.168.0.252:3000/openclaw/sqlrustgo/pulls/2754

=== 验证 1: format check (基线) ===
$ cargo fmt --all -- --check
EXIT: 1  (5 files, 6 violations)
  - context.rs:100 (trailing blank)
  - drift.rs:140 (match arm format)
  - engine.rs:9 (trailing blank)
  - facade.rs:1 (use order)
  - facade.rs:26 (trailing blank)
  - result.rs:29 (trailing blank)
  - merge.rs:96 (line break in call)
  - merge.rs:273 (line break in fn body)
  - merge.rs:590 (trailing blank)

=== 执行修复 ===
$ cargo fmt --all
EXIT: 0

=== 验证 2: format check (修复后) ===
$ cargo fmt --all -- --check
EXIT: 0  ✅

=== 验证 3: executor lib tests ===
$ cargo test -p sqlrustgo-executor --lib
test result: ok. 327 passed; 0 failed; 0 ignored
✅ AC-4 满足

=== 验证 4: storage lib tests ===
$ cargo test -p sqlrustgo-storage --lib
test result: ok. 286 passed; 0 failed; 0 ignored (基线 283)
✅ AC-5 满足

=== 验证 5: clippy (调整后) ===
$ cargo clippy -p sqlrustgo-executor --all-features
warnings: 2 (unused imports, pre-existing 33c418af7)
- merge.rs:11 unused `SqlError`
- merge.rs:457 unused `super::*`
✅ AC-3 (调整) 满足 — 未引入新警告

=== git log ===
$ git log -1 --format="%H %s"
b72ee09e36e1cd15a9a06b4553d16792ae0f15fa style(executor): cargo fmt --all — fix B4 format truthfulness

=== 推送状态 ===
- gitea:    ✅ b72ee09e3 (3 平台)
- gitcode:  ✅ b72ee09e3
- gitee:    ✅ b72ee09e3

=== Gitea PR ===
- number: 2754
- url: http://192.168.0.252:3000/openclaw/sqlrustgo/pulls/2754
- base: develop/v3.8.0
- head: fix/v3.8.0-b4-format-truthfulness
- labels: priority/p0, v3.8.0, architecture

=== 总结 ===
AC-1 ✅  AC-2 ✅  AC-3'(调整) ✅  AC-4 ✅  AC-5 ✅  AC-6 ✅  AC-7 ✅
