warning: profiles for the non root package will be ignored, specify profiles at the workspace root:
package:   /Users/liying/workspace/dev/openheart/sqlrustgo/tools/sqlrustgo-gate/Cargo.toml
workspace: /Users/liying/workspace/dev/openheart/sqlrustgo/Cargo.toml
warning: profiles for the non root package will be ignored, specify profiles at the workspace root:
package:   /Users/liying/workspace/dev/openheart/sqlrustgo/tools/graph-cli/Cargo.toml
workspace: /Users/liying/workspace/dev/openheart/sqlrustgo/Cargo.toml
warning: /Users/liying/workspace/dev/openheart/sqlrustgo/crates/wal-verification/Cargo.toml: unused manifest key: tlaplus
warning: function `parse_tbl_line` is never used
   --> tests/tpch_gate_test.rs:175:4
    |
175 | fn parse_tbl_line(line: &str) -> Vec<String> {
    |    ^^^^^^^^^^^^^^
    |
    = note: `#[warn(dead_code)]` (part of `#[warn(unused)]`) on by default

warning: function `sql_escape` is never used
   --> tests/tpch_gate_test.rs:183:4
    |
183 | fn sql_escape(val: &str) -> String {
    |    ^^^^^^^^^^

warning: `sqlrustgo` (test "tpch_gate_test") generated 2 warnings
    Finished `test` profile [unoptimized + debuginfo] target(s) in 0.13s
     Running tests/tpch_gate_test.rs (target/debug/deps/tpch_gate_test-e47c1bd78df4bb4f)

running 1 test

=== TPC-H Gate Test ===
Scale factor: 0.1
Data dir: /Users/liying/workspace/dev/openheart/sqlrustgo/tests/data/tpch-sf001
Query timeout: 120s

[1/3] Creating schema...
  Schema created (8 tables)
[2/3] Importing data...
  Loading region... 5 rows
  Loading nation... 25 rows
  Loading supplier... 10 rows
  Loading customer... 15 rows
  Loading part... 20 rows
  Loading partsupp... 80 rows
  Loading orders... 150 rows
  Loading lineitem... 614 rows
  Import completed: 919 rows in 2.54625ms

[3/3] Running TPC-H queries...
  Q1 ... ✅ 2.218458ms
  Q3 ... ✅ 6.977625ms
  Q5 ... ✅ 7.991667ms
  Q6 ... ✅ 970.958µs
  Q7 ... ✅ 3.625459ms
  Q8 ... ✅ 2.779166ms
  Q9 ... ✅ 1.729667ms
  Q10 ... ✅ 6.655083ms
  Q12 ... ✅ 5.950959ms
  Q19 ... ✅ 4.266583ms
  Q18 ... ✅ 11.931292ms
  Q2 ... ✅ 1.699375ms
  Q11 ... ✅ 1.407834ms
  Q4 ... ✅ 416.584µs
  Q13 ... ✅ 1.844834ms
  Q14 ... ✅ 3.874542ms
  Q16 ... ✅ 3.439625ms
  Q17 ... ✅ 3.618708ms
  Q20 ... ✅ 199.209µs
  Q21 ... ✅ 7.122583ms
  Q22 ... ✅ 324.833µs
  Q15 ... ✅ 87.916µs

=== TPC-H Gate Results (SF=0.1) ===
✅ Q1: 2.218458ms
✅ Q3: 6.977625ms
✅ Q5: 7.991667ms
✅ Q6: 970.958µs
✅ Q7: 3.625459ms
✅ Q8: 2.779166ms
✅ Q9: 1.729667ms
✅ Q10: 6.655083ms
✅ Q12: 5.950959ms
✅ Q19: 4.266583ms
✅ Q18: 11.931292ms
✅ Q2: 1.699375ms
✅ Q11: 1.407834ms
✅ Q4: 416.584µs
✅ Q13: 1.844834ms
✅ Q14: 3.874542ms
✅ Q16: 3.439625ms
✅ Q17: 3.618708ms
✅ Q20: 199.209µs
✅ Q21: 7.122583ms
✅ Q22: 324.833µs
✅ Q15: 87.916µs

Total: 22/22 passed, 0 failed
Import time: 2.54625ms

Q1: PASS (2.218458ms)
Q6: PASS (970.958µs)

✅ TPC-H Gate PASSED (22/22 queries)
test test_tpch_sf01_gate ... ok

test result: ok. 1 passed; 0 failed; 0 ignored; 0 measured; 0 filtered out; finished in 0.09s

