info: cargo-llvm-cov currently setting cfg(coverage); you can opt-out it by passing --no-cfg-coverage
warning: /Users/liying/workspace/dev/yinglichina163/sqlrustgo/crates/tools/Cargo.toml: unused manifest key: bin.1.rand
warning: variable does not need to be mutable
  --> crates/tools/src/traits.rs:73:26
   |
73 |     pub fn with_read_err(mut self, kind: std::io::ErrorKind) -> Self {
   |                          ----^^^^
   |                          |
   |                          help: remove this `mut`
   |
   = note: `#[warn(unused_mut)]` (part of `#[warn(unused)]`) on by default

warning: variable does not need to be mutable
  --> crates/tools/src/traits.rs:79:32
   |
79 |     pub fn with_create_dir_err(mut self, kind: std::io::ErrorKind) -> Self {
   |                                ----^^^^
   |                                |
   |                                help: remove this `mut`

warning: `sqlrustgo-tools` (lib) generated 2 warnings (run `cargo fix --lib -p sqlrustgo-tools` to apply 2 suggestions)
warning: unused variable: `input`
  --> crates/tools/src/bin/bench_client.rs:87:13
   |
87 |         let input = queries.join(";");
   |             ^^^^^ help: if this is intentional, prefix it with an underscore: `_input`
   |
   = note: `#[warn(unused_variables)]` (part of `#[warn(unused)]`) on by default

warning: unused variable: `lines`
  --> crates/tools/src/bin/bench_client.rs:97:21
   |
97 |                 let lines = String::from_utf8_lossy(&out.stdout)
   |                     ^^^^^ help: if this is intentional, prefix it with an underscore: `_lines`

warning: `sqlrustgo-tools` (bin "bench_client") generated 2 warnings (run `cargo fix --bin "bench_client" -p sqlrustgo-tools` to apply 2 suggestions)
warning: unused import: `std::collections::HashMap`
 --> crates/tools/tests/tools_backup_restore_tests.rs:4:5
  |
4 | use std::collections::HashMap;
  |     ^^^^^^^^^^^^^^^^^^^^^^^^^
  |
  = note: `#[warn(unused_imports)]` (part of `#[warn(unused)]`) on by default

warning: unused import: `BackupStatus`
   --> crates/tools/tests/tools_backup_restore_tests.rs:380:44
    |
380 |         serde_json_simple, BackupMetadata, BackupStatus, BackupType,
    |                                            ^^^^^^^^^^^^

warning: unused import: `BackupStatus`
   --> crates/tools/tests/tools_backup_restore_tests.rs:391:44
    |
391 |         serde_json_simple, BackupMetadata, BackupStatus, BackupType,
    |                                            ^^^^^^^^^^^^

warning: unused import: `sqlrustgo_tools::mysqldump::ImportMode::*`
   --> crates/tools/tests/mysqldump_test.rs:104:9
    |
104 |     use sqlrustgo_tools::mysqldump::ImportMode::*;
    |         ^^^^^^^^^^^^^^^^^^^^^^^^^^^^^^^^^^^^^^^^^
    |
    = note: `#[warn(unused_imports)]` (part of `#[warn(unused)]`) on by default

warning: variable does not need to be mutable
   --> crates/tools/tests/traits_tests.rs:137:9
    |
137 |     let mut io = MockIo::happy();
    |         ----^^
    |         |
    |         help: remove this `mut`
    |
    = note: `#[warn(unused_mut)]` (part of `#[warn(unused)]`) on by default

warning: variable does not need to be mutable
   --> crates/tools/tests/traits_tests.rs:148:9
    |
148 |     let mut io = MockIo::happy();
    |         ----^^
    |         |
    |         help: remove this `mut`

warning: variable does not need to be mutable
   --> crates/tools/tests/traits_tests.rs:159:9
    |
159 |     let mut io = MockIo::happy();
    |         ----^^
    |         |
    |         help: remove this `mut`

warning: unused imports: `BackupManager`, `DumpImporter`, `UpgradeCommand`, `list_history`, and `show_status`
  --> crates/tools/tests/unit_tests.rs:5:57
   |
 5 |         chrono_lite_now, md5_simple, serde_json_simple, BackupManager, BackupMetadata,
   |                                                         ^^^^^^^^^^^^^
...
 8 |     mysqldump::{ColumnDef, DumpImporter, ForeignKeyRef, ImportMode, ImportStats, SqlStatement},
   |                            ^^^^^^^^^^^^
 9 |     upgrade::{
10 |         create_upgrade_plan, list_history, show_status, UpgradeCommand, UpgradeManifest,
   |                              ^^^^^^^^^^^^  ^^^^^^^^^^^  ^^^^^^^^^^^^^^
   |
   = note: `#[warn(unused_imports)]` (part of `#[warn(unused)]`) on by default

warning: unused import: `ConfigChange`
   --> crates/tools/tests/tools_test.rs:413:22
    |
413 |         CacheConfig, ConfigChange, ConfigManager, DatabaseConfig, LogConfig,
    |                      ^^^^^^^^^^^^
    |
    = note: `#[warn(unused_imports)]` (part of `#[warn(unused)]`) on by default

warning: `sqlrustgo-tools` (bin "bench_client" test) generated 2 warnings (2 duplicates)
warning: `sqlrustgo-tools` (test "tools_backup_restore_tests") generated 3 warnings (run `cargo fix --test "tools_backup_restore_tests" -p sqlrustgo-tools` to apply 3 suggestions)
warning: `sqlrustgo-tools` (test "mysqldump_test") generated 1 warning (run `cargo fix --test "mysqldump_test" -p sqlrustgo-tools` to apply 1 suggestion)
warning: `sqlrustgo-tools` (test "traits_tests") generated 3 warnings (run `cargo fix --test "traits_tests" -p sqlrustgo-tools` to apply 3 suggestions)
warning: `sqlrustgo-tools` (test "unit_tests") generated 1 warning (run `cargo fix --test "unit_tests" -p sqlrustgo-tools` to apply 1 suggestion)
warning: `sqlrustgo-tools` (test "tools_test") generated 1 warning (run `cargo fix --test "tools_test" -p sqlrustgo-tools` to apply 1 suggestion)
warning: `sqlrustgo-tools` (lib test) generated 2 warnings (2 duplicates)
warning: unused variable: `mgr`
  --> crates/tools/tests/tools_backup_manager_tests.rs:23:9
   |
23 |     let mgr = BackupManager::new(dir.clone());
   |         ^^^ help: if this is intentional, prefix it with an underscore: `_mgr`
   |
   = note: `#[warn(unused_variables)]` (part of `#[warn(unused)]`) on by default

warning: unused import: `BackupStatus`
   --> crates/tools/tests/backup_restore_tests.rs:237:59
    |
237 |     use sqlrustgo_tools::backup_restore::{BackupMetadata, BackupStatus, BackupType};
    |                                                           ^^^^^^^^^^^^
    |
    = note: `#[warn(unused_imports)]` (part of `#[warn(unused)]`) on by default

warning: `sqlrustgo-tools` (test "tools_backup_manager_tests") generated 1 warning (run `cargo fix --test "tools_backup_manager_tests" -p sqlrustgo-tools` to apply 1 suggestion)
warning: `sqlrustgo-tools` (test "backup_restore_tests") generated 1 warning (run `cargo fix --test "backup_restore_tests" -p sqlrustgo-tools` to apply 1 suggestion)
    Finished `test` profile [unoptimized + debuginfo] target(s) in 0.17s
     Running unittests src/lib.rs (target/llvm-cov-target/debug/deps/sqlrustgo_tools-cc05a2ef8f260bb3)

running 108 tests
test backup_restore::test_md5_different_inputs ... ok
test backup_restore::test_md5_consistency ... ok
test backup_restore::tests::test_md5 ... ok
test backup_restore::test_backup_type_variants ... ok
test backup_restore::test_backup_metadata_fail ... ok
test backup_restore::test_backup_metadata_complete ... ok
test config_hot_reload::tests::test_cache_config_default ... ok
test config_hot_reload::tests::test_cache_config_default_values ... ok
test config_hot_reload::tests::test_app_config_default ... ok
test config_hot_reload::tests::test_config_change_derives ... ok
test config_hot_reload::tests::test_database_config_default ... ok
test config_hot_reload::tests::test_database_config_default_values ... ok
test config_hot_reload::tests::test_default_config ... ok
test backup_restore::test_backup_manager_restore_not_found ... ok
test config_hot_reload::tests::test_config_manager_default_values ... ok
test backup_restore::test_backup_manager_backup_dir ... ok
test config_hot_reload::tests::test_log_config_default_values ... ok
test config_hot_reload::tests::test_load_config_nonexistent_returns_default ... ok
test config_hot_reload::tests::test_add_listener_invokes_callback_on_database_change ... ok
test config_hot_reload::tests::test_config_manager_get_config_returns_arc ... ok
test config_hot_reload::tests::test_add_listener_multiple ... ok
test backup_restore::test_backup_manager_delete_backup ... ok
test backup_restore::tests::test_backup_manager ... ok
test backup_restore::test_backup_manager_get_backup ... ok
test config_hot_reload::tests::test_load_config_invalid_json_errors ... ok
test mysqldump::tests::test_empty_string_value ... ok
test mysqldump::tests::test_import_reader_lock_unlock ... ok
test config_hot_reload::tests::test_load_config_valid_json ... ok
test config_hot_reload::tests::test_save_and_load_config_roundtrip ... ok
test config_hot_reload::tests::test_notify_listeners_all_called ... ok
test config_hot_reload::tests::test_update_database_config_notify ... ok
test config_hot_reload::tests::test_update_log_config_triggers_notification ... ok
test config_hot_reload::tests::test_update_cache_config_triggers_notification ... ok
test mysqldump::tests::test_import_reader_unknown_statement ... ok
test mysqldump::tests::test_import_reader_begin_commit ... ok
test mysqldump::tests::test_import_reader_set_variables ... ok
test mysqldump::tests::test_import_reader_with_comments ... ok
test mysqldump::tests::test_import_stats_default ... ok
test mysqldump::tests::test_import_reader_multiple_uses ... ok
test mysqldump::tests::test_null_values_in_insert ... ok
test mysqldump::tests::test_import_reader_multiple_drops ... ok
test mysqldump::tests::test_import_reader_single_insert ... ok
test mysqldump::tests::test_parse_column_definitions_all_types ... ok
test mysqldump::tests::test_mysqldump_format_comments_stripped ... ok
test mysqldump::tests::test_import_reader_transactions ... ok
test mysqldump::tests::test_parse_drop_table ... ok
test mysqldump::tests::test_parse_escaped_quotes ... ok
test mysqldump::tests::test_parse_insert ... ok
test mysqldump::tests::test_parse_lock_tables_write ... ok
test mysqldump::tests::test_parse_multi_row_values ... ok
test mysqldump::tests::test_parse_multi_row_values_empty ... ok
test mysqldump::tests::test_parse_multi_row_values_single_row ... ok
test mysqldump::tests::test_parse_row_values_mixed_types ... ok
test mysqldump::tests::test_parse_row_values_numeric_only ... ok
test mysqldump::tests::test_parse_row_values_with_quotes ... ok
test mysqldump::tests::test_parse_single_quoted_string_with_comma ... ok
test mysqldump::tests::test_create_table_statistics_realistic ... ok
test mysqldump::tests::test_sql_statement_begin ... ok
test mysqldump::tests::test_sql_statement_commit ... ok
test mysqldump::tests::test_sql_statement_lock_tables ... ok
test mysqldump::tests::test_sql_statement_rollback ... ok
test mysqldump::tests::test_sql_statement_unlock ... ok
test mysqldump::tests::test_parse_drop_table_if_exists ... ok
test mysqldump::tests::test_parse_create_table ... ok
test upgrade::tests::test_calculate_dir_checksum_empty_dir ... ok
test upgrade::tests::test_can_upgrade_to_minor ... ok
test upgrade::tests::test_can_upgrade_to_patch ... ok
test upgrade::tests::test_cannot_downgrade ... ok
test upgrade::tests::test_cannot_upgrade_major ... ok
test upgrade::tests::test_check_upgrade_missing_dir_reports_warning ... ok
test upgrade::tests::test_chrono_lite_timestamp ... ok
test upgrade::tests::test_calculate_dir_checksum_with_content ... ok
test upgrade::tests::test_copy_dir_recursive_nonexistent_source_returns_ok ... ok
test upgrade::tests::test_create_upgrade_plan_contains_steps ... ok
test upgrade::tests::test_create_upgrade_plan_minor_upgrade ... ok
test upgrade::tests::test_create_upgrade_plan_patch_upgrade ... ok
test upgrade::tests::test_execute_rollback_nonexistent ... ok
test upgrade::tests::test_copy_dir_recursive_copies_files ... ok
test mysqldump::tests::test_import_reader_multi_row_insert ... ok
test upgrade::tests::test_generate_migration_sql_different_versions ... ok
test upgrade::tests::test_generate_migration_sql_patch_only ... ok
test upgrade::tests::test_list_history_nonexistent_dir ... ok
test upgrade::tests::test_migration_step_fields ... ok
test upgrade::tests::test_show_status_nonexistent_dir_returns_ok ... ok
test mysqldump::tests::test_parse_use_statement ... ok
test upgrade::tests::test_upgrade_manifest_fields ... ok
test mysqldump::tests::test_import_stats_accumulation ... ok
test upgrade::tests::test_upgrade_plan_fields ... ok
test upgrade::tests::test_upgrade_status_variants ... ok
test upgrade::tests::test_update_metadata_writes_version_file ... ok
test config_hot_reload::tests::test_reload_detects_file_modification ... ok
test upgrade::tests::test_validate_backup_missing_manifest_fails ... ok
test upgrade::tests::test_execute_upgrade_creates_manifest ... ok
test upgrade::tests::test_validate_data_missing_catalog_fails ... ok
test upgrade::tests::test_verify_upgrade_no_version_file_is_ok ... ok
test upgrade::tests::test_validate_backup_invalid_json_fails ... ok
test upgrade::tests::test_version_info_fields_equal ... ok
test upgrade::tests::test_version_info_parse ... ok
test upgrade::tests::test_version_info_parse_invalid ... ok
test upgrade::tests::test_version_info_parse_with_v ... ok
test upgrade::tests::test_version_info_to_string ... ok
test upgrade::tests::test_version_info_to_string_exact ... ok
test upgrade::tests::test_verify_upgrade_version_mismatch ... ok
test upgrade::tests::test_execute_upgrade_with_real_temp_dirs ... ok
test mysqldump::tests::test_parse_set_statement ... ok
test mysqldump::tests::test_various_data_types ... ok
test mysqldump::tests::test_import_stats_update ... ok
test mysqldump::tests::test_skip_empty_lines ... ok

test result: ok. 108 passed; 0 failed; 0 ignored; 0 measured; 0 filtered out; finished in 0.04s

     Running unittests src/bin/bench_client.rs (target/llvm-cov-target/debug/deps/bench_client-39df0c33d258daf1)

running 0 tests

test result: ok. 0 passed; 0 failed; 0 ignored; 0 measured; 0 filtered out; finished in 0.00s

     Running unittests src/bin/tbl2bin.rs (target/llvm-cov-target/debug/deps/tbl2bin-d3510f7f371eb2b4)

running 11 tests
test tests::parse_tbl_line_empty_field_is_null ... ok
test tests::parse_tbl_line_fallback_text_on_parse_fail ... ok
test tests::parse_tbl_line_crlf_trimmed ... ok
test tests::parse_tbl_line_missing_field_padded_with_empty ... ok
test tests::parse_tbl_line_int_and_text ... ok
test tests::parse_tbl_line_float_column ... ok
test tests::parse_tbl_line_trailing_pipe_dropped ... ok
test tests::convert_table_missing_file_returns_zero ... ok
test tests::write_bin_float_column_uses_float_code ... ok
test tests::write_bin_empty_rows_still_writes_header ... ok
test tests::write_bin_round_trip_int_text_null ... ok

test result: ok. 11 passed; 0 failed; 0 ignored; 0 measured; 0 filtered out; finished in 0.00s

     Running tests/backup_restore_tests.rs (target/llvm-cov-target/debug/deps/backup_restore_tests-112968db893c3bcc)

running 14 tests
test test_md5_simple ... ok
test test_delete_backup_nonexistent ... ok
test test_backup_dir_getter ... ok
test test_list_backups_empty ... ok
test test_serde_json_simple_all_statuses ... ok
test test_backup_manager_new_creates_dir ... ok
test test_restore_nonexistent ... ok
test test_get_backup ... ok
test test_create_backup_produces_files ... ok
test test_restore_missing_sql_file ... ok
test test_create_backup_empty_tables ... ok
test test_list_backups_after_create ... ok
test test_delete_backup ... ok
test test_restore_parses_insert ... ok

test result: ok. 14 passed; 0 failed; 0 ignored; 0 measured; 0 filtered out; finished in 0.00s

     Running tests/mysqldump_test.rs (target/llvm-cov-target/debug/deps/mysqldump_test-3624490a25b654c0)

running 28 tests
test test_dump_importer_new ... ok
test test_dump_importer_verbose ... ok
test test_column_def ... ok
test test_column_def_with_default ... ok
test test_foreign_key_ref ... ok
test test_import_mode_variants ... ok
test test_import_reader_empty_input ... ok
test test_import_reader_lock_tables ... ok
test test_import_reader_rollback ... ok
test test_import_reader_unknown_statement ... ok
test test_import_reader_unlock_tables ... ok
test test_import_reader_no_semicolon ... ok
test test_import_stats_default ... ok
test test_import_stats_increment ... ok
test test_sql_statement_all_variants ... ok
test test_sql_statement_insert_with_data ... ok
test test_import_reader_drop_table ... ok
test test_import_reader_drop_table_if_exists ... ok
test test_sql_statement_lock_unlock_tables ... ok
test test_sql_statement_transaction_control ... ok
test test_sql_statement_variants ... ok
test test_import_reader_insert ... ok
test test_import_reader_multiline_insert ... ok
test test_import_reader_create_table ... ok
test test_import_reader_use_database ... ok
test test_import_reader_transaction_statements ... ok
test test_import_reader_blank_lines ... ok
test test_import_reader_multiple_statements ... ok

test result: ok. 28 passed; 0 failed; 0 ignored; 0 measured; 0 filtered out; finished in 0.02s

     Running tests/tools_backup_manager_tests.rs (target/llvm-cov-target/debug/deps/tools_backup_manager_tests-4b7ab0e5331a0e58)

running 16 tests
test test_backup_manager_list_backups_empty ... ok
test test_backup_manager_get_backup_none ... ok
test test_backup_manager_checksum_non_empty ... ok
test test_backup_manager_delete_nonexistent ... ok
test test_backup_manager_backup_dir_path ... ok
test test_backup_manager_new_creates_dir ... ok
test test_backup_manager_delete_backup ... ok
test test_backup_manager_create_backup_checksum ... ok
test test_backup_manager_delete_then_restore_fails ... ok
test test_backup_manager_create_and_get_backup ... ok
test test_backup_manager_new_existing_dir ... ok
test test_backup_manager_restore_existing ... ok
test test_backup_manager_restore_nonexistent ... ok
test test_backup_manager_restore_parses_table_names ... ok
test test_backup_manager_list_backups_after_create ... ok
test test_backup_manager_multiple_backups_with_delay ... ok

test result: ok. 16 passed; 0 failed; 0 ignored; 0 measured; 0 filtered out; finished in 2.01s

     Running tests/tools_backup_restore_tests.rs (target/llvm-cov-target/debug/deps/tools_backup_restore_tests-f10242caf49edc11)

running 33 tests
test test_backup_lifecycle_in_progress_to_completed ... ok
test test_backup_lifecycle_failure ... ok
test test_backup_metadata_add_table ... ok
test test_backup_metadata_checksum_none_until_complete ... ok
test test_backup_metadata_clone ... ok
test test_backup_metadata_complete ... ok
test test_backup_metadata_fail ... ok
test test_backup_metadata_new ... ok
test test_backup_metadata_size_accumulation ... ok
test test_backup_multiple_types ... ok
test test_backup_manager_delete_backup_nonexistent ... ok
test test_backup_manager_get_backup_nonexistent ... ok
test test_backup_manager_delete_backup ... ok
test test_backup_status_clone ... ok
test test_backup_status_completed ... ok
test test_backup_status_failed ... ok
test test_backup_status_in_progress ... ok
test test_backup_type_clone ... ok
test test_backup_type_debug ... ok
test test_export_options_custom ... ok
test test_backup_manager_restore_nonexistent ... ok
test test_export_options_default ... ok
test test_md5_simple_deterministic ... ok
test test_backup_manager_get_backup_existing ... ok
test test_backup_manager_list_backups_single ... ok
test test_md5_simple_different_inputs ... ok
test test_md5_simple_empty_string ... ok
test test_md5_simple_known_input ... ok
test test_md5_simple_unicode ... ok
test test_restore_result_fields ... ok
test test_serde_json_simple_completed ... ok
test test_backup_manager_restore_existing ... ok
test test_serde_json_simple_in_progress ... ok

test result: ok. 33 passed; 0 failed; 0 ignored; 0 measured; 0 filtered out; finished in 0.00s

     Running tests/tools_test.rs (target/llvm-cov-target/debug/deps/tools_test-00daab6af9c93f98)

running 35 tests
test test_app_config_default ... ok
test test_backup_metadata_differential ... ok
test test_backup_metadata_complete ... ok
test test_backup_metadata_fail ... ok
test test_backup_metadata_incremental ... ok
test test_backup_metadata_new ... ok
test test_backup_metadata_serde_roundtrip ... ok
test test_backup_metadata_status_variants ... ok
test test_backup_status_failed_message ... ok
test test_backup_status_variants ... ok
test test_backup_type_variants ... ok
test test_cache_config_default_values ... ok
test test_config_change_variants ... ok
test test_backup_manager_delete_backup_missing_is_ok ... ok
test test_config_listener_callback ... ok
test test_config_manager_listener_dispatch ... ignored, add_listener requires ConfigListener + 'static; closure helper incompatible
test test_backup_manager_restore_no_data ... ok
test test_backup_manager_get_nonexistent ... ok
test test_backup_manager_create_backup_full_flow ... ok
test test_database_config_default_values ... ok
test test_config_manager_getters ... ok
test test_config_manager_load_save_roundtrip ... ok
test test_backup_manager_new ... ok
test test_backup_manager_list_empty ... ok
test test_config_manager_reload_detects_no_change ... ok
test test_log_config_default_values ... ok
test test_config_manager_update_database ... ok
test test_config_manager_update_cache ... ok
test test_upgrade_list_history_empty_dir ... ok
test test_config_manager_update_log ... ok
test test_upgrade_show_status_no_history ... ok
test test_upgrade_show_status_invalid_json ... ok
test test_upgrade_show_status_with_manifest ... ok
test test_upgrade_list_history_with_subdirs ... ok
test test_config_manager_reload_detects_change ... ok

test result: ok. 34 passed; 0 failed; 1 ignored; 0 measured; 0 filtered out; finished in 1.11s

     Running tests/tools_upgrade_tests.rs (target/llvm-cov-target/debug/deps/tools_upgrade_tests-e209c4c13cb350eb)

running 32 tests
test test_can_upgrade_same_version ... ok
test test_can_upgrade_minor ... ok
test test_can_upgrade_patch ... ok
test test_can_upgrade_multiple_patches ... ok
test test_cannot_downgrade ... ok
test test_can_upgrade_skip_minor ... ok
test test_cannot_upgrade_major ... ok
test test_migration_step_new ... ok
test test_migration_step_no_rollback ... ok
test test_upgrade_command_type_exists ... ok
test test_upgrade_manifest_serde ... ok
test test_upgrade_status_clone ... ok
test test_upgrade_manifest_with_backup_path ... ok
test test_upgrade_plan_new ... ok
test test_upgrade_status_debug ... ok
test test_upgrade_status_all_variants ... ok
test test_upgrade_status_serde_lowercase ... ok
test test_version_info_chain_valid_upgrades ... ok
test test_list_history_empty ... ok
test test_version_info_parse_invalid_format ... ok
test test_show_status_no_history ... ok
test test_version_info_parse_invalid_minor ... ok
test test_version_info_display ... ok
test test_version_info_display_v_prefix ... ok
test test_version_info_parse_valid ... ok
test test_version_info_edge_zero ... ok
test test_version_info_parse_invalid_major ... ok
test test_version_info_parse_with_v_prefix ... ok
test test_version_info_parse_too_many_parts ... ok
test test_version_info_serde ... ok
test test_list_history_with_upgrades ... ok
test test_show_status_with_manifest ... ok

test result: ok. 32 passed; 0 failed; 0 ignored; 0 measured; 0 filtered out; finished in 0.00s

     Running tests/traits_tests.rs (target/llvm-cov-target/debug/deps/traits_tests-bad8b7b339f41379)

running 18 tests
test test_mock_io_exists_default_true ... ok
test test_mock_io_happy_default ... ok
test test_mock_io_happy_exists ... ok
test test_mock_io_create_dir_error ... ok
test test_mock_io_read_error ... ok
test test_mock_io_remove_dir_err_via_lock ... ok
test test_mock_io_remove_dir_error ... ok
test test_mock_io_remove_file_error ... ok
test test_mock_io_with_missing ... ok
test test_mock_io_write_error ... ok
test test_real_io_exists_false ... ok
test test_real_io_exists ... ok
test test_real_io_read_missing ... ok
test test_real_io_create_dir_all ... ok
test test_real_io_read_write ... ok
test test_real_io_remove_file ... ok
test test_real_io_remove_dir_all ... ok
test test_real_io_write_overwrite ... ok

test result: ok. 18 passed; 0 failed; 0 ignored; 0 measured; 0 filtered out; finished in 0.00s

     Running tests/unit_tests.rs (target/llvm-cov-target/debug/deps/unit_tests-86101ea6772fb3c8)

running 31 tests
test test_backup_type_variants ... ok
test test_backup_status_variants ... ok
test test_backup_metadata_new ... ok
test test_export_options_default ... ok
test test_foreign_key_ref_fields ... ok
test test_backup_metadata_fields ... ok
test test_create_upgrade_plan ... ok
test test_chrono_lite_now_format ... ok
test test_column_def_fields ... ok
test test_column_def_with_foreign_key ... ok
test test_import_mode_variants ... ok
test test_import_stats_fields ... ok
test test_md5_simple_empty ... ok
test test_md5_simple_hello ... ok
test test_migration_step_fields ... ok
test test_restore_result_fields ... ok
test test_serde_json_simple ... ok
test test_sql_statement_control ... ok
test test_sql_statement_create_table ... ok
test test_sql_statement_drop_table ... ok
test test_sql_statement_insert ... ok
test test_sql_statement_unknown ... ok
test test_upgrade_manifest_fields ... ok
test test_upgrade_plan_fields ... ok
test test_upgrade_status_variants ... ok
test test_version_info_can_upgrade ... ok
test test_version_info_comparison ... ok
test test_version_info_display ... ok
test test_version_info_parse_another ... ok
test test_version_info_parse_invalid ... ok
test test_version_info_parse_valid ... ok

test result: ok. 31 passed; 0 failed; 0 ignored; 0 measured; 0 filtered out; finished in 0.00s

     Running tests/upgrade_tests.rs (target/llvm-cov-target/debug/deps/upgrade_tests-aa2a78b61e1fcb2a)

running 25 tests
test test_can_upgrade_to_minor_bump ... ok
test test_can_upgrade_to_patch_bump_same_minor ... ok
test test_can_upgrade_to_rejects_downgrade ... ok
test test_create_upgrade_plan_has_schema_migration_step ... ok
test test_create_upgrade_plan_has_verify_step ... ok
test test_can_upgrade_to_rejects_major_bump ... ok
test test_create_upgrade_plan_minor ... ok
test test_create_upgrade_plan_all_steps_not_executed ... ok
test test_create_upgrade_plan_has_metadata_step ... ok
test test_create_upgrade_plan_multiple_patch_steps ... ok
test test_create_upgrade_plan_patch ... ok
test test_upgrade_plan_no_steps_executed ... ok
test test_create_upgrade_plan_step_ids_unique ... ok
test test_upgrade_plan_struct ... ok
test test_version_info_can_upgrade_false_different_major ... ok
test test_version_info_can_upgrade_false_older ... ok
test test_version_info_can_upgrade_same_major_minor ... ok
test test_version_info_can_upgrade_same_major_new_minor ... ok
test test_version_info_parse_basic ... ok
test test_version_info_parse_invalid_number ... ok
test test_version_info_parse_invalid_format ... ok
test test_version_info_parse_v_prefix_v3 ... ok
test test_version_info_parse_valid ... ok
test test_version_info_parse_leading_whitespace ... ok
test test_version_info_parse_with_v_prefix ... ok

test result: ok. 25 passed; 0 failed; 0 ignored; 0 measured; 0 filtered out; finished in 0.00s


    Finished report saved to docs/releases/v3.12.0/coverage-baseline/current_5904d0d4df_20260812_212126/sqlrustgo-tools.json
