info: cargo-llvm-cov currently setting cfg(coverage); you can opt-out it by passing --no-cfg-coverage
warning: /Users/liying/workspace/dev/yinglichina163/sqlrustgo/crates/tools/Cargo.toml: unused manifest key: bin.1.rand
warning: unused imports: `RowFilter`, `RowMutation`, `TableInfo`, `TriggerEvent`, `TriggerInfo`, and `TriggerTiming`
   --> crates/storage/src/append_only_storage.rs:482:27
    |
482 |         ColumnDefinition, RowFilter, RowMutation, StorageEngine, TableInfo, TriggerEvent,
    |                           ^^^^^^^^^  ^^^^^^^^^^^                 ^^^^^^^^^  ^^^^^^^^^^^^
483 |         TriggerInfo, TriggerTiming,
    |         ^^^^^^^^^^^  ^^^^^^^^^^^^^
    |
    = note: `#[warn(unused_imports)]` (part of `#[warn(unused)]`) on by default

warning: unused import: `super::*`
   --> crates/storage/src/binary_storage.rs:930:9
    |
930 |     use super::*;
    |         ^^^^^^^^

warning: unused import: `super::*`
    --> crates/storage/src/bplus_tree/index.rs:2045:9
     |
2045 |     use super::*;
     |         ^^^^^^^^

warning: unused imports: `compare_values`, `find_top_level_op`, `get_column_value`, and `is_zero_or_empty`
    --> crates/storage/src/engine.rs:1813:9
     |
1813 |         compare_values, evaluate_sql_expression, find_top_level_op, get_column_value,
     |         ^^^^^^^^^^^^^^                           ^^^^^^^^^^^^^^^^^  ^^^^^^^^^^^^^^^^
1814 |         is_zero_or_empty,
     |         ^^^^^^^^^^^^^^^^

warning: unused import: `Record`
   --> crates/storage/src/restore_filespace.rs:239:58
    |
239 |     use crate::engine::{ColumnDefinition, MemoryStorage, Record, StorageEngine, TableInfo};
    |                                                          ^^^^^^

warning: cannot test inner items
   --> crates/storage/src/vtu_guard.rs:384:9
    |
384 |         #[test]
    |         ^^^^^^^
    |
    = note: `#[warn(unnameable_test_items)]` on by default

warning: unused imports: `WALVerificationResult` and `WALVerifier`
    --> crates/storage/src/wal_legacy.rs:1892:56
     |
1892 |         use sqlrustgo_wal_verification::verification::{WALVerificationResult, WALVerifier};
     |                                                        ^^^^^^^^^^^^^^^^^^^^^  ^^^^^^^^^^^

warning: unused import: `std::fs::File`
    --> crates/storage/src/wal_legacy.rs:1893:13
     |
1893 |         use std::fs::File;
     |             ^^^^^^^^^^^^^

warning: unused variable: `dir`
   --> crates/storage/src/append_only_storage.rs:621:13
    |
621 |         let dir = temp_dir();
    |             ^^^ help: if this is intentional, prefix it with an underscore: `_dir`
    |
    = note: `#[warn(unused_variables)]` (part of `#[warn(unused)]`) on by default

warning: variable does not need to be mutable
    --> crates/storage/src/bplus_tree/index.rs:1645:13
     |
1645 |         let mut index = CompositeBTreeIndex::new(2);
     |             ----^^^^^
     |             |
     |             help: remove this `mut`
     |
     = note: `#[warn(unused_mut)]` (part of `#[warn(unused)]`) on by default

warning: unused variable: `index`
    --> crates/storage/src/bplus_tree/index.rs:1645:13
     |
1645 |         let mut index = CompositeBTreeIndex::new(2);
     |             ^^^^^^^^^ help: if this is intentional, prefix it with an underscore: `_index`

warning: variable does not need to be mutable
   --> crates/storage/src/buffer_pool.rs:396:13
    |
396 |         let mut buf = vec![0u8; 2048];
    |             ----^^^
    |             |
    |             help: remove this `mut`

warning: variable does not need to be mutable
   --> crates/storage/src/clustered_table.rs:229:13
    |
229 |         let mut ct = ClusteredTable::new(make_info(), 0);
    |             ----^^
    |             |
    |             help: remove this `mut`

warning: variable does not need to be mutable
    --> crates/storage/src/file_storage.rs:2134:13
     |
2134 |         let mut storage2 = FileStorage::new_with_wal(temp_dir.clone()).unwrap();
     |             ----^^^^^^^^
     |             |
     |             help: remove this `mut`

warning: variable does not need to be mutable
    --> crates/storage/src/file_storage.rs:2371:13
     |
2371 |         let mut storage = FileStorage::new_with_buffer_config(
     |             ----^^^^^^^
     |             |
     |             help: remove this `mut`

warning: unused variable: `storage`
    --> crates/storage/src/file_storage.rs:2371:13
     |
2371 |         let mut storage = FileStorage::new_with_buffer_config(
     |             ^^^^^^^^^^^ help: if this is intentional, prefix it with an underscore: `_storage`

warning: variable does not need to be mutable
    --> crates/storage/src/file_storage.rs:2502:13
     |
2502 |         let mut storage = make_storage("fs_eng_empty");
     |             ----^^^^^^^
     |             |
     |             help: remove this `mut`

warning: unused variable: `tx`
   --> crates/storage/src/parallel_wal_storage.rs:251:13
    |
251 |         let tx = s.begin_transaction().unwrap();
    |             ^^ help: if this is intentional, prefix it with an underscore: `_tx`

warning: variable does not need to be mutable
    --> crates/storage/src/wal_legacy.rs:1293:17
     |
1293 |             let mut manager = WalManager::new(wal_path.clone());
     |                 ----^^^^^^^
     |                 |
     |                 help: remove this `mut`

warning: variable does not need to be mutable
    --> crates/storage/src/wal_legacy.rs:1351:13
     |
1351 |         let mut manager = WalManager::new(wal_path);
     |             ----^^^^^^^
     |             |
     |             help: remove this `mut`

warning: variable does not need to be mutable
    --> crates/storage/src/wal_legacy.rs:1385:13
     |
1385 |         let mut manager = WalManager::new(wal_path);
     |             ----^^^^^^^
     |             |
     |             help: remove this `mut`

warning: variable does not need to be mutable
    --> crates/storage/src/wal_legacy.rs:1421:17
     |
1421 |             let mut manager = WalManager::new(wal_path.clone());
     |                 ----^^^^^^^
     |                 |
     |                 help: remove this `mut`

warning: variable does not need to be mutable
    --> crates/storage/src/wal_legacy.rs:1462:13
     |
1462 |         let mut manager = WalManager::new(wal_path);
     |             ----^^^^^^^
     |             |
     |             help: remove this `mut`

warning: function `test_vtu_guard_tx_state_via_set_current_tx_id` is never used
   --> crates/storage/src/vtu_guard.rs:385:12
    |
385 |         fn test_vtu_guard_tx_state_via_set_current_tx_id() {
    |            ^^^^^^^^^^^^^^^^^^^^^^^^^^^^^^^^^^^^^^^^^^^^^
    |
    = note: `#[warn(dead_code)]` (part of `#[warn(unused)]`) on by default

warning: comparison is useless due to type limits
    --> crates/storage/src/bplus_tree/index.rs:1328:39
     |
1328 |         assert!(results.is_empty() || results.len() >= 0);
     |                                       ^^^^^^^^^^^^^^^^^^
     |
     = note: `#[warn(unused_comparisons)]` on by default

warning: comparison is useless due to type limits
    --> crates/storage/src/bplus_tree/index.rs:1517:17
     |
1517 |         assert!(results.len() >= 0);
     |                 ^^^^^^^^^^^^^^^^^^

warning: comparison is useless due to type limits
    --> crates/storage/src/bplus_tree/index.rs:1918:17
     |
1918 |         assert!(results.len() >= 0);
     |                 ^^^^^^^^^^^^^^^^^^

warning: comparison is useless due to type limits
   --> crates/storage/src/page.rs:651:17
    |
651 |         assert!(page.free_space() >= 0);
    |                 ^^^^^^^^^^^^^^^^^^^^^^

warning: `sqlrustgo-storage` (lib test) generated 28 warnings (run `cargo fix --lib -p sqlrustgo-storage --tests` to apply 22 suggestions)
    Finished `test` profile [unoptimized + debuginfo] target(s) in 0.47s
     Running unittests src/lib.rs (target/llvm-cov-target/debug/deps/sqlrustgo_storage-c7da6078b25e55d2)

running 683 tests
test adaptive_hash_index::tests::test_new_has_zero_size ... ok
test adaptive_hash_index::tests::test_record_access_below_threshold_does_not_promote ... ok
test adaptive_hash_index::tests::test_lookup_miss_returns_none ... ok
test adaptive_hash_index::tests::test_custom_threshold ... ok
test adaptive_hash_index::tests::test_record_access_updates_promoted_count ... ok
test adaptive_hash_index::tests::test_invalidate_page_removes_entries ... ok
test adaptive_hash_index::tests::test_invalidate_table_removes_only_that_table ... ok
test adaptive_hash_index::tests::test_record_access_at_threshold_promotes ... ok
test adaptive_hash_index::tests::test_hit_rate_calculation ... ok
test adaptive_hash_index::tests::test_into_shared ... ok
test append_only_storage::tests::insert_missing_table_errors ... ok
test backup::tests::test_backup_format_case_insensitive ... ok
test append_only_storage::tests::stub_methods_return_ok_or_empty ... ok
test append_only_storage::tests::load_table_nonexistent_is_noop ... ok
test append_only_storage::tests::new_creates_dir_and_load_all_empty ... ok
test backup::tests::test_backup_format_from_str ... ok
test backup::tests::test_backup_format_invalid ... ok
test backup::tests::test_csv_escape ... ok
test append_only_storage::tests::transaction_lifecycle ... ok
test backup::tests::test_csv_escape_blob ... ok
test backup::tests::test_csv_escape_boolean ... ok
test append_only_storage::tests::flush_clears_dirty ... ok
test backup::tests::test_export_json ... ok
test backup::tests::test_export_sql_with_text_escaping ... ok
test append_only_storage::tests::has_list_get_drop_table ... ok
test backup::tests::test_json_value_integer ... ok
test backup::tests::test_json_value_string ... ok
test backup::tests::test_data_restorer_restore_csv ... ok
test backup::tests::test_export_csv ... ok
test backup::tests::test_parse_csv_value_integer ... ok
test backup::tests::test_export_csv_with_quotes ... ok
test backup::tests::test_sql_value ... ok
test append_only_storage::tests::delete_with_tombstones ... ok
test backup::tests::test_parse_csv_value ... ok
test append_only_storage::tests::create_insert_scan_roundtrip ... ok
test append_only_storage::tests::compact_table_drops_tombstones ... ok
test backup::tests::test_sql_value_blob ... ok
test backup::tests::test_sql_value_boolean ... ok
test binary_format::tests::test_binary_format_error_display ... ok
test binary_format::tests::test_helpers_write_read_string ... ok
test binary_format::tests::test_helpers_write_read_u64 ... ok
test binary_format::tests::test_value_roundtrip_blob ... ok
test backup::tests::test_export_sql ... ok
test binary_format::tests::test_value_roundtrip_boolean ... ok
test binary_format::tests::test_value_roundtrip_float ... ok
test backup::tests::test_export_with_empty_table ... ok
test binary_format::tests::test_value_roundtrip_integer ... ok
test binary_format::tests::test_value_roundtrip_null ... ok
test binary_format::tests::test_value_roundtrip_point ... ok
test backup::tests::test_restore_json_invalid ... ok
test binary_format::tests::test_value_roundtrip_text ... ok
test binary_format::tests::test_value_to_bytes_boolean ... ok
test binary_format::tests::test_value_to_bytes_float ... ok
test backup::tests::test_restore_sql ... ok
test binary_format::tests::test_value_to_bytes_integer ... ok
test binary_format::tests::test_value_to_bytes_null ... ok
test binary_format::tests::test_value_to_bytes_text ... ok
test binary_storage::tests::test_bin_box_storage_engine_has_view ... ok
test binary_storage::tests::test_bin_box_storage_engine_is_wal_enabled ... ok
test binary_storage::tests::test_bin_box_storage_engine_list_indexes ... ok
test binary_storage::tests::test_bin_box_storage_engine_list_triggers ... ok
test binary_storage::tests::test_bin_box_storage_engine_new ... ok
test binary_storage::tests::test_bin_box_storage_engine_delegate ... ok
test binary_storage::tests::test_bin_create_database_noop ... ok
test binary_storage::tests::test_bin_create_trigger_noop ... ok
test binary_storage::tests::test_bin_create_index_noop ... ok
test binary_storage::tests::test_bin_delete_if_nonexistent ... ok
test binary_storage::tests::test_bin_create_drop_table ... ok
test binary_storage::tests::test_bin_drop_database_noop ... ok
test binary_storage::tests::test_bin_delete_nonexistent ... ok
test binary_storage::tests::test_bin_add_column ... ok
test binary_storage::tests::test_bin_delete_all ... ok
test binary_storage::tests::test_bin_drop_index_noop ... ok
test binary_storage::tests::test_bin_delete ... ok
test binary_storage::tests::test_bin_box_storage_engine_delete_if ... ok
test binary_storage::tests::test_bin_box_storage_engine_update_if ... ok
test binary_storage::tests::test_bin_drop_trigger_noop ... ok
test binary_storage::tests::test_bin_flush ... ok
test binary_storage::tests::test_bin_get_trigger_none ... ok
test binary_storage::tests::test_bin_get_table_info_not_found ... ok
test binary_storage::tests::test_bin_force_insert ... ok
test binary_storage::tests::test_bin_persist_table ... ok
test binary_storage::tests::test_bin_null_value ... ok
test binary_storage::tests::test_bin_update_if_nonexistent ... ok
test binary_storage::tests::test_bin_scan_nonexistent ... ok
test binary_storage::tests::test_bin_insert ... ok
test binary_storage::tests::test_bin_update_nonexistent ... ok
test binary_storage::tests::test_bin_rename_table ... ok
test binary_storage::tests::test_bin_list_tables ... ok
test binary_storage::tests::test_bin_scan ... ok
test binary_storage::tests::test_binary_storage_exists ... ok
test bplus_tree::index::composite_index_tests::test_composite_btree_insert_and_search ... ok
test bplus_tree::index::composite_index_tests::test_composite_key_creation ... ok
test bplus_tree::index::composite_index_tests::test_composite_key_equality ... ok
test bplus_tree::index::composite_index_tests::test_composite_key_from_slice ... ok
test bplus_tree::index::composite_index_tests::test_index_stats_selectivity ... ok
test bplus_tree::index::covering_index_tests::test_covering_index_check ... ok
test bplus_tree::index::covering_index_tests::test_index_only_scan_decision ... ok
test binary_storage::tests::test_bin_update ... ok
test bplus_tree::index::covering_index_tests::test_non_covering_index_check ... ok
test binary_storage::tests::test_binary_storage_new ... ok
test bplus_tree::index::index_selection_tests::test_best_index_selection ... ok
test bplus_tree::index::index_selection_tests::test_selectivity_calculation ... ok
test bplus_tree::index::tests::test_btree_index_collect_stats_empty ... ok
test bplus_tree::index::tests::test_btree_index_delete ... ok
test bplus_tree::index::tests::test_btree_index_collect_stats ... ok
test bplus_tree::index::tests::test_btree_index_delete_multiple ... ok
test binary_storage::tests::test_binary_storage_load_text ... ok
test bplus_tree::index::tests::test_btree_index_height ... ok
test bplus_tree::index::tests::test_btree_index_insert ... ok
test binary_storage::tests::test_binary_save_load ... ok
test binary_storage::tests::test_binary_storage_load_float ... ok
test bplus_tree::index::tests::test_btree_index_is_empty ... ok
test bplus_tree::index::tests::test_btree_index_keys ... ok
test bplus_tree::index::tests::test_btree_index_keys_sorted ... ok
test bplus_tree::index::tests::test_btree_index_insert_multiple ... ok
test bplus_tree::index::tests::test_btree_index_len ... ok
test bplus_tree::index::tests::test_btree_index_new ... ok
test bplus_tree::index::tests::test_btree_index_range_query ... ok
test bplus_tree::index::tests::test_btree_index_search_after_insert ... ok
test bplus_tree::index::tests::test_btree_index_search_empty ... ok
test bplus_tree::index::tests::test_btree_index_usage_stats ... ok
test bplus_tree::index::tests::test_btree_metadata_default ... ok
test bplus_tree::index::tests::test_btree_node_insert_key_value ... ok
test bplus_tree::index::tests::test_btree_node_insert_key_value_split ... ok
test bplus_tree::index::tests::test_btree_node_remove_key ... ok
test bplus_tree::index::tests::test_btree_node_remove_key_not_found ... ok
test binary_storage::tests::test_binary_storage_multiple_rows ... ok
test bplus_tree::index::tests::test_btree_range_query_empty ... ok
test bplus_tree::index::tests::test_btree_range_query_partial ... ok
test bplus_tree::index::tests::test_btree_search_not_found ... ok
test bplus_tree::index::tests::test_composite_btree_index_insert ... ok
test bplus_tree::index::tests::test_composite_btree_index_insert_unique ... ok
test bplus_tree::index::tests::test_composite_btree_index_num_columns ... ok
test bplus_tree::index::tests::test_composite_btree_index_range_query ... ok
test bplus_tree::index::tests::test_composite_btree_index_search ... ok
test bplus_tree::index::tests::test_composite_key_creation ... ok
test bplus_tree::index::tests::test_composite_key_from_slice ... ok
test bplus_tree::index::tests::test_deserialize_invalid_data ... ok
test bplus_tree::index::tests::test_fts_index_contains ... ok
test bplus_tree::index::tests::test_fts_index_is_empty ... ok
test bplus_tree::index::tests::test_fts_complex_query ... ok
test bplus_tree::index::tests::test_fts_delete_lazy ... ok
test bplus_tree::index::tests::test_fts_index_new ... ok
test binary_storage::tests::test_binary_storage_multiple_tables ... ok
test bplus_tree::index::tests::test_fts_insert ... ok
test bplus_tree::index::tests::test_fts_intersect ... ok
test bplus_tree::index::tests::test_fts_intersect_no_overlap ... ok
test bplus_tree::index::tests::test_fts_posting_list_sorted ... ok
test bplus_tree::index::tests::test_fts_search_and ... ok
test bplus_tree::index::tests::test_fts_search_case_insensitive ... ok
test bplus_tree::index::tests::test_fts_search_no_match ... ok
test bplus_tree::index::tests::test_fts_search_single_term ... ok
test bplus_tree::index::tests::test_fts_term_frequency ... ok
test bplus_tree::index::tests::test_fts_terms ... ok
test bplus_tree::index::tests::test_fts_tokenize ... ok
test bplus_tree::index::tests::test_fts_tokenize_chinese ... ok
test bplus_tree::index::tests::test_fts_tokenize_punctuation ... ok
test bplus_tree::index::tests::test_fts_tokenize_short_words ... ok
test bplus_tree::index::tests::test_index_stats_default ... ok
test bplus_tree::index::tests::test_index_stats_selectivity ... ok
test bplus_tree::index::tests::test_index_stats_selectivity_clamped ... ok
test bplus_tree::index::tests::test_index_stats_selectivity_empty ... ok
test bplus_tree::index::tests::test_internal_node_serialization ... ok
test bplus_tree::index::tests::test_node_can_split ... ok
test bplus_tree::index::tests::test_node_find_child_index ... ok
test bplus_tree::index::tests::test_node_find_key_index ... ok
test bplus_tree::index::tests::test_node_is_full ... ok
test bplus_tree::index::tests::test_node_serialization ... ok
test bplus_tree::index::tests::test_posting_list_contains ... ok
test bplus_tree::index::tests::test_serialize_deserialize_empty_node ... ok
test bplus_tree::tests::test_bplus_tree_insert_and_search ... ok
test bplus_tree::tests::test_bplus_tree_range_query ... ok
test bplus_tree::tests::test_simple_bplus_tree_is_empty ... ok
test bplus_tree::tests::test_simple_bplus_tree_keys ... ok
test bplus_tree::tests::test_simple_bplus_tree_search_all ... ok
test buffer_pool::tests::test_buffer_pool_basic ... ok
test buffer_pool::tests::test_buffer_pool_get_page ... ok
test buffer_pool::tests::test_buffer_pool_hit_rate ... ok
test buffer_pool::tests::test_buffer_pool_lru_eviction ... ok
test buffer_pool::tests::test_buffer_pool_prefetch ... ok
test buffer_pool::tests::test_buffer_pool_remove ... ok
test buffer_pool::tests::test_buffer_pool_stats ... ok
test buffer_pool::tests::test_memory_pool ... ok
test buffer_pool::tests::test_memory_pool_wrong_size ... ok
test change_buffer::tests::test_batch_flush_at_threshold ... ok
test change_buffer::tests::test_change_buffer_capacity_limit ... ok
test change_buffer::tests::test_defer_secondary_index_update ... ok
test change_buffer::tests::test_eviction_on_flush ... ok
test change_buffer::tests::test_merge_on_page_read ... ok
test checkpoint::tests::test_checkpoint_manager_default ... ok
test checkpoint::tests::test_checkpoint_metadata_serialization ... ok
test checkpoint::tests::test_truncation_gate_blocks_before_checkpoint ... ok
test clustered_table::tests::test_clustered_table_full_scan ... ok
test checkpoint::tests::test_checkpoint_record ... ok
test clustered_table::tests::test_clustered_table_len_and_is_empty ... ok
test checkpoint::tests::test_checkpoint_needs ... ok
test clustered_table::tests::test_clustered_table_range_scan ... ok
test clustered_table::tests::test_clustered_table_update_not_found ... ok
test clustered_table::tests::test_delete ... ok
test clustered_table::tests::test_insert_and_lookup_pk ... ok
test clustered_table::tests::test_pk_uniqueness_violation ... ok
test clustered_table::tests::test_range_scan_returns_sorted ... ok
test clustered_table::tests::test_update_preserves_order ... ok
test double_write_buffer::tests::test_crash_recovery_reconstructs_pages ... ok
test double_write_buffer::tests::test_dwb_size_limit ... ok
test double_write_buffer::tests::test_fsync_atomic_flush ... ok
test double_write_buffer::tests::test_stage_and_buffered_count ... ok
test checkpoint::tests::test_truncation_gate_allows_after_checkpoint ... ok
test checkpoint::tests::test_last_checkpoint_lsn ... ok
test double_write_buffer::tests::test_sequential_write_pattern ... ok
test checkpoint::tests::test_checkpoint_save_load ... ok
test double_write_buffer::tests::test_write_page_to_final_location ... ok
test engine::tests::test_add_column_to_existing_table ... ok
test engine::tests::test_calculate_hash_empty ... ok
test engine::tests::test_add_column_to_nonexistent_table_errs ... ok
test engine::tests::test_calculate_hash_simple ... ok
test engine::tests::test_check_constraint_struct ... ok
test engine::tests::test_column_definition_new ... ok
test engine::tests::test_create_drop_database_memory ... ok
test checkpoint::tests::test_safe_truncate_lsn ... ok
test engine::tests::test_create_drop_trigger_memory ... ok
test engine::tests::test_create_table_with_table_info ... ok
test checkpoint::tests::test_list_checkpoints_empty ... ok
test engine::tests::test_drop_table_clears_infos ... ok
test engine::tests::test_drop_trigger_not_found_errs ... ok
test engine::tests::test_evaluate_check_constraint_and ... ok
test engine::tests::test_evaluate_check_constraint_column_missing ... ok
test engine::tests::test_evaluate_check_constraint_eq ... ok
test engine::tests::test_evaluate_check_constraint_is_null ... ok
test engine::tests::test_evaluate_check_constraint_not ... ok
test engine::tests::test_evaluate_check_constraint_or ... ok
test engine::tests::test_evaluate_sql_expression_boolean_and_logical_ops ... ok
test engine::tests::test_evaluate_sql_expression_integer_comparison ... ok
test engine::tests::test_evaluate_sql_expression_null_handling ... ok
test engine::tests::test_evaluate_sql_expression_text_comparison ... ok
test checkpoint::tests::test_checkpoint_cleanup ... ok
test engine::tests::test_foreign_key_struct ... ok
test engine::tests::test_get_table_info_not_found_err ... ok
test engine::tests::test_get_table_info_returns_clone ... ok
test engine::tests::test_has_view_default_false ... ok
test engine::tests::test_insert_dedup_logic ... ok
test engine::tests::test_list_tables_returns_names ... ok
test engine::tests::test_list_triggers_filters_by_table ... ok
test engine::tests::test_memory_storage_create_and_drop ... ok
test engine::tests::test_memory_storage_has_table ... ok
test engine::tests::test_memory_storage_insert_and_scan ... ok
test engine::tests::test_memory_storage_insert_scan_preserves_real_type ... ok
test engine::tests::test_memory_storage_is_wal_enabled ... ok
test engine::tests::test_memory_storage_new ... ok
test engine::tests::test_memory_storage_scan_empty ... ok
test engine::tests::test_nested_transaction_returns_error ... ok
test engine::tests::test_partition_hash_integer ... ok
test engine::tests::test_partition_hash_invalid ... ok
test engine::tests::test_partition_hash_text ... ok
test engine::tests::test_partition_info_new_hash ... ok
test engine::tests::test_partition_info_new_list ... ok
test engine::tests::test_partition_list_match ... ok
test engine::tests::test_partition_range_index ... ok
test engine::tests::test_partition_range_invalid_value ... ok
test engine::tests::test_partition_rows_missing_table ... ok
test engine::tests::test_partition_type_eq ... ok
test engine::tests::test_rename_table_not_found_errs ... ok
test engine::tests::test_rollback_removes_inserted_rows ... ok
test engine::tests::test_rename_table_success ... ok
test engine::tests::test_rollback_restores_deleted_rows ... ok
test engine::tests::test_row_mutation_accessors ... ok
test engine::tests::test_storage_engine_begin_rollback ... ok
test engine::tests::test_storage_engine_create_and_drop_table ... ok
test engine::tests::test_storage_engine_default_impl_trait_methods ... ok
test engine::tests::test_storage_engine_delete_all ... ok
test engine::tests::test_storage_engine_flush ... ok
test engine::tests::test_storage_engine_force_insert ... ok
test engine::tests::test_storage_engine_get_table_info ... ok
test engine::tests::test_storage_engine_get_trigger_none ... ok
test engine::tests::test_storage_engine_has_table_check ... ok
test engine::tests::test_storage_engine_has_view_false ... ok
test engine::tests::test_storage_engine_insert_records ... ok
test engine::tests::test_storage_engine_list_indexes_empty ... ok
test engine::tests::test_storage_engine_list_triggers_empty ... ok
test engine::tests::test_storage_engine_modify_column_unsupported ... ok
test engine::tests::test_storage_engine_send_sync ... ok
test engine::tests::test_storage_engine_set_current_tx_id ... ok
test engine::tests::test_storage_engine_table_not_found ... ok
test engine::tests::test_storage_engine_table_operations ... ok
test engine::tests::test_storage_engine_trait_exists ... ok
test engine::tests::test_storage_engine_transaction ... ok
test engine::tests::test_storage_engine_update_values ... ok
test engine::tests::test_storage_update_if_signature ... ok
test engine::tests::test_table_data_default ... ok
test engine::tests::test_trigger_info_struct ... ok
test engine::tests::test_unique_constraint_struct ... ok
test engine::tests::test_update_if_nonexistent_table ... ok
test engine::tests::test_update_if_with_log ... ok
test engine::tests::test_update_nonexistent_table ... ok
test engine::tests::test_update_with_log_no_filter ... ok
test engine::tests::test_update_with_log_with_filter ... ok
test file_storage::parallel_scan_tests::test_parallel_scan_empty_table ... ok
test file_storage::tests::test_add_column_storage ... ok
test file_storage::tests::test_buffered_insert_flush ... ok
test file_storage::parallel_scan_tests::test_parallel_scan_single_partition ... ok
test file_storage::tests::test_buffered_insert_in_tx ... ok
test file_storage::parallel_scan_tests::test_parallel_scan_file_storage ... ok
test file_storage::tests::test_create_database ... ok
test file_storage::tests::test_contains_table ... ok
test file_storage::tests::test_clear_all_tables ... ok
test file_storage::tests::test_create_database_storage ... ok
test file_storage::tests::test_create_index_storage ... ok
test file_storage::tests::test_create_index_table_not_found ... ok
test file_storage::tests::test_create_table_storage ... ok
test file_storage::tests::test_delete_if_nonexistent ... ok
test file_storage::tests::test_delete_if ... ok
test file_storage::tests::test_drop_column_not_found ... ok
test file_storage::tests::test_drop_column_table_not_found ... ok
test file_storage::tests::test_drop_database_nonexistent ... ok
test file_storage::tests::test_drop_column_storage ... ok
test file_storage::tests::test_drop_database_nonempty ... ok
test file_storage::tests::test_file_storage ... ok
test file_storage::tests::test_drop_index_storage ... ok
test file_storage::tests::test_drop_trigger_disk_removal ... ok
test file_storage::tests::test_file_storage_contains_and_drop ... ok
test file_storage::tests::test_file_storage_add_column ... ok
test file_storage::tests::test_file_storage_drop_index_no_table ... ok
test file_storage::tests::test_file_storage_empty_tables ... ok
test file_storage::tests::test_file_storage_get_index ... ok
test file_storage::tests::test_file_storage_index ... ok
test file_storage::tests::test_file_storage_has_index_no_table ... ok
test file_storage::tests::test_file_storage_get_mut ... ok
test file_storage::tests::test_file_storage_index_no_matching_rows ... ok
test file_storage::tests::test_file_storage_insert_with_index_no_index ... ok
test file_storage::tests::test_file_storage_index_search ... ok
test file_storage::tests::test_file_storage_persist ... ok
test file_storage::tests::test_file_storage_persist_nonexistent ... ok
test file_storage::tests::test_file_storage_rename_nonexistent ... ok
test file_storage::tests::test_file_storage_range_index_no_table ... ok
test file_storage::tests::test_file_storage_range_index_no_results ... ok
test file_storage::tests::test_file_storage_trigger_operations ... ok
test file_storage::tests::test_file_storage_view_operations ... ok
test file_storage::tests::test_file_storage_rename_table ... ok
test file_storage::tests::test_file_with_buffer_disabled_flow ... ok
test file_storage::tests::test_flush_all_buffers_with_buffered_table ... ok
test file_storage::tests::test_flush_all_buffers_extra ... ok
test file_storage::tests::test_flush_all_buffers ... ok
test file_storage::tests::test_flush_buffer_with_buffered_rows ... ok
test file_storage::tests::test_force_insert ... ok
test file_storage::tests::test_get_table_info_not_found ... ok
test file_storage::tests::test_get_table_mut ... ok
test file_storage::tests::test_get_trigger_none ... ok
test file_storage::tests::test_get_table_mut_nonexistent ... ok
test file_storage::tests::test_has_index_no_table ... ok
test file_storage::tests::test_has_table_storage ... ok
test file_storage::tests::test_in_transaction ... ok
test file_storage::tests::test_has_view_storage ... ok
test file_storage::tests::test_insert_buffer_threshold ... ok
test file_storage::tests::test_insert_direct_table_not_in_map ... ok
test file_storage::tests::test_insert_buffered_threshold_flushing ... ok
test file_storage::tests::test_insert_buffering ... ok
test file_storage::tests::test_list_indexes_empty ... ok
test file_storage::tests::test_insert_table ... ok
test file_storage::tests::test_list_tables_storage ... ok
test file_storage::tests::test_list_indexes_storage ... ok
test file_storage::tests::test_modify_column_not_found ... ok
test file_storage::tests::test_load_table_invalid_json ... ok
test file_storage::tests::test_list_triggers_by_table ... ok
test file_storage::tests::test_modify_column_table_not_found ... ok
test file_storage::tests::test_modify_column_storage ... ok
test file_storage::tests::test_new_with_buffer_config ... ok
test file_storage::tests::test_new_with_wal ... ok
test file_storage::tests::test_partition_rows_missing_table ... ok
test file_storage::tests::test_partition_rows_below_threshold ... ok
test engine::tests::test_partition_rows_below_threshold_returns_single_chunk ... ok
test engine::tests::test_partition_rows_uneven_remainder ... ok
test file_storage::tests::test_rename_table_nonexistent ... ok
test file_storage::tests::test_rename_table_storage ... ok
test file_storage::tests::test_save_trigger_load_trigger_duplicate ... ok
test file_storage::tests::test_scan_merges_buffer ... ok
test file_storage::tests::test_set_current_tx_id ... ok
test file_storage::tests::test_storage_engine_drop_index_nonexistent_table ... ok
test file_storage::tests::test_storage_engine_get_table_info_not_found ... ok
test file_storage::tests::test_storage_engine_table_operations_empty ... ok
test file_storage::tests::test_storage_save_reload_roundtrip ... ok
test file_storage::tests::test_table_names ... ok
test file_storage::tests::test_table_names_empty ... ok
test file_storage::tests::test_trigger_operations_storage ... ok
test file_storage::tests::test_trigger_roundtrip_disk ... ok
test file_storage::tests::test_update_if_existing ... ok
test file_storage::tests::test_update_if_nonexistent ... ok
test file_storage::tests::test_update_nonexistent ... ok
test file_table::tests::accessors_and_dirty_tracking ... ok
test file_table::tests::delete_then_flush_then_load_recovers_empty ... ok
test file_table::tests::delete_update_are_stubs ... ok
test file_table::tests::deserialize_unknown_type_byte_treats_as_null ... ok
test engine::tests::test_partition_rows_above_threshold_splits_evenly ... ok
test file_table::tests::flush_skips_when_clean ... ok
test file_table::tests::insert_after_flush_resets_dirty_flag ... ok
test file_table::tests::insert_scan_flush_roundtrip ... ok
test file_table::tests::load_without_data_file_is_noop ... ok
test file_table::tests::load_recovers_records_after_flush ... ok
test integrated_storage::tests::test_f25_capacity_threshold ... ok
test file_table::tests::serialize_deserialize_roundtrip_all_value_types ... ok
test integrated_storage::tests::test_f25_deferred_updates ... ok
test integrated_storage::tests::test_f25_f26_integration_create_and_save ... ok
test integrated_storage::tests::test_f25_load_merges_deferred ... ok
test engine::tests::test_partition_rows_above_threshold_2_partitions ... ok
test integrated_storage::tests::test_f26_crash_recovery ... ok
test integrated_storage::tests::test_f26_multiple_write_cycles ... ok
test io_delay::tests::test_config_default ... ok
test io_delay::tests::test_config_from_env_all_set ... ok
test io_delay::tests::test_config_from_env_clamp ... ok
test io_delay::tests::test_config_from_env_missing ... ok
test io_delay::tests::test_corruption_rate_one ... ok
test io_delay::tests::test_corruption_rate_zero ... ok
test io_delay::tests::test_corruption_single_bit_flip ... ok
test io_delay::tests::test_dropout_rate_one ... ok
test io_delay::tests::test_dropout_rate_zero ... ok
test io_delay::tests::test_dropout_write ... ok
test io_delay::tests::test_from_env_creates_injector ... ok
test io_delay::tests::test_io_delay_not_set ... ok
test io_delay::tests::test_io_delay_parsing ... ok
test io_delay::tests::test_io_delay_zero ... ok
test io_delay::tests::test_lcg_deterministic ... ok
test io_delay::tests::test_lcg_next_usize ... ok
test io_delay::tests::test_lcg_range ... ok
test io_delay::tests::test_maybe_delay_noop_when_not_set ... ok
test io_delay::tests::test_no_delay_when_zero ... ok
test io_delay::tests::test_no_fault_noop ... ok
test io_delay::tests::test_with_seed_determinism ... ok
test lock::gap_lock_manager::tests::test_block_count ... ok
test lock::gap_lock_manager::tests::test_can_insert ... ok
test lock::gap_lock_manager::tests::test_different_tables ... ok
test lock::gap_lock_manager::tests::test_gap_lock_basic ... ok
test lock::gap_lock_manager::tests::test_insert_intention_locks ... ok
test page::tests::test_bytes_to_value ... ok
test page::tests::test_bytes_to_value_integer ... ok
test page::tests::test_page_creation ... ok
test page::tests::test_page_data_access ... ok
test page::tests::test_page_free_space ... ok
test page::tests::test_page_multiple_rows ... ok
test page::tests::test_page_page_id ... ok
test page::tests::test_page_to_from_bytes ... ok
test page::tests::test_page_type ... ok
test page::tests::test_page_write_read_row ... ok
test page::tests::test_value_to_bytes ... ok
test page::tests::test_value_to_bytes_blob ... ok
test parallel_wal_storage::tests::create_drop_table_passthrough ... ok
test parallel_wal_storage::tests::new_and_sync_mode_default ... ok
test parallel_wal_storage::tests::passthrough_methods_and_insert_scan ... ok
test parallel_wal_storage::tests::set_sync_mode_changes_mode ... ok
test parallel_wal_storage::tests::transaction_lifecycle_via_wal ... ok
test predicate::tests::test_expr_column ... ok
test predicate::tests::test_expr_parameter ... ok
test predicate::tests::test_expr_value ... ok
test predicate::tests::test_index_op_eq ... ok
test predicate::tests::test_index_op_range ... ok
test predicate::tests::test_predicate_and ... ok
test predicate::tests::test_predicate_debug ... ok
test predicate::tests::test_predicate_eq ... ok
test predicate::tests::test_predicate_gt ... ok
test predicate::tests::test_predicate_gte ... ok
test predicate::tests::test_predicate_in ... ok
test predicate::tests::test_predicate_is_not_null ... ok
test predicate::tests::test_predicate_is_null ... ok
test predicate::tests::test_predicate_lt ... ok
test predicate::tests::test_predicate_lte ... ok
test predicate::tests::test_predicate_not ... ok
test predicate::tests::test_predicate_or ... ok
test read_write_split::tests::test_add_replica ... ok
test read_write_split::tests::test_classify_sql_create ... ok
test read_write_split::tests::test_classify_sql_delete ... ok
test read_write_split::tests::test_classify_sql_drop ... ok
test read_write_split::tests::test_classify_sql_insert ... ok
test read_write_split::tests::test_classify_sql_select ... ok
test read_write_split::tests::test_classify_sql_transaction ... ok
test read_write_split::tests::test_classify_sql_update ... ok
test read_write_split::tests::test_connection_pool_get_master_empty ... ok
test read_write_split::tests::test_connection_pool_get_replica_empty ... ok
test read_write_split::tests::test_connection_pool_return_smoke ... ok
test read_write_split::tests::test_connection_struct ... ok
test read_write_split::tests::test_consistency_mode_variants ... ok
test read_write_split::tests::test_get_healthy_replica_count_all ... ok
test read_write_split::tests::test_get_master_addr ... ok
test read_write_split::tests::test_get_replica_addrs ... ok
test read_write_split::tests::test_increment_decrement_connection_count ... ok
test read_write_split::tests::test_least_connections_selects_min ... ok
test read_write_split::tests::test_least_connections_tracks_counts ... ok
test read_write_split::tests::test_load_balance_strategy_variants ... ok
test read_write_split::tests::test_query_type_classification ... ok
test read_write_split::tests::test_read_after_write_consistency ... ok
test read_write_split::tests::test_read_after_write_record_replica ... ok
test read_write_split::tests::test_read_write_router_add_replica ... ok
test read_write_split::tests::test_read_write_router_remove_replica ... ok
test read_write_split::tests::test_read_write_split_config_default ... ok
test read_write_split::tests::test_remove_replica ... ok
test read_write_split::tests::test_replica_node_creation ... ok
test read_write_split::tests::test_replica_node_with_lag ... ok
test read_write_split::tests::test_replica_with_lag ... ok
test read_write_split::tests::test_route_result_fields ... ok
test read_write_split::tests::test_route_sql_select ... ok
test read_write_split::tests::test_route_sql_write ... ok
test read_write_split::tests::test_router_multiple_reads_distributed ... ok
test read_write_split::tests::test_router_read_route ... ok
test read_write_split::tests::test_router_write_route ... ok
test read_write_split::tests::test_set_replica_health ... ok
test read_write_split::tests::test_update_replica_lag ... ok
test recovery_engine::tests::test_bytes_to_filters_matches_record ... ok
test recovery_engine::tests::test_bytes_to_record_blob_no_null_terminator ... ok
test recovery_engine::tests::test_bytes_to_record_empty ... ok
test engine::tests::test_partition_rows_num_partitions_one_large ... ok
test recovery_engine::tests::test_bytes_to_record_roundtrip ... ok
test recovery_engine::tests::test_bytes_to_record_text_no_null_terminator ... ok
test recovery_engine::tests::test_bytes_to_record_truncated_boolean ... ok
test recovery_engine::tests::test_bytes_to_record_truncated_float ... ok
test recovery_engine::tests::test_bytes_to_record_truncated_integer ... ok
test recovery_engine::tests::test_bytes_to_record_truncated_prefix ... ok
test recovery_engine::tests::test_bytes_to_record_unknown_prefix ... ok
test recovery_engine::tests::test_bytes_to_updates_empty ... ok
test recovery_engine::tests::test_bytes_to_updates_single_pair ... ok
test recovery_engine::tests::test_bytes_to_updates_truncated_index ... ok
test recovery_engine::tests::test_bytes_to_updates_truncated_length ... ok
test recovery_engine::tests::test_count_status_all_committed ... ok
test recovery_engine::tests::test_count_status_empty ... ok
test recovery_engine::tests::test_count_status_mixed ... ok
test recovery_engine::tests::test_filter_committed_entries ... ok
test recovery_engine::tests::test_key_to_filter_values_empty ... ok
test recovery_engine::tests::test_key_to_filter_values_integer_key ... ok
test recovery_engine::tests::test_key_to_filter_values_invalid_key ... ok
test recovery_engine::tests::test_key_to_filter_values_text ... ok
test recovery_engine::tests::test_recovery_engine_impl_trait_bounds ... ok
test recovery_engine::tests::test_recovery_report_default ... ok
test recovery_engine::tests::test_recovery_state_default ... ok
test recovery_engine::tests::test_resolve_table_name_found ... ok
test recovery_engine::tests::test_resolve_table_name_not_found ... ok
test recovery_engine::tests::test_stateful_engine_apply_entry ... ok
test recovery_engine::tests::test_stateful_engine_blocks_double_recovery ... ok
test recovery_engine::tests::test_stateful_engine_first_recovery ... ok
test recovery_engine::tests::test_table_name_to_id_consistency ... ok
test restore_filespace::tests::test_cleanup_no_data_dir ... ok
test restore_filespace::tests::test_cleanup_resync_integration ... ok
test restore_filespace::tests::test_cleanup_orphaned_table_files ... ok
test restore_filespace::tests::test_resync_consistent_storage ... ok
test restore_filespace::tests::test_resync_empty_storage ... ok
test table_level_storage::tests::insert_scan_via_registry ... ok
test table_level_storage::tests::list_tables_via_registry ... ok
test table_level_storage::tests::new_writes_and_flush_wal ... ok
test table_level_storage::tests::stub_methods_are_known_unimplemented ... ok
test table_level_storage::tests::transaction_lifecycle_passthrough ... ok
test table_registry::tests::default_and_register_get_list ... ok
test table_registry::tests::flush_table_calls_engine_flush ... ok
test table_registry::tests::get_table_info_insert_scan ... ok
test table_registry::tests::missing_table_errors ... ok
test restore_filespace::tests::test_cleanup_with_temp_files ... ok
test vtu_guard::tests::test_3129_memory_storage_in_transaction_reflects_tx_id ... ok
test vtu_guard::tests::test_3129_vtu_guard_execute_dml_with_memory_storage_in_tx ... ok
test vtu_guard::tests::test_3129_vtu_guard_passes_in_tx_with_memory_storage ... ok
test vtu_guard::tests::test_int4_assert_dml_safe_passes_inside_tx ... ok
test vtu_guard::tests::test_int4_execute_dml_routes_closure_to_inner ... ok
test vtu_guard::tests::test_vtu_guard_add_column_rename_passthrough ... ok
test vtu_guard::tests::test_vtu_guard_assert_path_for_dml_is_idempotent ... ok
test vtu_guard::tests::test_vtu_guard_create_drop_table_passthrough ... ok
test vtu_guard::tests::test_int4_assert_dml_safe_panics_outside_tx - should panic ... ok
test vtu_guard::tests::test_vtu_guard_get_table_info_allowed ... ok
test vtu_guard::tests::test_vtu_guard_dml_violation_panic_message_contains_table ... ok
test vtu_guard::tests::test_vtu_guard_inner_accessors ... ok
test vtu_guard::tests::test_vtu_guard_scan_allowed ... ok
test vtu_guard::tests::test_vtu_guard_trigger_methods_passthrough ... ok
test vtu_guard::tests::test_vtu_guard_tx_state_via_set_current_tx_id ... ok
test vtu_guard::tests::test_vtu_violation_delete - should panic ... ok
test vtu_guard::tests::test_vtu_violation_insert - should panic ... ok
test vtu_ir::mutation_ir::tests::test_mutation_assignments_accessor ... ok
test vtu_guard::tests::test_vtu_violation_update - should panic ... ok
test vtu_ir::mutation_ir::tests::test_mutation_empty ... ok
test vtu_ir::mutation_ir::tests::test_mutation_hash_accessor ... ok
test vtu_ir::mutation_ir::tests::test_mutation_hash_deterministic ... ok
test vtu_ir::mutation_ir::tests::test_mutation_hash_differs_on_col ... ok
test vtu_ir::mutation_ir::tests::test_mutation_new ... ok
test vtu_ir::mutation_ir::tests::test_mutation_to_row_mutation ... ok
test vtu_ir::predicate_ir::tests::test_cmp_values ... ok
test vtu_ir::predicate_ir::tests::test_predicate_all_matches_any_row ... ok
test vtu_ir::predicate_ir::tests::test_predicate_binary_and ... ok
test vtu_ir::predicate_ir::tests::test_predicate_binary_eq ... ok
test vtu_ir::predicate_ir::tests::test_predicate_binary_gt ... ok
test vtu_ir::predicate_ir::tests::test_predicate_binary_lt ... ok
test vtu_ir::predicate_ir::tests::test_predicate_binary_neq ... ok
test vtu_ir::predicate_ir::tests::test_predicate_binary_or ... ok
test vtu_ir::predicate_ir::tests::test_predicate_expr_column_match_false ... ok
test vtu_ir::predicate_ir::tests::test_predicate_expr_column_match_true ... ok
test vtu_ir::predicate_ir::tests::test_predicate_expr_literal_false ... ok
test vtu_ir::predicate_ir::tests::test_predicate_expr_literal_non_bool ... ok
test vtu_ir::predicate_ir::tests::test_predicate_expr_literal_true ... ok
test vtu_ir::predicate_ir::tests::test_predicate_is_not_null_false ... ok
test vtu_ir::predicate_ir::tests::test_predicate_is_not_null_true ... ok
test vtu_ir::predicate_ir::tests::test_predicate_is_null_false ... ok
test vtu_ir::predicate_ir::tests::test_predicate_is_null_true ... ok
test vtu_ir::predicate_ir::tests::test_predicate_unary_not ... ok
test vtu_ir::predicate_ir::tests::test_predicate_unknown_op_returns_false ... ok
test vtu_ir::update_plan::tests::test_plan_trace_combined_hash_deterministic ... ok
test vtu_ir::update_plan::tests::test_plan_trace_combined_hash_varies ... ok
test vtu_ir::update_plan::tests::test_plan_trace_new ... ok
test vtu_ir::update_plan::tests::test_plan_trace_rows_affected_accessor ... ok
test vtu_ir::update_plan::tests::test_update_plan_mutation_accessor ... ok
test vtu_ir::update_plan::tests::test_update_plan_new ... ok
test vtu_ir::update_plan::tests::test_update_plan_predicate_accessor ... ok
test vtu_ir::update_plan::tests::test_update_plan_trace_accessor ... ok
test vtu_ir::update_plan::tests::test_update_plan_with_expr_predicate ... ok
test wal::memory_wal_manager::tests::test_memory_wal_append ... ok
test wal::memory_wal_manager::tests::test_memory_wal_flush_sync ... ok
test wal::memory_wal_manager::tests::test_memory_wal_recover ... ok
test wal_legacy::tests::test_pitr_recover_table_filter ... ok
test wal_legacy::tests::test_pitr_recover_to_timestamp ... ok
test wal_legacy::tests::test_wal_5_transactions ... ok
test wal_legacy::tests::test_recovery_window_info ... ok
test wal_legacy::tests::test_wal_archive_cleanup ... ok
test wal_legacy::tests::test_wal_archive_list_archives ... ok
test wal_legacy::tests::test_wal_archive_metadata_serialization ... ok
test wal_legacy::tests::test_wal_entry_empty_key_data ... ok
test wal_legacy::tests::test_wal_entry_from_bytes_truncated ... ok
test wal_legacy::tests::test_wal_entry_large_data ... ok
test wal_legacy::tests::test_wal_entry_only_data ... ok
test wal_legacy::tests::test_wal_entry_only_key ... ok
test wal_legacy::tests::test_wal_entry_serialization ... ok
test wal_legacy::tests::test_wal_entry_truncated_v2 ... ok
test wal_legacy::tests::test_wal_entry_type ... ok
test wal_legacy::tests::test_wal_archive_manager_creation ... ok
test wal_legacy::tests::test_wal_entry_type_coverage ... ok
test wal_legacy::tests::test_wal_entry_with_empty_data ... ok
test wal_legacy::tests::test_wal_manager ... ok
test wal_legacy::tests::test_wal_large_100k ... ok
test wal_legacy::tests::test_wal_manager_log_checkpoint ... ok
test wal_legacy::tests::test_wal_manager_log_rollback ... ok
test wal_legacy::tests::test_wal_mixed_ops ... ok
test wal_legacy::tests::test_wal_multiple_transactions ... ok
test io_delay::tests::test_apply_write_delay ... ok
test io_delay::tests::test_apply_read_delay ... ok
test engine::tests::test_partition_rows_num_partitions_zero ... ok
test wal_legacy::tests::test_wal_reader_read_from_lsn ... ok
test wal_legacy::tests::test_wal_recovery_empty_file ... ok
test wal_legacy::tests::test_wal_recovery_from_corrupted_entries ... ok
test wal_legacy::tests::test_wal_recovery_with_corrupted_length_prefix ... ok
test wal_legacy::tests::test_wal_recovery_with_partially_written_entry ... ok
test wal_legacy::tests::test_wal_write_read ... ok
test wal_legacy::tests::test_wal_perf_100_update ... ok
test wal_legacy::tests::test_wal_writer_current_lsn ... ok
test wal_storage::tests::test_active_txs_autocommit_skipped ... ok
test wal_storage::tests::test_active_txs_lifecycle_begin_commit ... ok
test wal_storage::tests::test_active_txs_lifecycle_begin_rollback ... ok
test wal_legacy::tests::test_wal_writer_append_100_entries ... ok
test wal_storage::tests::test_pr830f_lifecycle_commit_advances_checkpoint_and_truncates ... ok
test wal_storage::tests::test_wal_active_tx_ids_empty ... ok
test wal_storage::tests::test_wal_column_operations ... ok
test wal_storage::tests::test_wal_basic_crud ... ok
test wal_storage::tests::test_wal_create_drop_table ... ok
test wal_storage::tests::test_wal_database_operations ... ok
test wal_storage::tests::test_wal_delete ... ok
test wal_storage::tests::test_wal_delete_if ... ok
test wal_storage::tests::test_wal_flush ... ok
test wal_storage::tests::test_wal_get_table_info ... ok
test wal_storage::tests::test_wal_has_table_list_tables ... ok
test wal_storage::tests::test_wal_index_operations ... ok
test wal_storage::tests::test_wal_inner_wal_walmut ... ok
test wal_storage::tests::test_wal_is_wal_enabled ... ok
test wal_storage::tests::test_wal_list_indexes_has_view ... ok
test wal_storage::tests::test_wal_recover_method ... ok
test wal_storage::tests::test_wal_scan_nonexistent ... ok
test wal_storage::tests::test_wal_set_current_tx_id ... ok
test wal_storage::tests::test_wal_split ... ok
test wal_storage::tests::test_wal_storage_basic_insert ... ok
test wal_storage::tests::test_wal_storage_is_wal_enabled ... ok
test wal_storage::tests::test_wal_storage_multiple_transactions ... ok
test wal_storage::tests::test_wal_storage_update_stores_new_image ... ok
test wal_storage::tests::test_wal_storage_rollback ... ok
test wal_storage::tests::test_wal_trigger_operations ... ok
test wal_storage::tests::test_wal_update ... ok
test wal_storage::tests::test_wal_update_if ... ok
test wal_storage::tests::test_wal_with_checkpoint_manager_skipped ... ok
test wal_storage::tests::test_wal_storage_with_file_backed ... ok
test wal_legacy::tests::test_wal_perf_1000_insert ... ok
test wal_legacy::tests::test_wal_perf_recovery_1mb ... ok
test wal_legacy::tests::test_wal_perf_throughput ... ok
test file_storage::tests::test_partition_rows_two_partitions_above_threshold ... ok
test file_storage::tests::test_partition_rows_uneven_remainder ... ok
test file_storage::tests::test_partition_rows_num_partitions_zero ... ok
test file_storage::tests::test_partition_rows_with_buffer ... ok
test file_storage::tests::test_partition_rows_above_threshold ... ok

test result: ok. 683 passed; 0 failed; 0 ignored; 0 measured; 0 filtered out; finished in 2.39s

     Running tests/e2e_crash_recovery_proof.rs (target/llvm-cov-target/debug/deps/e2e_crash_recovery_proof-a2587a91e4789bce)

running 4 tests
test test_e2e_filestorage_insert_persistence ... ok
test test_e2e_filestorage_delete_persistence ... ok
test test_e2e_filestorage_multi_write_persistence ... ok
test test_e2e_filestorage_update_persistence ... ok

test result: ok. 4 passed; 0 failed; 0 ignored; 0 measured; 0 filtered out; finished in 0.00s

     Running tests/integration_buffer_pool.rs (target/llvm-cov-target/debug/deps/integration_buffer_pool-faab5eef32724c57)

running 5 tests
test test_buffer_pool_stats_initial ... ok
test test_buffer_pool_get_not_present ... ok
test test_buffer_pool_basic_operations ... ok
test test_buffer_pool_capacity_and_length ... ok
test test_buffer_pool_with_prefetch ... ok

test result: ok. 5 passed; 0 failed; 0 ignored; 0 measured; 0 filtered out; finished in 0.00s

     Running tests/integration_wal.rs (target/llvm-cov-target/debug/deps/integration_wal-421747cd324fc4c0)

running 5 tests
test test_wal_file_backed_create_and_recover ... ok
test test_wal_log_single_transaction ... ok
test test_wal_recovery_uncommitted_transaction ... ok
test test_wal_multiple_transactions ... ok
test test_wal_truncate_before ... ok

test result: ok. 5 passed; 0 failed; 0 ignored; 0 measured; 0 filtered out; finished in 0.00s

     Running tests/parallel_scan_bench_test.rs (target/llvm-cov-target/debug/deps/parallel_scan_bench_test-d835e3fdd10fc53c)

running 5 tests
test bench_small_dataset_8_partitions ... ok
test bench_correctness_under_varying_partition_counts ... ok
test bench_parallel_vs_sequential_correctness ... ok
test bench_medium_dataset_4_partitions ... ok
test bench_large_dataset_8_partitions ... ok

test result: ok. 5 passed; 0 failed; 0 ignored; 0 measured; 0 filtered out; finished in 2.69s

     Running tests/parallel_scan_test.rs (target/llvm-cov-target/debug/deps/parallel_scan_test-57ea49c6c0efb299)

running 8 tests
test test_parallel_scan_empty_table ... ok
test test_parallel_scan_small_dataset_preserves_all_rows ... ok
test test_parallel_scan_nonexistent_table ... ok
test test_parallel_scan_all_values_preserved ... ok
test test_parallel_scan_more_partitions_than_rows ... ok
test test_parallel_scan_zero_partitions ... ok
test test_parallel_scan_uneven_distribution ... ok
test test_parallel_scan_large_dataset ... ok

test result: ok. 8 passed; 0 failed; 0 ignored; 0 measured; 0 filtered out; finished in 0.00s

     Running tests/storage_e2e_test.rs (target/llvm-cov-target/debug/deps/storage_e2e_test-68e0e414d717c6b9)

running 9 tests
test test_e2e_buffer_pool_with_file_storage ... ok
test test_e2e_drop_and_reload ... ok
test test_e2e_create_write_read_cycle ... ok
test test_e2e_index_drop_across_restart ... ok
test test_e2e_write_and_reload ... ok
test test_e2e_table_metadata_after_reload ... ok
test test_e2e_index_survives_restart ... ok
test test_e2e_multiple_tables_persist ... ok
test test_e2e_many_tables ... ok

test result: ok. 9 passed; 0 failed; 0 ignored; 0 measured; 0 filtered out; finished in 0.02s

     Running tests/storage_integration_test.rs (target/llvm-cov-target/debug/deps/storage_integration_test-a6ad27e8f40ff9db)

running 18 tests
test test_buffer_pool_basic ... ok
test test_buffer_pool_allocate ... ok
test test_buffer_pool_insert_and_get ... ok
test test_buffer_pool_prefetch ... ok
test test_buffer_pool_clear ... ok
test test_buffer_pool_lru ... ok
test test_buffer_pool_remove ... ok
test test_wal_entry_round_trip ... ok
test test_page_in_pool ... ok
test test_file_storage_create ... ok
test test_file_storage_insert_and_drop ... ok
test test_wal_append_and_read ... ok
test test_file_storage_persist ... ok
test test_wal_lsn ... ok
test test_wal_manager_recover ... ok
test test_wal_multi_entry ... ok
test test_wal_recover ... ok
test test_file_storage_multiple ... ok

test result: ok. 18 passed; 0 failed; 0 ignored; 0 measured; 0 filtered out; finished in 0.00s

     Running tests/vtu_ir_pipeline_test.rs (target/llvm-cov-target/debug/deps/vtu_ir_pipeline_test-af22a6ce67f944fc)

running 22 tests
test vtu_p10_assignment_ir_accessor_returns_column ... ok
test vtu_p04_predicate_all_matches_anything ... ok
test vtu_p02_predicate_or_evaluates_to_true ... ok
test vtu_p01_predicate_and_evaluates_both_sides ... ok
test vtu_p08_multi_column_assignment_hash_changes ... ok
test vtu_p06_predicate_type_coercion_int_to_text_observed ... ok
test vtu_p09_plan_trace_rows_affected_recorded ... ok
test vtu_p03_predicate_nested_3_levels ... ok
test vtu_p05_predicate_missing_column_returns_false ... ok
test vtu_p07_endto_end_update_plan_applies_filter_and_assignment ... ok
test vtu_p11_update_plan_real_world_age_increment ... ok
test vtu_p12_predicate_hash_invariant_under_equivalent_rewrite ... ok
test vtu_p14_is_null_predicate_against_null_value ... ok
test vtu_p15_is_not_null_predicate_inverse_of_is_null ... ok
test vtu_p16_unary_not_negation_observed ... ok
test vtu_p17_empty_table_info_column_lookup_returns_false ... ok
test vtu_p18_row_shorter_than_column_index_returns_false ... ok
test vtu_p19_assignment_to_nonexistent_column_still_constructs ... ok
test vtu_p22_debug_format_doesnt_panic ... ok
test vtu_p20_hash_collision_resistance_50_distinct_predicates ... ok
test vtu_p21_concurrent_construction_under_lock ... ok
test vtu_p13_large_table_1000_assignments_compiles ... ok

test result: ok. 22 passed; 0 failed; 0 ignored; 0 measured; 0 filtered out; finished in 0.00s

     Running tests/vtu_ir_test.rs (target/llvm-cov-target/debug/deps/vtu_ir_test-ad74baa9cf6f5448)

running 49 tests
test test_expr_ir_debug ... ok
test test_mutation_ir_clone ... ok
test test_mutation_ir_debug ... ok
test test_mutation_ir_empty ... ok
test test_mutation_ir_hash_consistency ... ok
test test_mutation_ir_new ... ok
test test_mutation_ir_hash_differs ... ok
test test_mutation_ir_to_row_mutation ... ok
test test_plan_trace_new ... ok
test test_plan_trace_rows_affected ... ok
test test_predicate_ir_all ... ok
test test_predicate_ir_binary_and ... ok
test test_predicate_ir_binary_and_false ... ok
test test_predicate_ir_binary_eq_double_eq ... ok
test test_predicate_ir_binary_eq_integer ... ok
test test_predicate_ir_binary_eq_text ... ok
test test_predicate_ir_binary_float_comparison ... ok
test test_predicate_ir_binary_gt ... ok
test test_predicate_ir_binary_gte ... ok
test test_predicate_ir_binary_lt ... ok
test test_predicate_ir_binary_lte ... ok
test test_predicate_ir_binary_ne ... ok
test test_predicate_ir_binary_ne_angle ... ok
test test_predicate_ir_binary_null_handling ... ok
test test_predicate_ir_binary_or ... ok
test test_predicate_ir_binary_or_both_false ... ok
test test_predicate_ir_binary_text_comparison ... ok
test test_predicate_ir_binary_unknown_op ... ok
test test_predicate_ir_cmp_values_float ... ok
test test_predicate_ir_cmp_values_integer ... ok
test test_predicate_ir_cmp_values_text ... ok
test test_predicate_ir_debug ... ok
test test_predicate_ir_eval_to_value_binary_and ... ok
test test_predicate_ir_eval_to_value_binary_or ... ok
test test_predicate_ir_eval_to_value_column ... ok
test test_predicate_ir_eval_to_value_is_not_null ... ok
test test_predicate_ir_eval_to_value_is_null ... ok
test test_predicate_ir_eval_to_value_unary_not ... ok
test test_predicate_ir_expr_column ... ok
test test_predicate_ir_expr_column_not_found ... ok
test test_predicate_ir_expr_literal_boolean ... ok
test test_predicate_ir_is_not_null ... ok
test test_predicate_ir_is_null ... ok
test test_predicate_ir_unary_not ... ok
test test_predicate_ir_unary_not_case_insensitive ... ok
test test_predicate_ir_unary_unknown_op ... ok
test test_update_plan_accessors ... ok
test test_update_plan_debug ... ok
test test_update_plan_new ... ok

test result: ok. 49 passed; 0 failed; 0 ignored; 0 measured; 0 filtered out; finished in 0.00s

     Running tests/wal_mod_test.rs (target/llvm-cov-target/debug/deps/wal_mod_test-2718cee0214c8735)

running 35 tests
test test_file_backed_wal_manager_new ... ok
test test_file_backed_wal_manager_flush ... ok
test test_file_backed_wal_manager_append_after_none_writer ... ok
test test_file_backed_wal_manager_recover_nonexistent_file ... ok
test test_file_backed_wal_manager_recover_with_reopened_manager ... ok
test test_file_backed_wal_manager_append_and_recover ... ok
test test_make_begin_entry ... ok
test test_file_backed_wal_manager_rollback_recovery ... ok
test test_make_commit_entry ... ok
test test_make_insert_entry ... ok
test test_make_rollback_entry ... ok
test test_make_update_entry ... ok
test test_memory_wal_manager_append ... ok
test test_memory_wal_manager_append_multiple ... ok
test test_make_delete_entry ... ok
test test_memory_wal_manager_default ... ok
test test_memory_wal_manager_flush ... ok
test test_file_backed_wal_manager_all_entry_types ... ok
test test_memory_wal_manager_new ... ok
test test_memory_wal_manager_recover_clears_entries ... ok
test test_file_backed_wal_manager_size ... ok
test test_memory_wal_manager_multiple_transactions ... ok
test test_memory_wal_manager_sync ... ok
test test_file_backed_wal_manager_multiple_append_after_truncate ... ok
test test_wal_entry_clone ... ok
test test_wal_entry_debug ... ok
test test_wal_entry_from_bytes_invalid_entry_type ... ok
test test_wal_entry_from_bytes_truncated ... ok
test test_wal_entry_to_bytes_and_from_bytes ... ok
test test_wal_entry_to_bytes_and_from_bytes_no_key_no_data ... ok
test test_wal_entry_type_all_variants ... ok
test test_wal_entry_type_debug ... ok
test test_wal_entry_with_large_data ... ok
test test_file_backed_wal_manager_truncate ... ok
test test_file_backed_wal_manager_sync ... ok

test result: ok. 35 passed; 0 failed; 0 ignored; 0 measured; 0 filtered out; finished in 0.01s


    Finished report saved to docs/releases/v3.12.0/coverage-baseline/current_5904d0d4df_20260812_212126/sqlrustgo-storage.json
