info: cargo-llvm-cov currently setting cfg(coverage); you can opt-out it by passing --no-cfg-coverage
warning: /Users/liying/workspace/dev/yinglichina163/sqlrustgo/crates/tools/Cargo.toml: unused manifest key: bin.1.rand
warning: variable does not need to be mutable
  --> crates/tools/src/traits.rs:73:26
   |
73 |     pub fn with_read_err(mut self, kind: std::io::ErrorKind) -> Self {
   |                          ----^^^^
   |                          |
   |                          help: remove this `mut`
   |
   = note: `#[warn(unused_mut)]` (part of `#[warn(unused)]`) on by default

warning: variable does not need to be mutable
  --> crates/tools/src/traits.rs:79:32
   |
79 |     pub fn with_create_dir_err(mut self, kind: std::io::ErrorKind) -> Self {
   |                                ----^^^^
   |                                |
   |                                help: remove this `mut`

warning: `sqlrustgo-tools` (lib) generated 2 warnings (run `cargo fix --lib -p sqlrustgo-tools` to apply 2 suggestions)
warning: value assigned to `seq` is never read
    --> crates/mysql-server/src/lib.rs:3784:17
     |
3784 |                 seq = seq.wrapping_add(1);
     |                 ^^^^^^^^^^^^^^^^^^^^^^^^^
     |
     = help: maybe it is overwritten before being read?
     = note: `#[warn(unused_assignments)]` (part of `#[warn(unused)]`) on by default

warning: unused variable: `passthrough`
    --> crates/mysql-server/src/lib.rs:6438:29
     |
6438 |                         let passthrough = EphemeralHandle {
     |                             ^^^^^^^^^^^ help: if this is intentional, prefix it with an underscore: `_passthrough`
     |
     = note: `#[warn(unused_variables)]` (part of `#[warn(unused)]`) on by default

warning: `sqlrustgo-mysql-server` (lib) generated 2 warnings (run `cargo fix --lib -p sqlrustgo-mysql-server` to apply 1 suggestion)
warning: unused import: `sqlrustgo_admin::backup::BackupError`
 --> crates/admin/tests/admin_pitr_tests.rs:5:5
  |
5 | use sqlrustgo_admin::backup::BackupError;
  |     ^^^^^^^^^^^^^^^^^^^^^^^^^^^^^^^^^^^^
  |
  = note: `#[warn(unused_imports)]` (part of `#[warn(unused)]`) on by default

warning: unused import: `std::io::Write`
   --> crates/admin/src/backup.rs:231:9
    |
231 |     use std::io::Write;
    |         ^^^^^^^^^^^^^^
    |
    = note: `#[warn(unused_imports)]` (part of `#[warn(unused)]`) on by default

warning: unused import: `std::io::Write`
   --> crates/admin/src/pitr.rs:126:9
    |
126 |     use std::io::Write;
    |         ^^^^^^^^^^^^^^

warning: unused import: `verify_extracted`
 --> crates/admin/tests/unit_tests.rs:8:14
  |
8 |     verify::{verify_extracted, VerifyError, VerifyErrorKind, VerifyResult},
  |              ^^^^^^^^^^^^^^^^
  |
  = note: `#[warn(unused_imports)]` (part of `#[warn(unused)]`) on by default

warning: unused imports: `Connection` and `SystemVariable`
   --> crates/admin/tests/admin_coverage_tests.rs:926:35
    |
926 | use sqlrustgo_admin::mysqladmin::{Connection, MysqlAdmin, SystemVariable};
    |                                   ^^^^^^^^^^              ^^^^^^^^^^^^^^
    |
    = note: `#[warn(unused_imports)]` (part of `#[warn(unused)]`) on by default

warning: comparison is useless due to type limits
   --> crates/admin/tests/admin_coverage_tests.rs:892:13
    |
892 |     assert!(result.active_transactions_at_target >= 0);
    |             ^^^^^^^^^^^^^^^^^^^^^^^^^^^^^^^^^^^^^^^^^
    |
    = note: `#[warn(unused_comparisons)]` on by default

warning: unused variable: `result`
   --> crates/admin/tests/mysqladmin_tests.rs:450:9
    |
450 |     let result = admin.processlist();
    |         ^^^^^^ help: if this is intentional, prefix it with an underscore: `_result`
    |
    = note: `#[warn(unused_variables)]` (part of `#[warn(unused)]`) on by default

warning: unused variable: `result`
   --> crates/admin/tests/mysqladmin_tests.rs:459:9
    |
459 |     let result = admin.processlist();
    |         ^^^^^^ help: if this is intentional, prefix it with an underscore: `_result`

warning: function `new_admin` is never used
 --> crates/admin/tests/mysqladmin_tests.rs:7:4
  |
7 | fn new_admin() -> MysqlAdmin {
  |    ^^^^^^^^^
  |
  = note: `#[warn(dead_code)]` (part of `#[warn(unused)]`) on by default

warning: comparison is useless due to type limits
  --> crates/admin/tests/wire_client_integration_tests.rs:60:13
   |
60 |     assert!(status.uptime_seconds >= 0);
   |             ^^^^^^^^^^^^^^^^^^^^^^^^^^
   |
   = note: `#[warn(unused_comparisons)]` on by default

warning: comparison is useless due to type limits
  --> crates/admin/tests/wire_client_integration_tests.rs:61:13
   |
61 |     assert!(status.active_connections >= 0);
   |             ^^^^^^^^^^^^^^^^^^^^^^^^^^^^^^

warning: `sqlrustgo-admin` (test "admin_pitr_tests") generated 1 warning (run `cargo fix --test "admin_pitr_tests" -p sqlrustgo-admin` to apply 1 suggestion)
warning: `sqlrustgo-admin` (lib test) generated 2 warnings (run `cargo fix --lib -p sqlrustgo-admin --tests` to apply 1 suggestion)
warning: `sqlrustgo-admin` (test "unit_tests") generated 1 warning (run `cargo fix --test "unit_tests" -p sqlrustgo-admin` to apply 1 suggestion)
warning: `sqlrustgo-admin` (test "admin_coverage_tests") generated 2 warnings (run `cargo fix --test "admin_coverage_tests" -p sqlrustgo-admin` to apply 1 suggestion)
warning: `sqlrustgo-admin` (bin "sqlrustgo-admin" test) generated 2 warnings (2 duplicates)
warning: `sqlrustgo-admin` (test "mysqladmin_tests") generated 3 warnings (run `cargo fix --test "mysqladmin_tests" -p sqlrustgo-admin` to apply 2 suggestions)
warning: `sqlrustgo-admin` (test "wire_client_integration_tests") generated 2 warnings
    Finished `test` profile [unoptimized + debuginfo] target(s) in 0.37s
     Running unittests src/lib.rs (target/llvm-cov-target/debug/deps/sqlrustgo_admin-7df43e71492a05a5)

running 69 tests
test manifest::tests::test_manifest_default ... ok
test manifest::tests::test_manifest_new ... ok
test backup::tests::test_backup_data_dir_not_found ... ok
test manifest::tests::test_manifest_serialize_roundtrip ... ok
test manifest::tests::test_manifest_to_json_and_back ... ok
test manifest::tests::test_sha256_bytes ... ok
test backup::tests::test_tar_extract_corrupt_short ... ok
test manifest::tests::test_walk_files_empty ... ok
test mysqladmin::tests::test_add_connection_returns_incremental_id ... ok
test manifest::tests::test_manifest_write_read_file ... ok
test manifest::tests::test_manifest_scan_with_data ... ok
test mysqladmin::tests::test_dispatch_flush_logs ... ok
test mysqladmin::tests::test_dispatch_kill_invalid_arg ... ok
test manifest::tests::test_sha256_file ... ok
test mysqladmin::tests::test_dispatch_kill_missing_arg ... ok
test mysqladmin::tests::test_dispatch_kill_valid ... ok
test mysqladmin::tests::test_dispatch_ping ... ok
test mysqladmin::tests::test_dispatch_reload ... ok
test mysqladmin::tests::test_dispatch_unknown_command ... ok
test mysqladmin::tests::test_dispatch_variables ... ok
test mysqladmin::tests::test_dispatch_version ... ok
test mysqladmin::tests::test_flush_logs ... ok
test mysqladmin::tests::test_inc_query ... ok
test mysqladmin::tests::test_inc_slow ... ok
test mysqladmin::tests::test_kill_existing_connection ... ok
test mysqladmin::tests::test_kill_nonexistent_connection ... ok
test mysqladmin::tests::test_new_has_default_variables ... ok
test mysqladmin::tests::test_ping ... ok
test backup::tests::test_backup_empty ... ok
test mysqladmin::tests::test_processlist_empty ... ok
test manifest::tests::test_walk_files_nested ... ok
test mysqladmin::tests::test_processlist_with_connections ... ok
test mysqladmin::tests::test_reload ... ok
test backup::tests::test_tar_extract_one ... ok
test mysqladmin::tests::test_set_and_get_variable ... ok
test manifest::tests::test_manifest_scan_with_wal ... ok
test mysqladmin::tests::test_status_contains_uptime_threads ... ok
test mysqladmin::tests::test_version ... ok
test pitr::tests::test_parse_target_time_invalid ... ok
test pitr::tests::test_parse_target_time_rfc3339 ... ok
test pitr::tests::test_parse_target_time_unix ... ok
test pitr::tests::test_pitr_replay_committed_tx_applied ... ok
test pitr::tests::test_pitr_replay_empty ... ok
test pitr::tests::test_pitr_replay_rolled_back_tx_skipped ... ok
test pitr::tests::test_pitr_replay_target_time_filters ... ok
test pitr::tests::test_pitr_replay_uncommitted_at_target_aborted ... ok
test restore::tests::test_verify_error_display_checksum ... ok
test restore::tests::test_verify_error_display_file_missing ... ok
test restore::tests::test_verify_error_display_wal_missing ... ok
test wire_client::additional_tests::test_extract_first_cell_error_paths ... ok
test wire_client::additional_tests::test_extract_first_cell_ok ... ok
test backup::tests::test_backup_with_data_and_wal ... ok
test wire_client::additional_tests::test_logical_manifest_from ... ok
test wire_client::additional_tests::test_logical_manifest_from_missing_counts ... ok
test wire_client::additional_tests::test_serialize_result_set_csv_basic ... ok
test wire_client::additional_tests::test_serialize_result_set_csv_empty ... ok
test wire_client::additional_tests::test_serialize_result_set_csv_special_chars ... ok
test wire_client::additional_tests::test_write_padding_exact_block ... ok
test wire_client::additional_tests::test_write_padding_partial_block ... ok
test wire_client::additional_tests::test_write_padding_zero ... ok
test wire_client::additional_tests::test_write_tar_header_basic ... ok
test wire_client::additional_tests::test_write_tar_header_long_name_truncated ... ok
test wire_client::tests::csv_escape_roundtrip_empty ... ok
test wire_client::tests::csv_escapes_special_chars ... ok
test pitr::tests::test_pitr_replay_wal_file ... ok
test restore::tests::test_physical_restore_missing_manifest ... ok
test backup::tests::test_tar_extract_round_trip ... ok
test restore::tests::test_physical_restore_success ... ok
test restore::tests::test_physical_restore_with_wal ... ok

test result: ok. 69 passed; 0 failed; 0 ignored; 0 measured; 0 filtered out; finished in 0.01s

     Running unittests src/main.rs (target/llvm-cov-target/debug/deps/sqlrustgo_admin-4e7fb9095e90cc43)

running 55 tests
test manifest::tests::test_manifest_default ... ok
test manifest::tests::test_manifest_new ... ok
test backup::tests::test_backup_data_dir_not_found ... ok
test backup::tests::test_tar_extract_corrupt_short ... ok
test manifest::tests::test_manifest_serialize_roundtrip ... ok
test manifest::tests::test_manifest_to_json_and_back ... ok
test manifest::tests::test_manifest_scan_with_wal ... ok
test manifest::tests::test_sha256_bytes ... ok
test manifest::tests::test_manifest_scan_with_data ... ok
test backup::tests::test_backup_empty ... ok
test mysqladmin::tests::test_add_connection_returns_incremental_id ... ok
test mysqladmin::tests::test_dispatch_kill_invalid_arg ... ok
test mysqladmin::tests::test_dispatch_flush_logs ... ok
test manifest::tests::test_walk_files_empty ... ok
test mysqladmin::tests::test_dispatch_kill_missing_arg ... ok
test mysqladmin::tests::test_dispatch_kill_valid ... ok
test manifest::tests::test_manifest_write_read_file ... ok
test backup::tests::test_tar_extract_one ... ok
test manifest::tests::test_sha256_file ... ok
test backup::tests::test_backup_with_data_and_wal ... ok
test mysqladmin::tests::test_dispatch_ping ... ok
test mysqladmin::tests::test_dispatch_reload ... ok
test mysqladmin::tests::test_dispatch_unknown_command ... ok
test mysqladmin::tests::test_dispatch_variables ... ok
test mysqladmin::tests::test_dispatch_version ... ok
test mysqladmin::tests::test_flush_logs ... ok
test mysqladmin::tests::test_inc_query ... ok
test mysqladmin::tests::test_inc_slow ... ok
test mysqladmin::tests::test_kill_existing_connection ... ok
test mysqladmin::tests::test_kill_nonexistent_connection ... ok
test mysqladmin::tests::test_new_has_default_variables ... ok
test mysqladmin::tests::test_ping ... ok
test mysqladmin::tests::test_processlist_empty ... ok
test manifest::tests::test_walk_files_nested ... ok
test mysqladmin::tests::test_processlist_with_connections ... ok
test mysqladmin::tests::test_reload ... ok
test mysqladmin::tests::test_set_and_get_variable ... ok
test mysqladmin::tests::test_version ... ok
test mysqladmin::tests::test_status_contains_uptime_threads ... ok
test pitr::tests::test_parse_target_time_invalid ... ok
test pitr::tests::test_parse_target_time_rfc3339 ... ok
test pitr::tests::test_parse_target_time_unix ... ok
test pitr::tests::test_pitr_replay_committed_tx_applied ... ok
test pitr::tests::test_pitr_replay_empty ... ok
test pitr::tests::test_pitr_replay_rolled_back_tx_skipped ... ok
test pitr::tests::test_pitr_replay_target_time_filters ... ok
test pitr::tests::test_pitr_replay_uncommitted_at_target_aborted ... ok
test restore::tests::test_verify_error_display_checksum ... ok
test restore::tests::test_verify_error_display_file_missing ... ok
test restore::tests::test_verify_error_display_wal_missing ... ok
test pitr::tests::test_pitr_replay_wal_file ... ok
test restore::tests::test_physical_restore_missing_manifest ... ok
test backup::tests::test_tar_extract_round_trip ... ok
test restore::tests::test_physical_restore_success ... ok
test restore::tests::test_physical_restore_with_wal ... ok

test result: ok. 55 passed; 0 failed; 0 ignored; 0 measured; 0 filtered out; finished in 0.01s

     Running tests/admin_coverage_tests.rs (target/llvm-cov-target/debug/deps/admin_coverage_tests-2378c268833d53e7)

running 60 tests
test test_backup_error_display_checksum_mismatch ... ok
test test_backup_error_display_corrupt_tar ... ok
test test_backup_error_display_entry_not_found ... ok
test test_backup_error_display_data_dir_not_found ... ok
test test_manifest_new ... ok
test test_manifest_default ... ok
test test_backup_error_display_io ... ok
test test_manifest_scan_empty_dir ... ok
test test_backup_error_display_json ... ok
test test_manifest_to_json_from_json_roundtrip ... ok
test test_mysqladmin_dispatch_kill_no_args ... ok
test test_manifest_scan_calculates_total_size ... ok
test test_mysqladmin_dispatch_ping ... ok
test test_manifest_scan_with_wal ... ok
test test_mysqladmin_dispatch_version ... ok
test test_mysqladmin_dispatch_processlist ... ok
test test_mysqladmin_new_with_variables ... ok
test test_manifest_scan_with_files ... ok
test test_physical_backup_data_dir_not_found ... ok
test test_manifest_write_to_read_from ... ok
test test_physical_restore_missing_data_file_in_staging ... ok
test test_pitr_replay_empty_entries ... ok
test test_pitr_replay_with_rollback ... ok
test test_pitr_replay_with_transactions ... ok
test test_sha256_bytes_empty ... ok
test test_sha256_bytes_hello ... ok
test test_physical_restore_corrupt_tar ... ok
test test_physical_restore_missing_manifest ... ok
test test_sha256_bytes_known ... ok
test test_sha256_file_known_content ... ok
test test_tar_extract_all_nonexistent_file ... ok
test test_physical_backup_with_wal ... ok
test test_tar_extract_all_corrupt_file ... ok
test test_physical_restore_success_no_wal ... ok
test test_tar_extract_one_with_real_backup ... ok
test test_tar_extract_one_file_not_found ... ok
test test_physical_backup_restore_no_wal ... ok
test test_physical_restore_success_with_wal ... ok
test test_tar_extract_all_with_real_backup ... ok
test test_verify_backup_corrupt_archive ... ok
test test_verify_error_display_wal_missing ... ok
test test_verify_backup_nonexistent_file ... ok
test test_verify_error_display_checksum ... ok
test test_verify_error_display_file_missing ... ok
test test_physical_restore_target_already_exists ... ok
test test_verify_backup_cleans_up_staging ... ok
test test_verify_extracted_all_files_ok ... ok
test test_verify_extracted_empty_manifest ... ok
test test_verify_extracted_file_missing ... ok
test test_verify_result_manifest_cloned ... ok
test test_verify_extracted_checksum_mismatch ... ok
test test_physical_backup_restore_roundtrip ... ok
test test_verify_backup_valid_archive ... ok
test test_verify_backup_multiple_data_files ... ok
test test_verify_extracted_wal_missing ... ok
test test_walk_files_empty_dir ... ok
test test_verify_extracted_wal_checksum_mismatch ... ok
test test_walk_files_subdir_only_files ... ok
test test_walk_files_nested_dirs ... ok
test test_verify_backup_with_wal ... ok

test result: ok. 60 passed; 0 failed; 0 ignored; 0 measured; 0 filtered out; finished in 0.03s

     Running tests/admin_pitr_tests.rs (target/llvm-cov-target/debug/deps/admin_pitr_tests-29f6bb3b1df578f2)

running 6 tests
test test_parse_target_time_rfc3339_utc ... ok
test test_parse_target_time_rfc3339_with_offset ... ok
test test_parse_target_time_large_unix ... ok
test test_parse_target_time_empty_string ... ok
test test_parse_target_time_unix_zero ... ok
test test_pitr_replay_file_not_found ... ok

test result: ok. 6 passed; 0 failed; 0 ignored; 0 measured; 0 filtered out; finished in 0.00s

     Running tests/admin_test.rs (target/llvm-cov-target/debug/deps/admin_test-08ea827f5e77d66a)

running 23 tests
test test_connection_struct ... ok
test test_mysqladmin_flush_logs ... ok
test test_mysqladmin_inc_query ... ok
test test_mysqladmin_dispatch_unknown ... ok
test test_mysqladmin_add_connection ... ok
test test_mysqladmin_inc_slow ... ok
test test_mysqladmin_kill ... ok
test test_mysqladmin_dispatch_ping ... ok
test test_mysqladmin_new ... ok
test test_mysqladmin_ping ... ok
test test_mysqladmin_processlist ... ok
test test_mysqladmin_reload ... ok
test test_mysqladmin_set_variable ... ok
test test_mysqladmin_status ... ok
test test_mysqladmin_version ... ok
test test_mysqladmin_variables ... ok
test test_restore_result_struct ... ok
test test_restore_result_no_wal ... ok
test test_system_variable ... ok
test test_verify_error_checksum ... ok
test test_verify_error_display ... ok
test test_verify_result_empty ... ok
test test_verify_result_with_errors ... ok

test result: ok. 23 passed; 0 failed; 0 ignored; 0 measured; 0 filtered out; finished in 0.00s

     Running tests/admin_wire_client_tests.rs (target/llvm-cov-target/debug/deps/admin_wire_client_tests-b8297b21eed1bedd)

running 27 tests
test test_logical_backup_result_clone ... ok
test test_status_report_clone ... ok
test test_logical_manifest_fields ... ok
test test_status_report_debug ... ok
test test_logical_table_entry_debug ... ok
test test_logical_backup_result_debug ... ok
test test_logical_backup_result_fields ... ok
test test_logical_manifest_clone ... ok
test test_logical_manifest_serde_roundtrip ... ok
test test_status_report_fields ... ok
test test_status_report_serde ... ok
test test_wire_error_all_variants_display ... ok
test test_wire_error_connect_variant ... ok
test test_wire_error_connect_display ... ok
test test_wire_error_debug ... ok
test test_wire_error_io_display ... ok
test test_wire_error_io_from ... ok
test test_wire_error_protocol_display ... ok
test test_wire_error_protocol_variant ... ok
test test_wire_error_query_display ... ok
test test_wire_error_query_variant ... ok
test test_wire_error_source ... ok
test test_wire_admin_connect_empty_host ... ok
test test_wire_admin_connect_port_zero ... ok
test test_wire_admin_connect_port_out_of_range ... ok
test test_wire_admin_connect_port_refused ... ok
test test_wire_admin_connect_invalid_host ... ok

test result: ok. 27 passed; 0 failed; 0 ignored; 0 measured; 0 filtered out; finished in 0.20s

     Running tests/mysqladmin_tests.rs (target/llvm-cov-target/debug/deps/mysqladmin_tests-7667ee70a984452d)

running 57 tests
test test_dispatch_kill_no_args ... ok
test test_dispatch_flush_logs ... ok
test test_connection_clone ... ok
test test_connection_debug ... ok
test test_add_connection_single ... ok
test test_dispatch_kill ... ok
test test_add_connection_multiple ... ok
test test_dispatch_kill_invalid_id ... ok
test test_dispatch_ping ... ok
test test_dispatch_processlist ... ok
test test_dispatch_reload ... ok
test test_dispatch_status ... ok
test test_dispatch_unknown ... ok
test test_dispatch_unknown_command ... ok
test test_dispatch_variables ... ok
test test_dispatch_version ... ok
test test_flush_logs ... ok
test test_inc_query ... ok
test test_inc_slow ... ok
test test_is_grants_reloaded_after_reload ... ok
test test_is_grants_reloaded_initially_false ... ok
test test_is_log_flushed_initially_false ... ok
test test_is_log_flushed_after_flush ... ok
test test_kill_connection ... ok
test test_kill_nonexistent ... ok
test test_kill_nonexistent_connection ... ok
test test_mysql_admin_default ... ok
test test_mysql_admin_flush_logs ... ok
test test_mysql_admin_inc_query ... ok
test test_mysql_admin_inc_query_and_slow ... ok
test test_mysql_admin_inc_slow ... ok
test test_mysql_admin_kill_connection ... ok
test test_mysql_admin_kill_nonexistent ... ok
test test_mysql_admin_new ... ok
test test_mysql_admin_ping ... ok
test test_mysql_admin_processlist ... ok
test test_mysql_admin_processlist_with_connections ... ok
test test_mysql_admin_reload ... ok
test test_mysql_admin_set_multiple_variables ... ok
test test_mysql_admin_set_variable ... ok
test test_mysql_admin_status ... ok
test test_mysql_admin_variables ... ok
test test_mysql_admin_version ... ok
test test_processlist_empty ... ok
test test_reload ... ok
test test_processlist_with_connections ... ok
test test_set_variable ... ok
test test_status_contains_threads ... ok
test test_status_contains_uptime ... ok
test test_status_format ... ok
test test_system_variable_clone ... ok
test test_system_variable_debug ... ok
test test_variables_contains_max_connections ... ok
test test_variables_contains_port ... ok
test test_variables_contains_version ... ok
test test_variables_user_var ... ok
test test_version_value ... ok

test result: ok. 57 passed; 0 failed; 0 ignored; 0 measured; 0 filtered out; finished in 0.00s

     Running tests/unit_tests.rs (target/llvm-cov-target/debug/deps/unit_tests-abd592314dc60d03)

running 32 tests
test test_file_entry_fields ... ok
test test_parse_target_time_valid ... ok
test test_backup_error_io_display ... ok
test test_pitr_result_fields ... ok
test test_parse_target_time_invalid ... ok
test test_logical_backup_result_fields ... ok
test test_manifest_from_json_invalid ... ok
test test_manifest_with_entries ... ok
test test_manifest_new_empty ... ok
test test_backup_result_fields ... ok
test test_manifest_to_from_json ... ok
test test_restore_result_fields ... ok
test test_sha256_bytes_a ... ok
test test_sha256_bytes_empty ... ok
test test_sha256_bytes_hello ... ok
test test_sha256_file_not_found ... ok
test test_status_report_fields ... ok
test test_verify_error_display ... ok
test test_verify_error_kind_checksum ... ok
test test_verify_error_kind_file_missing ... ok
test test_verify_error_kind_wal_missing ... ok
test test_verify_result_no_errors ... ok
test test_verify_result_with_errors ... ok
test test_wire_error_connect ... ok
test test_wire_error_io ... ok
test test_wire_error_protocol ... ok
test test_wire_error_query ... ok
test test_walk_files_empty ... ok
test test_sha256_file_basic ... ok
test test_tar_extract_one_not_found ... ok
test test_tar_extract_all_empty ... ok
test test_walk_files_nested ... ok

test result: ok. 32 passed; 0 failed; 0 ignored; 0 measured; 0 filtered out; finished in 0.00s

     Running tests/verify_tests.rs (target/llvm-cov-target/debug/deps/verify_tests-2e7b66af2f26e3fe)

running 14 tests
test test_verify_error_kind_clone ... ok
test test_verify_error_clone ... ok
test test_verify_error_display ... ok
test test_verify_error_kind_file_missing_debug ... ok
test test_verify_error_checksum_mismatch ... ok
test test_verify_error_eq ... ok
test test_verify_error_kind_checksum_mismatch_debug ... ok
test test_verify_error_debug ... ok
test test_verify_error_kind_wal_missing_debug ... ok
test test_verify_error_kind_eq ... ok
test test_verify_result_debug ... ok
test test_verify_result_empty ... ok
test test_verify_result_with_errors ... ok
test test_verify_extracted_empty_manifest ... ok

test result: ok. 14 passed; 0 failed; 0 ignored; 0 measured; 0 filtered out; finished in 0.00s

     Running tests/wire_client_integration_tests.rs (target/llvm-cov-target/debug/deps/wire_client_integration_tests-19393cb7eb7d5aca)

running 6 tests
test test_wire_admin_connect_refused ... ok
test test_wire_admin_ping ... ok
test test_wire_admin_logical_backup ... ok
test test_wire_admin_version ... ok
test test_wire_admin_status ... ok
test test_wire_admin_connect_invalid_host ... ok

test result: ok. 6 passed; 0 failed; 0 ignored; 0 measured; 0 filtered out; finished in 0.09s


    Finished report saved to docs/releases/v3.12.0/coverage-baseline/current_5904d0d4df_20260812_212126/sqlrustgo-admin.json
