info: cargo-llvm-cov currently setting cfg(coverage); you can opt-out it by passing --no-cfg-coverage
warning: /Users/liying/workspace/dev/yinglichina163/sqlrustgo/crates/tools/Cargo.toml: unused manifest key: bin.1.rand
warning: variable does not need to be mutable
  --> crates/tools/src/traits.rs:73:26
   |
73 |     pub fn with_read_err(mut self, kind: std::io::ErrorKind) -> Self {
   |                          ----^^^^
   |                          |
   |                          help: remove this `mut`
   |
   = note: `#[warn(unused_mut)]` (part of `#[warn(unused)]`) on by default

warning: variable does not need to be mutable
  --> crates/tools/src/traits.rs:79:32
   |
79 |     pub fn with_create_dir_err(mut self, kind: std::io::ErrorKind) -> Self {
   |                                ----^^^^
   |                                |
   |                                help: remove this `mut`

warning: `sqlrustgo-tools` (lib) generated 2 warnings (run `cargo fix --lib -p sqlrustgo-tools` to apply 2 suggestions)
warning: value assigned to `seq` is never read
    --> crates/mysql-server/src/lib.rs:3784:17
     |
3784 |                 seq = seq.wrapping_add(1);
     |                 ^^^^^^^^^^^^^^^^^^^^^^^^^
     |
     = help: maybe it is overwritten before being read?
     = note: `#[warn(unused_assignments)]` (part of `#[warn(unused)]`) on by default

warning: unused variable: `passthrough`
    --> crates/mysql-server/src/lib.rs:6438:29
     |
6438 |                         let passthrough = EphemeralHandle {
     |                             ^^^^^^^^^^^ help: if this is intentional, prefix it with an underscore: `_passthrough`
     |
     = note: `#[warn(unused_variables)]` (part of `#[warn(unused)]`) on by default

warning: unused import: `sqlrustgo_parser::parse`
    --> crates/mysql-server/src/lib.rs:1389:13
     |
1389 |         use sqlrustgo_parser::parse;
     |             ^^^^^^^^^^^^^^^^^^^^^^^
     |
     = note: `#[warn(unused_imports)]` (part of `#[warn(unused)]`) on by default

warning: unnecessary parentheses around assigned value
    --> crates/mysql-server/src/lib.rs:5118:19
     |
5118 |             nr ^= (((nr & 63) ^ nr2) as u32);
     |                   ^                        ^
     |
     = note: `#[warn(unused_parens)]` (part of `#[warn(unused)]`) on by default
help: remove these parentheses
     |
5118 -             nr ^= (((nr & 63) ^ nr2) as u32);
5118 +             nr ^= ((nr & 63) ^ nr2) as u32;
     |

warning: unused import: `sqlrustgo_types::Value`
    --> crates/mysql-server/src/lib.rs:5647:13
     |
5647 |         use sqlrustgo_types::Value;
     |             ^^^^^^^^^^^^^^^^^^^^^^

warning: unused import: `std::error::Error`
    --> crates/mysql-server/src/lib.rs:5688:13
     |
5688 |         use std::error::Error;
     |             ^^^^^^^^^^^^^^^^^

warning: unused variable: `other`
   --> crates/mysql-server/src/lib.rs:207:13
    |
207 |             other => panic!("case-insensitive OFF should parse"),
    |             ^^^^^ help: if this is intentional, prefix it with an underscore: `_other`
    |
    = note: `#[warn(unused_variables)]` (part of `#[warn(unused)]`) on by default

warning: unused variable: `response`
    --> crates/mysql-server/src/lib.rs:5504:13
     |
5504 |         let response = [0x00; 8];
     |             ^^^^^^^^ help: if this is intentional, prefix it with an underscore: `_response`

warning: unused variable: `response`
    --> crates/mysql-server/src/lib.rs:5514:13
     |
5514 |         let response = [0x00; 8];
     |             ^^^^^^^^ help: if this is intentional, prefix it with an underscore: `_response`

warning: unused variable: `passthrough`
    --> crates/mysql-server/src/lib.rs:6438:29
     |
6438 |                         let passthrough = EphemeralHandle {
     |                             ^^^^^^^^^^^ help: if this is intentional, prefix it with an underscore: `_passthrough`

warning: function `decode_lenenc_int_3byte_via_0xfd` is never used
   --> crates/mysql-server/src/lib.rs:514:8
    |
514 |     fn decode_lenenc_int_3byte_via_0xfd() {
    |        ^^^^^^^^^^^^^^^^^^^^^^^^^^^^^^^^
    |
    = note: `#[warn(dead_code)]` (part of `#[warn(unused)]`) on by default

warning: `sqlrustgo-mysql-server` (lib) generated 2 warnings (run `cargo fix --lib -p sqlrustgo-mysql-server` to apply 1 suggestion)
warning: `sqlrustgo-mysql-server` (lib test) generated 10 warnings (1 duplicate) (run `cargo fix --lib -p sqlrustgo-mysql-server --tests` to apply 8 suggestions)
warning: cannot test inner items
   --> crates/mysql-server/tests/wire_smoke_mysql_cli.rs:489:5
    |
489 |     #[test]
    |     ^^^^^^^
    |
    = note: `#[warn(unnameable_test_items)]` on by default

warning: function `test_wire_smoke_stmt_prepare_execute_param_int` is never used
   --> crates/mysql-server/tests/wire_smoke_mysql_cli.rs:490:8
    |
490 |     fn test_wire_smoke_stmt_prepare_execute_param_int() {
    |        ^^^^^^^^^^^^^^^^^^^^^^^^^^^^^^^^^^^^^^^^^^^^^^
    |
    = note: `#[warn(dead_code)]` (part of `#[warn(unused)]`) on by default

warning: unused import: `StmtParam`
 --> crates/mysql-server/tests/mysql_server_helper_tests.rs:4:66
  |
4 |     parse_stmt_execute_params, replace_placeholders, MySqlError, StmtParam,
  |                                                                  ^^^^^^^^^
  |
  = note: `#[warn(unused_imports)]` (part of `#[warn(unused)]`) on by default

warning: comparison is useless due to type limits
   --> crates/mysql-server/tests/mysql_server_helper_tests.rs:210:13
    |
210 |     assert!(val >= 0);
    |             ^^^^^^^^
    |
    = note: `#[warn(unused_comparisons)]` on by default

warning: comparison is useless due to type limits
   --> crates/mysql-server/tests/mysql_server_helper_tests.rs:217:13
    |
217 |     assert!(val >= 0);
    |             ^^^^^^^^

warning: comparison is useless due to type limits
   --> crates/mysql-server/tests/mysql_server_helper_tests.rs:224:13
    |
224 |     assert!(val >= 0);
    |             ^^^^^^^^

warning: unused import: `std::net::TcpStream`
  --> crates/mysql-server/tests/e2e_wire_protocol.rs:16:5
   |
16 | use std::net::TcpStream;
   |     ^^^^^^^^^^^^^^^^^^^
   |
   = note: `#[warn(unused_imports)]` (part of `#[warn(unused)]`) on by default

warning: unused import: `std::time::Duration`
  --> crates/mysql-server/tests/e2e_wire_protocol.rs:17:5
   |
17 | use std::time::Duration;
   |     ^^^^^^^^^^^^^^^^^^^

warning: unused variable: `error_code`
   --> crates/mysql-server/tests/e2e_wire_protocol.rs:243:52
    |
243 |         sqlrustgo_mysql_client::ResultSet::Error { error_code, .. } => {
    |                                                    ^^^^^^^^^^ help: try ignoring the field: `error_code: _`
    |
    = note: `#[warn(unused_variables)]` (part of `#[warn(unused)]`) on by default

warning: `sqlrustgo-mysql-server` (test "wire_smoke_mysql_cli") generated 2 warnings
warning: `sqlrustgo-mysql-server` (test "mysql_server_helper_tests") generated 4 warnings (run `cargo fix --test "mysql_server_helper_tests" -p sqlrustgo-mysql-server` to apply 1 suggestion)
warning: `sqlrustgo-mysql-server` (test "e2e_wire_protocol") generated 3 warnings (run `cargo fix --test "e2e_wire_protocol" -p sqlrustgo-mysql-server` to apply 3 suggestions)
    Finished `test` profile [unoptimized + debuginfo] target(s) in 0.49s
     Running unittests src/lib.rs (target/llvm-cov-target/debug/deps/sqlrustgo_mysql_server-58d5a7d0c381fc74)

running 229 tests
test helpers_tests::col_type_text_and_char_use_varstring ... ok
test helpers_tests::col_type_int ... ok
test helpers_tests::col_type_unknown_falls_back_to_varchar ... ok
test helpers_tests::col_type_varchar ... ok
test helpers_tests::col_type_datetime_and_timestamp_share_code ... ok
test helpers_tests::make_eof_packet_structure ... ok
test helpers_tests::make_ok_packet_structure ... ok
test helpers_tests::make_err_packet_structure ... ok
test helpers_tests::make_handshake_packet_structure ... ok
test helpers_tests::parse_wal_sync_mode_every_is_default ... ok
test helpers_tests::parse_wal_sync_mode_batch_default_n ... ok
test helpers_tests::parse_wal_sync_mode_batch_with_n ... ok
test helpers_tests::parse_wal_sync_mode_off ... ok
test helpers_tests::parse_wal_sync_mode_case_insensitive ... ok
test helpers_tests::compute_double_sha1_different_inputs_differ ... ok
test helpers_tests::compute_double_sha1_returns_20_bytes ... ok
test helpers_tests::read_lenenc_int_roundtrip_small ... ok
test helpers_tests::read_lenenc_int_roundtrip_2byte ... ok
test helpers_tests::read_executor_parallelism_clamps_zero_and_invalid ... ok
test helpers_tests::read_executor_parallelism_honors_env ... ok
test helpers_tests::read_executor_parallelism_defaults_to_one ... ok
test helpers_tests::read_lenenc_int_roundtrip_3byte ... ok
test helpers_tests::read_lenenc_int_null_marker_is_error ... ok
test helpers_tests::value_to_string_renders_basic_types ... ok
test helpers_tests::write_lenenc_int_251_three_bytes ... ok
test compression_tests::test_compress_decompress_roundtrip ... ok
test helpers_tests::write_lenenc_int_max_u64_nine_bytes ... ok
test helpers_tests::write_lenenc_int_small_value_one_byte ... ok
test helpers_tests::value_to_string_renders_text ... ok
test helpers_tests::write_lenenc_string_writes_len_then_bytes ... ok
test integration_tests::test_col_len_from_type_default ... ok
test integration_tests::test_col_len_from_type_float ... ok
test integration_tests::test_col_len_from_type_text ... ok
test integration_tests::test_col_type_from_string_bit ... ok
test integration_tests::test_col_type_from_string_datetime ... ok
test integration_tests::test_col_type_from_string_decimal ... ok
test integration_tests::test_col_type_from_string_float ... ok
test integration_tests::test_col_len_from_type_int1 ... ok
test integration_tests::test_col_type_from_string_integer ... ok
test integration_tests::test_col_type_from_string_mediumint ... ok
test integration_tests::test_col_len_from_type_int11 ... ok
test integration_tests::test_col_len_from_type_varchar ... ok
test integration_tests::test_col_type_from_string_text ... ok
test integration_tests::test_col_type_from_string_unknown ... ok
test integration_tests::test_col_type_from_string_varchar ... ok
test integration_tests::test_col_type_from_string_year ... ok
test integration_tests::server_thread_pool_panic_isolation ... ok
test integration_tests::server_thread_pool_graceful_shutdown ... ok
test integration_tests::test_make_eof_packet_status ... ok
test integration_tests::test_make_eof_packet ... ok
test integration_tests::test_make_err_packet_access_denied ... ok
test integration_tests::test_make_err_packet_basic ... ok
test integration_tests::test_make_err_packet_empty_message ... ok
test integration_tests::test_make_err_packet_format ... ok
test integration_tests::test_make_handshake_packet ... ok
test integration_tests::test_make_handshake_packet_seq ... ok
test integration_tests::test_make_ok_packet_basic ... ok
test integration_tests::test_make_ok_packet_with_affected_rows ... ok
test integration_tests::test_my_sql_error_source ... ok
test integration_tests::test_my_sql_error_source_none ... ok
test integration_tests::test_old_password_hash_deterministic ... ok
test integration_tests::test_old_password_hash_deterministic_salted ... ok
test integration_tests::test_old_password_hash_empty ... ok
test integration_tests::test_old_password_hash_known_value ... ok
test integration_tests::test_old_password_hash_length ... ok
test integration_tests::test_old_password_hash_long_password ... ok
test integration_tests::test_old_password_hash_special_chars ... ok
test integration_tests::test_packet_internal ... ok
test integration_tests::test_packet_max_sequence_wrap ... ok
test integration_tests::test_packet_write_to_vec_and_read ... ok
test integration_tests::test_value_to_string_blob ... ok
test integration_tests::test_value_to_string_boolean ... ok
test integration_tests::test_value_to_string_float ... ok
test integration_tests::test_value_to_string_integer ... ok
test integration_tests::test_value_to_string_large_float ... ok
test integration_tests::test_value_to_string_negative_integer ... ok
test integration_tests::test_value_to_string_null ... ok
test integration_tests::test_send_result_set_empty ... ok
test integration_tests::test_send_result_set_with_text_values ... ok
test integration_tests::test_send_result_set_single_row ... ok
test integration_tests::test_send_result_set_with_rows ... ok
test integration_tests::test_value_to_string_text ... ok
test integration_tests::test_value_to_string_unicode_text ... ok
test integration_tests::test_verify_old_password_response_basic ... ok
test integration_tests::test_verify_old_password_response_with_seed ... ok
test integration_tests::test_write_column_def_basic ... ok
test integration_tests::test_write_column_def_float ... ok
test integration_tests::test_write_column_def_varchar ... ok
test integration_tests::test_write_lenenc_int_16bit ... ok
test integration_tests::test_write_lenenc_int_24bit ... ok
test integration_tests::test_write_lenenc_int_64bit ... ok
test integration_tests::test_write_lenenc_int_small ... ok
test integration_tests::test_write_lenenc_string_basic ... ok
test integration_tests::test_write_lenenc_string_empty ... ok
test integration_tests::test_write_lenenc_string_long ... ok
test integration_tests::test_write_text_row_empty ... ok
test integration_tests::test_write_text_row_multiple_values ... ok
test integration_tests::test_write_text_row_single_value ... ok
test load_data::tests::test_parse_tbl_line_too_few_fields_errors ... ok
test load_local_infile_tests::test_parse_load_local_infile_sql_case_insensitive ... ok
test load_local_infile_tests::test_parse_load_local_infile_sql_basic ... ok
test load_data::tests::test_parse_tbl_line_basic_text ... ok
test load_data::tests::test_parse_tbl_line_no_trailing_pipe ... ok
test load_data::tests::test_parse_tbl_line_with_null ... ok
test load_local_infile_tests::test_parse_load_local_infile_sql_ignores_non_pipe_delim ... ok
test load_data::tests::test_parse_tbl_line_with_ints ... ok
test load_local_infile_tests::test_parse_load_local_infile_sql_non_matching ... ok
test load_local_infile_tests::test_parse_tbl_response_stream_basic ... ok
test testing::split_top_level_handles_double_quoted_strings ... ok
test testing::split_top_level_escaped_quote_in_string ... ok
test testing::split_top_level_handles_line_comment ... ok
test testing::split_top_level_handles_block_comment ... ok
test testing::split_top_level_no_trailing_semicolon ... ok
test testing::split_top_level_respects_paren_depth ... ok
test testing::split_top_level_respects_string_literals ... ok
test testing::split_top_level_single_statement ... ok
test testing::split_top_level_skips_empty_statements ... ok
test testing::split_top_level_trailing_semicolon ... ok
test testing::split_top_level_two_statements ... ok
test testing::testing_inline_tests::ephemeral_config_customisation_round_trip ... ok
test testing::testing_inline_tests::ephemeral_config_default_is_well_formed ... ok
test tests::classify_long_query_time_set_ignores_other_variable ... ok
test tests::classify_long_query_time_set_case_insensitive_name ... ok
test tests::classify_long_query_time_set_none_for_other_statements ... ok
test tests::classify_long_query_time_set_parses_float_seconds ... ok
test tests::classify_long_query_time_set_parses_integer_seconds ... ok
test tests::classify_long_query_time_set_rejects_invalid_value ... ok
test testing::testing_inline_tests::ephemeral_server_pool_ports_returns_pool_size_range ... ok
test tests::classify_long_query_time_set_rejects_negative ... ok
test tests::split_top_level_block_comment_skipped ... ok
test tests::split_top_level_double_quoted_string ... ok
test tests::split_top_level_escaped_quote_skips_next_char ... ok
test tests::split_top_level_empty_input ... ok
test tests::split_top_level_line_comment_skipped ... ok
test tests::split_top_level_only_whitespace ... ok
test tests::split_top_level_semicolon_inside_parens_ignored ... ok
test tests::split_top_level_semicolon_inside_string_is_ignored ... ok
test tests::split_top_level_single_statement ... ok
test tests::split_top_level_two_statements ... ok
test tests::split_top_level_with_trailing_semicolon ... ok
test load_data::tests::test_bulk_insert_three_rows ... ok
test tests::split_top_level_with_whitespace ... ok
test tests::test_binary_storage_tpch_sf1_load ... ok
test tests::test_col_len_from_type_int ... ok
test tests::test_col_len_from_type_unknown ... ok
test tests::test_col_len_from_type_varchar ... ok
test tests::test_col_type_from_string_common2 ... ok
test tests::test_col_type_from_string_top_unknown ... ok
test integration_tests::test_statement_dispatch_insert ... ok
test integration_tests::test_statement_dispatch_select ... ok
test tests::test_compute_double_sha1 ... ok
test tests::test_compute_double_sha1_different ... ok
test tests::test_count_placeholders ... ok
test tests::test_double_sha1_computation ... ok
test tests::test_extract_insert_columns_backticks ... ok
test tests::test_extract_insert_columns_basic ... ok
test tests::test_extract_insert_columns_into_with_no_col_list ... ok
test tests::test_extract_insert_columns_no_into ... ok
test tests::test_extract_insert_columns_non_insert ... ok
test tests::test_extract_where_columns_basic ... ok
test tests::test_extract_where_columns_no_where ... ok
test tests::test_extract_where_columns_single ... ok
test tests::test_make_eof_packet ... ok
test tests::test_make_eof_packet_basic ... ok
test tests::test_make_err_packet ... ok
test tests::test_is_select_stmt ... ok
test tests::test_make_err_packet_basic ... ok
test tests::test_make_handshake_packet ... ok
test tests::test_make_handshake_packet_basic ... ok
test tests::test_make_ok_packet ... ok
test tests::test_make_ok_packet_basic ... ok
test tests::test_mysql_error_display ... ok
test tests::test_packet_empty_payload ... ok
test tests::test_packet_roundtrip ... ok
test tests::test_parse_handshake_response_minimal ... ok
test tests::test_parse_handshake_response_too_short ... ok
test tests::test_parse_wal_sync_mode_batch ... ok
test tests::test_parse_wal_sync_mode_batch_invalid ... ok
test tests::test_parse_wal_sync_mode_every ... ok
test tests::test_parse_wal_sync_mode_off ... ok
test tests::test_read_lenenc_int_0xfb_error ... ok
test tests::test_read_lenenc_int_0xff_error ... ok
test tests::test_read_lenenc_int_16bit ... ok
test tests::test_read_lenenc_int_1byte ... ok
test tests::test_read_lenenc_int_24bit ... ok
test tests::test_read_lenenc_int_2bytes ... ok
test tests::test_read_lenenc_int_3bytes ... ok
test tests::test_read_lenenc_int_64bit ... ok
test tests::test_read_lenenc_int_8bytes ... ok
test tests::test_read_lenenc_int_invalid ... ok
test tests::test_read_lenenc_int_null ... ok
test tests::test_read_lenenc_int_small ... ok
test tests::test_sha1_simple ... ok
test tests::test_value_to_string ... ok
test tests::test_verify_mysql_native_password_invalid ... ok
test tests::test_verify_mysql_native_password_wrong_length ... ok
test tests::test_write_lenenc_int_16bit ... ok
test tests::test_write_lenenc_int_1byte ... ok
test tests::test_write_lenenc_int_24bit ... ok
test tests::test_verify_mysql_native_password_correct ... ok
test tests::test_statement_dispatch ... ok
test tests::test_write_lenenc_int_2bytes ... ok
test tests::test_user_store_default_user ... ok
test tests::test_verify_password_unknown_user ... ok
test tests::test_verify_password_empty_auth_response ... ok
test tests::test_write_lenenc_int_3bytes ... ok
test tests::test_write_lenenc_int_64bit ... ok
test tests::test_write_lenenc_int_8bytes ... ok
test tests::test_write_lenenc_int_small ... ok
test tests::test_write_lenenc_string ... ok
test tests::test_write_lenenc_string_basic ... ok
test tests::test_write_lenenc_string_empty ... ok
test utilities_tests::atomic_counter_increment_works ... ok
test utilities_tests::atomic_counters_initial_zero ... ok
test utilities_tests::build_engine_with_parallelism_basic ... ok
test utilities_tests::decode_lenenc_int_2byte_via_0xfc ... ok
test utilities_tests::decode_lenenc_int_8byte_via_0xfe ... ok
test utilities_tests::decode_lenenc_int_eof_returns_none ... ok
test utilities_tests::decode_lenenc_int_null_marker_returns_none ... ok
test utilities_tests::decode_lenenc_int_small_value ... ok
test utilities_tests::decode_lenenc_int_truncated_2byte_returns_none ... ok
test utilities_tests::list_threads_returns_at_least_one ... FAILED
test testing::testing_inline_tests::ephemeral_handle_drop_closes_listener ... ok
test utilities_tests::skip_auth_defaults_false ... ok
test utilities_tests::skip_auth_rejects_password ... FAILED
test utilities_tests::skip_auth_honors_none_value ... ok
test utilities_tests::read_proc_status_nonexistent_pid_returns_zero ... ok
test utilities_tests::read_proc_status_self_returns_nonzero_rss ... ok
test utilities_tests::read_fd_limit_returns_positive_soft_limit ... FAILED

failures:

---- utilities_tests::list_threads_returns_at_least_one stdout ----

thread 'utilities_tests::list_threads_returns_at_least_one' (17856106) panicked at crates/mysql-server/src/lib.rs:435:9:
expected at least 1 thread, got 0
note: run with `RUST_BACKTRACE=1` environment variable to display a backtrace

---- utilities_tests::skip_auth_rejects_password stdout ----

thread 'utilities_tests::skip_auth_rejects_password' (17856112) panicked at crates/mysql-server/src/lib.rs:468:9:
assertion failed: !skip_auth()

---- utilities_tests::read_fd_limit_returns_positive_soft_limit stdout ----

thread 'utilities_tests::read_fd_limit_returns_positive_soft_limit' (17856107) panicked at crates/mysql-server/src/lib.rs:426:9:
soft FD limit should be >= 64, got 0


failures:
    utilities_tests::list_threads_returns_at_least_one
    utilities_tests::read_fd_limit_returns_positive_soft_limit
    utilities_tests::skip_auth_rejects_password

test result: FAILED. 226 passed; 3 failed; 0 ignored; 0 measured; 0 filtered out; finished in 0.01s

error: test failed, to rerun pass `-p sqlrustgo-mysql-server --lib`
     Running unittests src/main.rs (target/llvm-cov-target/debug/deps/sqlrustgo_mysql_server-bb43d5366594ba97)

running 38 tests
test tests::handle_dot_headers_on_off ... ok
test tests::handle_dot_h_alias ... ok
test tests::handle_dot_exit_returns_exit ... ok
test tests::handle_dot_empty_command_returns_continue ... ok
test tests::handle_dot_clear_returns_continue ... ok
test tests::handle_dot_help_returns_continue ... ok
test tests::handle_dot_headers_unknown_mode_errors ... ok
test tests::handle_dot_headers_missing_arg_errors ... ok
test tests::exec_one_returns_err_on_bad_sql ... ok
test tests::handle_dot_multiline_returns_continue ... ok
test tests::handle_dot_pager_missing_arg_errors ... ok
test tests::handle_dot_pager_on_off ... ok
test tests::handle_dot_history_prints_history ... ok
test tests::handle_dot_pager_unknown_mode_errors ... ok
test tests::handle_dot_quit_alias ... ok
test tests::handle_dot_schema_missing_table_errors ... ok
test tests::handle_dot_source_missing_path_errors ... ok
test tests::handle_dot_timing_missing_arg_errors ... ok
test tests::handle_dot_timing_on_off ... ok
test tests::handle_dot_timing_unknown_mode_errors ... ok
test tests::handle_dot_unknown_command_returns_error ... ok
test tests::handle_dot_version_returns_continue ... ok
test tests::exec_one_runs_simple_select ... ok
test tests::replay_sql_file_returns_zero_for_missing_file ... ok
test tests::validate_executor_parallelism_max_ok ... ok
test tests::validate_executor_parallelism_midrange_ok ... ok
test tests::validate_executor_parallelism_min_ok ... ok
test tests::validate_executor_parallelism_non_integer_rejects ... ok
test tests::validate_executor_parallelism_over_max_rejects ... ok
test tests::validate_executor_parallelism_zero_rejects ... ok
test tests::validate_server_threads_non_integer_rejects ... ok
test tests::validate_server_threads_over_max_rejects ... ok
test tests::validate_server_threads_positive_ok ... ok
test tests::validate_server_threads_zero_is_ok ... ok
test tests::replay_sql_file_empty_file_yields_zero ... ok
test tests::handle_dot_source_runs_sql_file ... ok
test tests::replay_sql_file_skips_comment_and_blank_lines ... ok
test tests::replay_sql_file_runs_each_statement_separated_by_semicolon ... ok

test result: ok. 38 passed; 0 failed; 0 ignored; 0 measured; 0 filtered out; finished in 0.00s

     Running tests/e2e_wire_protocol.rs (target/llvm-cov-target/debug/deps/e2e_wire_protocol-4d1c978b99205104)

running 46 tests
test test_e2e_connect_refused ... ok
test test_e2e_connect_and_handshake ... ok
test test_e2e_ddl_create_table_types ... ok
test test_e2e_arithmetic_expressions ... ok
test test_e2e_count_distinct ... ok
test test_e2e_create_insert_select ... ok
test test_e2e_delete ... ok
test test_e2e_avg_aggregate ... ok
test test_e2e_ddl_create_index ... ok
test test_e2e_ddl_alter_table ... ok
test test_e2e_delete_affected_rows ... ok
test test_e2e_delete_single_row ... ok
test test_e2e_divide_by_zero ... ok
test test_e2e_delete_no_where ... ok
test test_e2e_insert_affected_rows ... ok
test test_e2e_group_by_having ... ok
test test_e2e_insert_wrong_column_count ... ok
test test_e2e_group_by_aggregates ... ok
test test_e2e_drop_table ... ok
test test_e2e_in_operator ... ok
test test_e2e_insert_multiple_rows ... ok
test test_e2e_insert_null ... ok
test test_e2e_is_null ... ok
test test_e2e_limit ... ok
test test_e2e_invalid_sql_syntax ... ok
test test_e2e_insert_with_expression - should panic ... ok
test test_e2e_min_max_aggregates ... ok
test test_e2e_multi_result_set ... ok
test test_e2e_null_handling ... ok
test test_e2e_multi_statement ... ok
test test_e2e_order_by_desc_limit ... ok
test test_e2e_select_multiple_columns_rows ... ok
test test_e2e_order_by ... ok
test test_e2e_select_distinct ... ok
test test_e2e_select_simple ... ok
test test_e2e_select_nonexistent_table ... ok
test test_e2e_select_system_version ... ok
test test_e2e_transaction_commit ... ok
test test_e2e_subquery_where ... ok
test test_e2e_update ... ok
test test_e2e_select_system_version_comment ... ok
test test_e2e_string_functions ... ok
test test_e2e_syntax_error ... ok
test test_e2e_update_no_where ... ok
test test_e2e_update_affected_rows ... ok
test test_e2e_update_single_row ... ok

test result: ok. 46 passed; 0 failed; 0 ignored; 0 measured; 0 filtered out; finished in 0.46s

     Running tests/mysql_server_helper_tests.rs (target/llvm-cov-target/debug/deps/mysql_server_helper_tests-b83740a1b8d3b8aa)

running 31 tests
test test_active_connections_accessible ... ok
test test_ephemeral_config_default_values ... ok
test test_mysql_error_from_io ... ok
test test_mysql_error_other ... ok
test test_ephemeral_config_fields_can_be_overridden ... ok
test test_mysql_error_from_string ... ok
test test_mysql_error_io ... ok
test test_ephemeral_config_with_slow_query_log_returns_self ... ok
test test_mysql_error_from_str ... ok
test test_mysql_error_protocol ... ok
test test_mysql_error_sql ... ok
test test_packet_type_alias ... ok
test test_parse_stmt_execute_params_empty_payload ... ok
test test_parse_stmt_execute_params_null_bitmap_only ... ok
test test_parse_stmt_execute_params_short_payload ... ok
test test_parse_stmt_execute_params_with_new_params_bound ... ok
test test_parse_stmt_execute_params_zero_params ... ok
test test_replace_placeholders_all_numeric ... ok
test test_replace_placeholders_basic ... ok
test test_replace_placeholders_binary_param ... ok
test test_replace_placeholders_empty_param ... ok
test test_replace_placeholders_fewer_params_than_placeholders ... ok
test test_replace_placeholders_no_params ... ok
test test_replace_placeholders_single ... ok
test test_ephemeral_config_with_slow_query_log_sets_some ... ok
test test_replace_placeholders_string_with_quotes ... ok
test test_replace_placeholders_utf8_string ... ok
test test_tls_stream_sendable ... ok
test test_total_connections_counter ... ok
test test_total_queries_served ... ok
test test_total_query_errors ... ok

test result: ok. 31 passed; 0 failed; 0 ignored; 0 measured; 0 filtered out; finished in 0.00s

     Running tests/mysql_server_tests.rs (target/llvm-cov-target/debug/deps/mysql_server_tests-c97168af0d0e7324)

running 32 tests
test test_mysql_error_debug ... ok
test test_mysql_error_other_variant ... ok
test test_mysql_error_from_str ... ok
test test_mysql_error_from_io_error ... ok
test test_mysql_error_all_variants ... ok
test test_mysql_error_protocol ... ok
test test_mysql_error_from_string ... ok
test test_mysql_error_io ... ok
test test_mysql_error_from_io ... ok
test test_mysql_error_sql ... ok
test test_packet_roundtrip_empty ... ok
test test_packet_single_byte_payload ... ok
test test_packet_max_sequence ... ok
test test_packet_payload_various_bytes ... ok
test test_packet_roundtrip_larger ... ok
test test_packet_sequence_numbers ... ok
test test_packet_struct ... ok
test test_packet_write_and_read_roundtrip ... ok
test test_packet_zero_length ... ok
test test_parse_stmt_execute_params_null_bitmap_truncated ... ok
test test_parse_stmt_execute_params_short_payload ... ok
test test_parse_stmt_execute_params_null_param ... ok
test test_parse_stmt_execute_params_zero_count ... ok
test test_replace_placeholders_empty_params_no_replacement ... ok
test test_replace_placeholders_binary_to_null ... ok
test test_replace_placeholders_multiple_same_value ... ok
test test_replace_placeholders_basic ... ok
test test_replace_placeholders_escapes_single_quote ... ok
test test_replace_placeholders_null ... ok
test test_replace_placeholders_numeric_verbatim ... ok
test test_replace_placeholders_single ... ok
test test_execution_engine_state_persistence ... ok

test result: ok. 32 passed; 0 failed; 0 ignored; 0 measured; 0 filtered out; finished in 0.00s

     Running tests/mysql_server_unit_tests.rs (target/llvm-cov-target/debug/deps/mysql_server_unit_tests-a550cb9c8e1613b6)

running 27 tests
test test_active_connections_atomic_init ... ok
test test_mysql_error_other_display ... ok
test test_mysql_error_from_string ... ok
test test_mysql_error_io_display ... ok
test test_mysql_error_from_io ... ok
test test_mysql_error_source ... ok
test test_mysql_error_from_str ... ok
test test_mysql_error_debug ... ok
test test_mysql_error_protocol_display ... ok
test test_mysql_error_all_variants_display ... ok
test test_mysql_error_sql_display ... ok
test test_parse_stmt_execute_params_empty_payload ... ok
test test_parse_stmt_execute_params_null_param ... ok
test test_parse_stmt_execute_params_string_value ... ok
test test_replace_placeholders_empty_string ... ok
test test_replace_placeholders_extra_params_ignored ... ok
test test_replace_placeholders_fewer_params ... ok
test test_replace_placeholders_multiple ... ok
test test_replace_placeholders_no_params ... ok
test test_replace_placeholders_null ... ok
test test_replace_placeholders_single_numeric ... ok
test test_replace_placeholders_single_string ... ok
test test_replace_placeholders_string_with_backslash ... ok
test test_replace_placeholders_string_with_single_quote ... ok
test test_total_connections_atomic_init ... ok
test test_total_errors_atomic_init ... ok
test test_total_queries_atomic_init ... ok

test result: ok. 27 passed; 0 failed; 0 ignored; 0 measured; 0 filtered out; finished in 0.00s

     Running tests/prepared_stmt_params_test.rs (target/llvm-cov-target/debug/deps/prepared_stmt_params_test-ccb64b7fde97c621)

running 8 tests
test parses_no_params_correctly ... ok
test parses_null_via_bitmap ... ok
test parses_single_string_param ... ok
test parses_three_mixed_params ... ok
test replace_placeholders_with_parsed_params_round_trips ... ok
test replace_placeholders_with_null_inserts_null_keyword ... ok
test parses_single_long_param ... ok
test string_with_quote_is_escaped ... ok

test result: ok. 8 passed; 0 failed; 0 ignored; 0 measured; 0 filtered out; finished in 0.00s

     Running tests/server_test.rs (target/llvm-cov-target/debug/deps/server_test-4d65fd57e8f11a47)

running 13 tests
test test_parse_tbl_line_all_null ... ok
test test_parse_tbl_line_exact_columns_no_trailing_pipe ... ok
test test_parse_tbl_line_extra_fields_ignored ... ok
test test_parse_tbl_line_floats ... ok
test test_parse_tbl_line_integers ... ok
test test_parse_tbl_line_negative_numbers ... ok
test test_parse_tbl_line_carriage_return ... ok
test test_parse_tbl_line_basic ... ok
test test_parse_tbl_line_empty_string_is_null ... ok
test test_parse_tbl_line_mixed ... ok
test test_parse_tbl_line_text_with_special_chars ... ok
test test_parse_tbl_line_too_few_fields ... ok
test test_parse_tbl_line_trailing_whitespace ... ok

test result: ok. 13 passed; 0 failed; 0 ignored; 0 measured; 0 filtered out; finished in 0.00s

     Running tests/slow_query_log.rs (target/llvm-cov-target/debug/deps/slow_query_log-69057d47cb83db62)

running 5 tests
test test_slow_query_log_emits_above_threshold ... ok
test test_slow_query_log_disabled_by_default ... ok
test test_set_long_query_time_fractional_seconds ... ok
test test_slow_query_log_mysql_format ... ok
test test_set_long_query_time_changes_threshold ... ok

test result: ok. 5 passed; 0 failed; 0 ignored; 0 measured; 0 filtered out; finished in 0.06s

     Running tests/wire_smoke_mysql_cli.rs (target/llvm-cov-target/debug/deps/wire_smoke_mysql_cli-368565cee681d957)

running 12 tests
test test_wire_smoke_reset_connection ... ok
test test_wire_smoke_reset_clears_prepared_stmts ... ok
test test_wire_smoke_stmt_prepare_execute_int ... ok
test test_wire_smoke_error_packet_structure ... ok
test test_wire_smoke_stmt_execute_after_close ... ok
test test_wire_smoke_load_data_sf1 ... ok
test test_wire_smoke_stmt_prepare_execute_param_int ... FAILED
test test_wire_smoke_stmt_close ... ok
test test_wire_smoke_stmt_close_nonexistent ... ok
test test_wire_smoke_stmt_prepare_execute_varchar ... ok
test test_wire_smoke_stmt_prepare_invalid_sql ... ok
test test_wire_smoke_stmt_prepare_null ... ok

failures:

---- test_wire_smoke_stmt_prepare_execute_param_int stdout ----
SERVER: eng.execute(sql=CREATE TABLE tp (id INT PRIMARY KEY, name VARCHAR(50)))
SERVER: eng.execute(sql=INSERT INTO tp VALUES (1, 'Alice'))
SERVER: eng.execute(sql=INSERT INTO tp VALUES (2, 'Bob'))

thread 'test_wire_smoke_stmt_prepare_execute_param_int' (17856614) panicked at crates/mysql-server/tests/wire_smoke_mysql_cli.rs:150:13:
expected Select, got OK(0)
note: run with `RUST_BACKTRACE=1` environment variable to display a backtrace


failures:
    test_wire_smoke_stmt_prepare_execute_param_int

test result: FAILED. 11 passed; 1 failed; 0 ignored; 0 measured; 0 filtered out; finished in 0.17s

error: test failed, to rerun pass `-p sqlrustgo-mysql-server --test wire_smoke_mysql_cli`
error: 2 targets failed:
    `-p sqlrustgo-mysql-server --lib`
    `-p sqlrustgo-mysql-server --test wire_smoke_mysql_cli`
warning: process didn't exit successfully: `/Users/liying/.rustup/toolchains/1.97.0-aarch64-apple-darwin/bin/cargo test --no-fail-fast --manifest-path /Users/liying/workspace/dev/yinglichina163/sqlrustgo/Cargo.toml --target-dir /Users/liying/workspace/dev/yinglichina163/sqlrustgo/target/llvm-cov-target -p sqlrustgo-mysql-server --all-features --tests` (exit status: 101)

    Finished report saved to docs/releases/v3.12.0/coverage-baseline/current_5904d0d4df_20260812_212126/sqlrustgo-mysql-server.json
