info: cargo-llvm-cov currently setting cfg(coverage); you can opt-out it by passing --no-cfg-coverage
warning: /Users/liying/workspace/dev/yinglichina163/sqlrustgo/crates/tools/Cargo.toml: unused manifest key: bin.1.rand
warning: unused variable: `patterns`
   --> crates/optimizer/src/decorrelate.rs:453:13
    |
453 |         let patterns = find_correlated_subqueries(where_expr, &[]);
    |             ^^^^^^^^ help: if this is intentional, prefix it with an underscore: `_patterns`
    |
    = note: `#[warn(unused_variables)]` (part of `#[warn(unused)]`) on by default

warning: unused variable: `cost`
   --> crates/optimizer/src/unified_cost.rs:634:20
    |
634 |         let (path, cost) = model.select_best_path(100.0, 50.0, 200.0, Some(80.0), Some(150.0));
    |                    ^^^^ help: if this is intentional, prefix it with an underscore: `_cost`

warning: unused variable: `cost`
   --> crates/optimizer/src/unified_cost.rs:665:20
    |
665 |         let (path, cost) = model.select_best_path(100.0, 500.0, 200.0, Some(30.0), Some(25.0));
    |                    ^^^^ help: if this is intentional, prefix it with an underscore: `_cost`

warning: field `modified` is never read
   --> crates/optimizer/src/rules.rs:138:9
    |
137 |     struct TestPlan {
    |            -------- field in this struct
138 |         modified: bool,
    |         ^^^^^^^^
    |
    = note: `TestPlan` has a derived impl for the trait `Debug`, but this is intentionally ignored during dead code analysis
    = note: `#[warn(dead_code)]` (part of `#[warn(unused)]`) on by default

warning: `sqlrustgo-optimizer` (lib test) generated 4 warnings (run `cargo fix --lib -p sqlrustgo-optimizer --tests` to apply 3 suggestions)
    Finished `test` profile [unoptimized + debuginfo] target(s) in 0.09s
     Running unittests src/lib.rs (target/llvm-cov-target/debug/deps/sqlrustgo_optimizer-ee22100a5a492565)

running 246 tests
test cost::tests::test_agg_cost_zero_groups ... ok
test cost::tests::test_agg_cost ... ok
test cost::tests::test_cost_model_trait ... ok
test cost::tests::test_cost_model_estimate_cost ... ok
test cost::tests::test_join_cost_unknown_method ... ok
test cost::tests::test_join_cost_sort_merge ... ok
test cost::tests::test_index_scan_cost ... ok
test cost::tests::test_index_scan_cost_zero_rows ... ok
test cost::tests::test_join_cost_nested_loop ... ok
test cost::tests::test_join_cost_hash_join ... ok
test cost::tests::test_seq_scan_cost ... ok
test cost::tests::test_seq_scan_cost_zero_rows ... ok
test cost::tests::test_simple_cost_model_default ... ok
test cost::tests::test_simple_cost_model_new ... ok
test cost::tests::test_sort_cost_in_memory ... ok
test cost::tests::test_sort_cost_external ... ok
test decorrelate::tests::no_subqueries_returns_empty ... ok
test decorrelate::tests::detects_where_exists ... ok
test decorrelate::tests::detects_scalar_subquery_in_where_compare ... ok
test decorrelate::tests::detects_where_not_exists ... ok
test decorrelate::tests::detects_select_list_scalar_subquery ... ok
test decorrelate::tests_v2::v2_try_decorrelate_exists_returns_inner_select ... ok
test decorrelate::tests_v2::v2_rewritten_predicate_contains_literal ... ok
test decorrelate::tests::detects_nested_in_and_expression ... ok
test decorrelate::tests::detects_where_in_subquery ... ok
test decorrelate::tests_v2::v2_try_decorrelate_complex_multi_pattern ... ok
test decorrelate::tests_v2::v2_try_decorrelate_in_returns_inner ... ok
test decorrelate::tests_v2::v2_try_decorrelate_no_subqueries_returns_none ... ok
test graph_cost::tests::test_estimate_plan_cost ... ok
test graph_cost::tests::test_graph_cost_factors_default ... ok
test graph_cost::tests::test_graph_index_type_default ... ok
test decorrelate::tests_v2::v2_try_decorrelate_not_exists_returns_anti ... ok
test graph_cost::tests::test_graph_scan_cheaper_than_sql_traversal ... ok
test graph_cost::tests::test_pattern_match_cost ... ok
test graph_cost::tests::test_reachability_cost ... ok
test graph_cost::tests::test_shortest_path_cost ... ok
test graph_cost::tests::test_traversal_cost ... ok
test index_selector::tests::test_analyze_and_predicate ... ok
test index_selector::tests::test_analyze_and_predicate_left_first ... ok
test index_selector::tests::test_analyze_eq_predicate ... ok
test index_selector::tests::test_analyze_gt_predicate ... ok
test index_selector::tests::test_analyze_gte_predicate ... ok
test index_selector::tests::test_analyze_in_predicate_returns_none ... ok
test index_selector::tests::test_analyze_is_not_null_predicate_returns_none ... ok
test index_selector::tests::test_analyze_is_null_predicate_returns_none ... ok
test index_selector::tests::test_analyze_lt_predicate ... ok
test index_selector::tests::test_analyze_lte_predicate ... ok
test index_selector::tests::test_analyze_not_predicate_returns_none ... ok
test index_selector::tests::test_analyze_or_predicate_returns_none ... ok
test index_selector::tests::test_estimate_index_benefit ... ok
test index_selector::tests::test_debug_trait ... ok
test index_selector::tests::test_estimate_index_benefit_high_selectivity ... ok
test index_selector::tests::test_estimate_index_benefit_zero_rows ... ok
test index_selector::tests::test_index_selection_indexscan ... ok
test index_selector::tests::test_index_selection_seqscan ... ok
test network_cost::tests::test_network_cost_calculate ... ok
test network_cost::tests::test_network_cost_calculate_transfer_time ... ok
test network_cost::tests::test_network_cost_debug ... ok
test network_cost::tests::test_network_cost_new ... ok
test network_cost::tests::test_network_cost_zero_bytes ... ok
test network_cost::tests::test_simple_estimator_custom ... ok
test network_cost::tests::test_simple_estimator_default ... ok
test network_cost::tests::test_simple_estimator_same_node ... ok
test path_selector::tests::test_path_selection_reasoning ... ok
test path_selector::tests::test_path_selection_should_use_hybrid ... ok
test path_selector::tests::test_path_selector_config_default ... ok
test path_selector::tests::test_analyze_graph_scan ... ok
test path_selector::tests::test_path_selector_with_defaults ... ok
test plan::tests::test_optimizer_error_all_variants ... ok
test path_selector::tests::test_analyze_vector_scan ... ok
test plan::tests::test_optimizer_error_debug ... ok
test plan::tests::test_optimizer_error_invalid_plan ... ok
test plan::tests::test_optimizer_error_optimization_failed ... ok
test plan::tests::test_optimizer_error_rule_failed ... ok
test plan::tests::test_optimizer_result_err ... ok
test plan::tests::test_optimizer_result_ok ... ok
test query_planner::tests::test_cache_hit ... ok
test query_planner::tests::test_clear_cache ... ok
test query_planner::tests::test_path_selection_debug ... ok
test query_planner::tests::test_plan_alternative_latency ... ok
test query_planner::tests::test_plan_alternative_new ... ok
test query_planner::tests::test_plan_alternatives ... ok
test query_planner::tests::test_plan_alternatives_sql_cheapest ... ok
test query_planner::tests::test_plan_alternatives_with_multiple ... ok
test query_planner::tests::test_plan_config_enable_visualization ... ok
test query_planner::tests::test_plan_filter ... ok
test query_planner::tests::test_plan_graph_scan ... ok
test query_planner::tests::test_plan_join ... ok
test query_planner::tests::test_plan_limit ... ok
test query_planner::tests::test_plan_projection ... ok
test query_planner::tests::test_plan_result_debug ... ok
test query_planner::tests::test_plan_table_scan ... ok
test query_planner::tests::test_plan_with_custom_config ... ok
test query_planner::tests::test_plan_with_disabled_cache ... ok
test query_planner::tests::test_plan_vector_scan ... ok
test query_planner::tests::test_query_planner_config_default ... ok
test query_planner::tests::test_query_planner_with_defaults ... ok
test query_planner::tests::test_visualize_text ... ok
test query_planner::tests::test_visualize_text_with_empty_relation ... ok
test query_planner::tests::test_visualize_text_with_filter ... ok
test query_planner::tests::test_visualize_text_with_join ... ok
test query_planner::tests::test_visualize_text_with_limit ... ok
test query_planner::tests::test_visualize_text_with_projection ... ok
test query_planner::tests::test_visualize_text_with_graph_scan ... ok
test rules::tests::test_constant_folding_apply ... ok
test rules::tests::test_constant_folding_default ... ok
test rules::tests::test_constant_folding_name ... ok
test rules::tests::test_predicate_pushdown_apply ... ok
test query_planner::tests::test_visualize_text_with_vector_scan ... ok
test rules::tests::test_predicate_pushdown_default ... ok
test rules::tests::test_predicate_pushdown_name ... ok
test rules::tests::test_projection_pruning_apply ... ok
test rules::tests::test_projection_pruning_default ... ok
test rules::tests::test_projection_pruning_name ... ok
test stats::tests::test_column_selectivity ... ok
test stats::tests::test_column_stats ... ok
test stats::tests::test_column_stats_builder_pattern ... ok
test stats::tests::test_column_stats_debug ... ok
test stats::tests::test_column_stats_default ... ok
test stats::tests::test_column_stats_eq_selectivity ... ok
test stats::tests::test_column_stats_eq_selectivity_large_distinct ... ok
test stats::tests::test_column_stats_eq_selectivity_nonzero ... ok
test stats::tests::test_column_stats_eq_selectivity_small_distinct ... ok
test stats::tests::test_column_stats_eq_selectivity_zero_distinct ... ok
test stats::tests::test_column_stats_named_constructor ... ok
test stats::tests::test_column_stats_range ... ok
test stats::tests::test_column_stats_range_selectivity ... ok
test stats::tests::test_column_stats_range_selectivity_edge_cases ... ok
test stats::tests::test_column_stats_with_average ... ok
test stats::tests::test_default_stats_collector_debug ... ok
test stats::tests::test_default_stats_collector_new ... ok
test stats::tests::test_estimated_rows ... ok
test stats::tests::test_estimated_rows_with_stats ... ok
test stats::tests::test_in_memory_provider ... ok
test stats::tests::test_in_memory_provider_clear_stats ... ok
test stats::tests::test_in_memory_provider_debug ... ok
test stats::tests::test_in_memory_provider_estimated_rows ... ok
test stats::tests::test_in_memory_provider_estimated_rows_not_found ... ok
test stats::tests::test_in_memory_provider_get_stats ... ok
test stats::tests::test_in_memory_provider_get_stats_not_found ... ok
test stats::tests::test_in_memory_provider_has_stats ... ok
test stats::tests::test_in_memory_provider_remove_stats ... ok
test stats::tests::test_in_memory_provider_table_stats ... ok
test stats::tests::test_in_memory_provider_table_stats_via_get ... ok
test stats::tests::test_in_memory_provider_update_not_found ... ok
test stats::tests::test_in_memory_statistics_provider_debug ... ok
test stats::tests::test_provider_column_stats ... ok
test stats::tests::test_provider_column_stats_not_found ... ok
test stats::tests::test_provider_has_stats ... ok
test stats::tests::test_provider_selectivity_default ... ok
test stats::tests::test_provider_update_stats ... ok
test stats::tests::test_selectivity ... ok
test stats::tests::test_stats_error_debug ... ok
test stats::tests::test_stats_error_display ... ok
test stats::tests::test_stats_error_invalid_stats ... ok
test stats::tests::test_stats_error_table_not_found ... ok
test stats::tests::test_stats_error_update_failed ... ok
test stats::tests::test_stats_error_update_failed_display ... ok
test stats::tests::test_stats_result ... ok
test stats::tests::test_stats_result_is_err ... ok
test stats::tests::test_stats_result_is_ok ... ok
test stats::tests::test_table_selectivity ... ok
test stats::tests::test_table_stats ... ok
test stats::tests::test_table_stats_builder_pattern ... ok
test stats::tests::test_table_stats_column_not_found ... ok
test stats::tests::test_table_stats_default ... ok
test stats::tests::test_table_stats_estimate_selectivity_default ... ok
test stats::tests::test_table_stats_debug ... ok
test stats::tests::test_table_stats_get_column_stats_not_found ... ok
test stats::tests::test_table_stats_row_count ... ok
test stats::tests::test_table_stats_size_bytes ... ok
test stats::tests::test_table_stats_with_column_stats ... ok
test stats::tests::test_table_stats_with_column_stats_hashmap ... ok
test stats::tests::test_table_stats_with_multiple_columns ... ok
test stats::tests::test_table_stats_with_size ... ok
test tests::test_cost_model_trait ... ok
test tests::test_noop_optimizer_optimize ... ok
test tests::test_noop_optimizer_trait_object ... ok
test tests::test_rule_set_add_rule ... ok
test tests::test_rule_set_default ... ok
test tests::test_rule_set_multiple_rules ... ok
test tests::test_rule_set_new ... ok
test tests::test_rule_set_no_changes ... ok
test tests::test_rule_trait ... ok
test unified_cost::tests::test_cost_model_with_statistics ... ok
test unified_cost::tests::test_cost_with_updated_stats ... ok
test unified_cost::tests::test_estimate_empty_relation_cost ... ok
test unified_cost::tests::test_estimate_graph_cost ... ok
test unified_cost::tests::test_estimate_hybrid_graph_scan ... ok
test unified_cost::tests::test_estimate_hybrid_vector_scan ... ok
test unified_cost::tests::test_estimate_join_cost ... ok
test unified_cost::tests::test_estimate_sql_graph_join_cost ... ok
test unified_cost::tests::test_estimate_vector_cost ... ok
test unified_cost::tests::test_estimate_vector_cost_ann ... ok
test unified_cost::tests::test_estimate_vector_cost_range ... ok
test unified_cost::tests::test_estimate_vector_cost_similarity ... ok
test unified_cost::tests::test_estimate_vector_graph_join_cost ... ok
test unified_cost::tests::test_execution_path_involves ... ok
test unified_cost::tests::test_execution_path_is_hybrid ... ok
test unified_cost::tests::test_select_best_path ... ok
test unified_cost::tests::test_select_best_path_all_invalid_fallback ... ok
test unified_cost::tests::test_select_best_path_graph_cheapest ... ok
test unified_cost::tests::test_select_best_path_hybrid_sql_graph_cheapest ... ok
test unified_cost::tests::test_select_best_path_hybrid_sql_vector_cheapest ... ok
test unified_cost::tests::test_select_best_path_some_invalid ... ok
test unified_cost::tests::test_select_best_path_sql ... ok
test unified_cost::tests::test_select_best_path_with_all_hybrid_costs ... ok
test unified_cost::tests::test_select_best_path_with_hybrid_costs ... ok
test unified_cost::tests::test_sql_vector_join_cost ... ok
test unified_cost::tests::test_unified_cost_model_accessors ... ok
test unified_cost::tests::test_unified_cost_model_default ... ok
test unified_cost::tests::test_update_table_stats ... ok
test unified_plan::tests::test_aggregate_cardinality ... ok
test unified_plan::tests::test_empty_relation_cardinality ... ok
test unified_plan::tests::test_estimate_cardinality ... ok
test unified_plan::tests::test_filter_cardinality ... ok
test unified_plan::tests::test_graph_pattern_default ... ok
test unified_plan::tests::test_graph_scan_pattern_match_cardinality ... ok
test unified_plan::tests::test_graph_scan_reachability_cardinality ... ok
test unified_plan::tests::test_graph_scan_shortest_path_cardinality ... ok
test unified_plan::tests::test_graph_scan_traversal_cardinality ... ok
test unified_plan::tests::test_hybrid_graph_scan ... ok
test unified_plan::tests::test_hybrid_vector_scan ... ok
test unified_plan::tests::test_hybrid_vector_scan_without_limit ... ok
test unified_plan::tests::test_index_scan_cardinality ... ok
test unified_plan::tests::test_is_graph_op ... ok
test unified_plan::tests::test_is_sql_only ... ok
test unified_plan::tests::test_is_vector_op ... ok
test unified_plan::tests::test_join_cardinality ... ok
test unified_plan::tests::test_knn_scan_type ... ok
test unified_plan::tests::test_limit_larger_than_input ... ok
test unified_plan::tests::test_limit_smaller_than_input ... ok
test unified_plan::tests::test_sort_cardinality ... ok
test unified_plan::tests::test_sql_graph_join ... ok
test unified_plan::tests::test_sql_vector_join ... ok
test unified_plan::tests::test_unified_plan_type_name ... ok
test unified_plan::tests::test_vector_graph_join ... ok
test vector_cost::tests::test_ann_cost ... ok
test vector_cost::tests::test_knn_cost ... ok
test unified_plan::tests::test_vector_scan_without_limit ... ok
test vector_cost::tests::test_estimate_plan_cost ... ok
test vector_cost::tests::test_range_cost ... ok
test vector_cost::tests::test_similarity_cost ... ok
test vector_cost::tests::test_vector_cost_factors_default ... ok
test vector_cost::tests::test_vector_scan_cheaper_than_sql ... ok
test vector_cost::tests::test_vector_index_type_default ... ok

test result: ok. 246 passed; 0 failed; 0 ignored; 0 measured; 0 filtered out; finished in 0.01s

     Running tests/histogram_e2e.rs (target/llvm-cov-target/debug/deps/histogram_e2e-a5d638ecfd3fbe88)

running 8 tests
test test_histogram_empty_values_returns_none ... ok
test test_unified_cost_falls_back_to_heuristic ... ok
test test_histogram_populated_in_table_stats ... ok
test test_histogram_buckets_sorted_by_lower_bound ... ok
test test_unified_cost_selectivity_uses_histogram ... ok
test test_histogram_lt_selectivity_linear_interpolation ... ok
test test_histogram_eq_selectivity_with_uniform_data ... ok
test test_analyze_then_selectivity_roundtrip ... ok

test result: ok. 8 passed; 0 failed; 0 ignored; 0 measured; 0 filtered out; finished in 0.00s

     Running tests/optimizer_chain_tests.rs (target/llvm-cov-target/debug/deps/optimizer_chain_tests-d5155dcad7d002f7)

running 21 tests
test test_cost_model_index_scan ... ok
test test_cost_model_seq_scan ... ok
test test_cost_model_agg ... ok
test test_cost_model_sort ... ok
test test_cost_model_join_hash ... ok
test test_cost_model_join_nested_loop ... ok
test test_planner_cache_hit ... ok
test test_planner_aggregate_with_having ... ok
test test_planner_clear_cache ... ok
test test_planner_aggregate ... ok
test test_planner_hybrid_scan ... ok
test test_planner_left_join ... ok
test test_planner_graph_scan ... ok
test test_planner_limit ... ok
test test_planner_limit_offset ... ok
test test_planner_order_by ... ok
test test_planner_result_not_null ... ok
test test_planner_table_scan ... ok
test test_planner_two_table_join ... ok
test test_planner_with_projection ... ok
test test_planner_vector_scan ... ok

test result: ok. 21 passed; 0 failed; 0 ignored; 0 measured; 0 filtered out; finished in 0.00s

     Running tests/should_parallelize_test.rs (target/llvm-cov-target/debug/deps/should_parallelize_test-8a77b7d20c60c317)

running 11 tests
test test_estimate_selectivity_not ... ok
test test_estimate_selectivity_and ... ok
test test_should_parallelize_large_table ... ok
test test_is_compute_bound_high_selectivity_large_input ... ok
test test_estimate_selectivity_lt ... ok
test test_is_compute_bound_high_selectivity_small_input ... ok
test test_should_parallelize_for_update_disables ... ok
test test_estimate_selectivity_eq ... ok
test test_should_parallelize_small_table ... ok
test test_estimate_selectivity_or ... ok
test test_should_parallelize_unknown_table ... ok

test result: ok. 11 passed; 0 failed; 0 ignored; 0 measured; 0 filtered out; finished in 0.00s


    Finished report saved to docs/releases/v3.12.0/coverage-baseline/current_5904d0d4df_20260812_212126/sqlrustgo-optimizer.json
