info: cargo-llvm-cov currently setting cfg(coverage); you can opt-out it by passing --no-cfg-coverage
warning: /Users/liying/workspace/dev/yinglichina163/sqlrustgo/crates/tools/Cargo.toml: unused manifest key: bin.1.rand
warning: variable does not need to be mutable
   --> crates/catalog/src/catalog.rs:531:13
    |
531 |         let mut catalog = create_test_catalog();
    |             ----^^^^^^^
    |             |
    |             help: remove this `mut`
    |
    = note: `#[warn(unused_mut)]` (part of `#[warn(unused)]`) on by default

warning: unused variable: `schemas`
   --> crates/catalog/src/catalog.rs:532:13
    |
532 |         let schemas: Vec<_> = catalog.all_schemas();
    |             ^^^^^^^ help: if this is intentional, prefix it with an underscore: `_schemas`
    |
    = note: `#[warn(unused_variables)]` (part of `#[warn(unused)]`) on by default

warning: variable does not need to be mutable
   --> crates/catalog/src/catalog.rs:545:13
    |
545 |         let mut catalog = create_test_catalog();
    |             ----^^^^^^^
    |             |
    |             help: remove this `mut`

warning: `sqlrustgo-catalog` (lib test) generated 3 warnings (run `cargo fix --lib -p sqlrustgo-catalog --tests` to apply 3 suggestions)
    Finished `test` profile [unoptimized + debuginfo] target(s) in 0.12s
     Running unittests src/lib.rs (target/llvm-cov-target/debug/deps/sqlrustgo_catalog-77f4cb984b46dd6f)

running 183 tests
test auth::tests::test_constant_time_eq ... ok
test auth::tests::test_create_role ... ok
test auth::tests::test_auth_error_display ... ok
test auth::tests::test_check_privilege_denied ... ok
test auth::tests::test_all_users_iterator ... ok
test auth::tests::test_check_privilege_with_wildcard ... ok
test auth::tests::test_authenticate_wildcard ... ok
test auth::tests::test_all_privilege_implies_all ... ok
test auth::tests::test_all_privileges_iterator ... ok
test auth::tests::test_authenticate ... ok
test auth::tests::test_create_role_with_invalid_parent ... ok
test auth::tests::test_create_user ... ok
test auth::tests::test_delete_without_privilege ... ok
test auth::tests::test_drop_role ... ok
test auth::tests::test_drop_role_not_found ... ok
test auth::tests::test_drop_user ... ok
test auth::tests::test_drop_user_not_found ... ok
test auth::tests::test_duplicate_role_error ... ok
test auth::tests::test_duplicate_user_error ... ok
test auth::tests::test_find_exact_user_and_wildcard_user ... ok
test auth::tests::test_get_authorized_columns_empty_user ... ok
test auth::tests::test_get_authorized_columns_other_table ... ok
test auth::tests::test_get_authorized_columns_wildcard ... ok
test auth::tests::test_get_user_privileges ... ok
test auth::tests::test_get_user_roles_recursive ... ok
test auth::tests::test_grant_column_privilege ... ok
test auth::tests::test_grant_column_privilege_multi_columns ... ok
test auth::tests::test_grant_column_privilege_replace ... ok
test auth::tests::test_grant_option ... ok
test auth::tests::test_grant_privilege ... ok
test auth::tests::test_grant_role_to_nonexistent_role ... ok
test auth::tests::test_grant_role_to_user ... ok
test auth::tests::test_grantee_type ... ok
test auth::tests::test_has_grant_option ... ok
test auth::tests::test_hash_password ... ok
test auth::tests::test_list_grants ... ok
test auth::tests::test_list_users_and_roles ... ok
test auth::tests::test_matches_column ... ok
test auth::tests::test_object_ref_column ... ok
test auth::tests::test_object_ref_database ... ok
test auth::tests::test_object_ref_matches ... ok
test auth::tests::test_object_ref_table ... ok
test auth::tests::test_object_type_from_str ... ok
test auth::tests::test_privilege_display ... ok
test auth::tests::test_privilege_from_str ... ok
test auth::tests::test_privilege_grant_matches ... ok
test auth::tests::test_privilege_grant_matches_all ... ok
test auth::tests::test_privilege_grant_matches_wildcard_database ... ok
test auth::tests::test_public_role ... ok
test auth::tests::test_revoke_privilege ... ok
test auth::tests::test_revoke_privilege_not_found ... ok
test auth::tests::test_scram_credential_constants ... ok
test auth::tests::test_select_star_column_filter_projection ... ok
test auth::tests::test_show_grants ... ok
test auth::tests::test_user_identity_hash_and_eq ... ok
test auth::tests::test_user_identity_new_and_normalize ... ok
test auth::tests::test_verify_password ... ok
test catalog::tests::test_add_and_get_schema ... ok
test catalog::tests::test_add_and_get_stored_procedure ... ok
test catalog::tests::test_all_schemas ... ok
test catalog::tests::test_catalog_creation ... ok
test catalog::tests::test_catalog_with_default_database ... ok
test catalog::tests::test_duplicate_schema ... ok
test catalog::tests::test_duplicate_stored_procedure ... ok
test catalog::tests::test_has_database ... ok
test catalog::tests::test_has_schema ... ok
test catalog::tests::test_remove_stored_procedure_not_found ... ok
test catalog::tests::test_set_default_database ... ok
test catalog::tests::test_set_default_database_not_found ... ok
test catalog::tests::test_remove_stored_procedure ... ok
test catalog::tests::test_set_default_schema ... ok
test catalog::tests::test_set_default_schema_not_found ... ok
test column::tests::test_column_creation ... ok
test column::tests::test_column_not_null ... ok
test column::tests::test_column_primary_key ... ok
test column::tests::test_validate_empty_name ... ok
test column::tests::test_validate_nullable_pk ... ok
test column::tests::test_value_matches_type ... ok
test data_type::tests::test_data_type_clone ... ok
test data_type::tests::test_data_type_copy ... ok
test data_type::tests::test_data_type_debug ... ok
test data_type::tests::test_data_type_partial_eq_all ... ok
test data_type::tests::test_data_type_sql_name ... ok
test data_type::tests::test_data_type_sql_name_all ... ok
test data_type::tests::test_default ... ok
test data_type::tests::test_display ... ok
test data_type::tests::test_is_equatable_all ... ok
test data_type::tests::test_is_orderable ... ok
test data_type::tests::test_is_orderable_all ... ok
test data_type::tests::test_parse_sql_name ... ok
test data_type::tests::test_parse_sql_name_all ... ok
test data_type::tests::test_valid_for_primary_key ... ok
test data_type::tests::test_valid_for_primary_key_all ... ok
test database::tests::test_add_and_get_schema ... ok
test database::tests::test_database_creation ... ok
test database::tests::test_cannot_remove_default_schema ... ok
test database::tests::test_database_with_default_schema ... ok
test database::tests::test_duplicate_schema ... ok
test database::tests::test_remove_schema ... ok
test database::tests::test_set_default_schema ... ok
test database::tests::test_set_default_schema_not_found ... ok
test error::tests::test_catalog_result_err ... ok
test error::tests::test_catalog_result_ok ... ok
test error::tests::test_column_not_found ... ok
test error::tests::test_cyclic_dependency ... ok
test error::tests::test_duplicate_column ... ok
test error::tests::test_duplicate_schema ... ok
test error::tests::test_duplicate_table ... ok
test error::tests::test_foreign_key_violation ... ok
test error::tests::test_invalid_primary_key ... ok
test error::tests::test_invariant_violation ... ok
test error::tests::test_schema_not_found ... ok
test error::tests::test_serialization_error ... ok
test error::tests::test_table_not_found ... ok
test index::tests::test_index_clone ... ok
test index::tests::test_index_creation ... ok
test index::tests::test_index_debug ... ok
test index::tests::test_index_type_btree ... ok
test index::tests::test_index_type_enum ... ok
test index::tests::test_index_type_fulltext ... ok
test index::tests::test_index_type_hash ... ok
test index::tests::test_index_with_multiple_columns ... ok
test index::tests::test_primary_key_index ... ok
test index::tests::test_unique_index ... ok
test row_level_security::tests::test_create_and_drop_policy ... ok
test row_level_security::tests::test_check_write_violation ... ok
test row_level_security::tests::test_filter_rows_basic ... ok
test row_level_security::tests::test_filter_rows_disabled ... ok
test row_level_security::tests::test_filter_rows_text ... ok
test row_level_security::tests::test_is_null ... ok
test row_level_security::tests::test_multiple_policies ... ok
test row_level_security::tests::test_rls_enable_disable ... ok
test schema::tests::test_duplicate_table ... ok
test schema::tests::test_get_table ... ok
test schema::tests::test_get_table_returns_arc ... ok
test schema::tests::test_has_table ... ok
test schema::tests::test_multiple_tables ... ok
test schema::tests::test_remove_nonexistent_table ... ok
test schema::tests::test_remove_table ... ok
test schema::tests::test_schema_clone ... ok
test schema::tests::test_schema_creation ... ok
test schema::tests::test_schema_debug ... ok
test schema::tests::test_schema_validate ... ok
test schema::tests::test_schema_new ... ok
test schema::tests::test_table_count ... ok
test schema::tests::test_table_names ... ok
test schema::tests::test_tables_returns_arc ... ok
test stored_proc::tests::test_param_mode ... ok
test stored_proc::tests::test_stored_procedure_creation ... ok
test system_tables::mysql_db::tests::test_bool_to_yn ... ok
test system_tables::mysql_db::tests::test_extract_db_name ... ok
test system_tables::mysql_db::tests::test_rows_empty ... ok
test system_tables::mysql_db::tests::test_schema ... ok
test system_tables::mysql_db::tests::test_rows_with_privileges ... ok
test system_tables::mysql_user::tests::test_rows_empty ... ok
test system_tables::mysql_user::tests::test_rows_with_users ... ok
test system_tables::mysql_user::tests::test_schema ... ok
test table::tests::test_add_column ... ok
test table::tests::test_add_column_duplicate_detection ... ok
test table::tests::test_add_column_duplicate_error ... ok
test table::tests::test_add_foreign_key ... ok
test table::tests::test_add_index ... ok
test table::tests::test_column_names ... ok
test table::tests::test_get_column ... ok
test table::tests::test_get_column_mut ... ok
test table::tests::test_get_primary_key_columns ... ok
test table::tests::test_get_primary_key_columns_none ... ok
test table::tests::test_primary_key_column_not_found ... ok
test table::tests::test_set_row_count ... ok
test table::tests::test_table_creation ... ok
test table::tests::test_table_with_indices ... ok
test table::tests::test_validate_composite_foreign_key ... ok
test table::tests::test_validate_composite_primary_key ... ok
test table::tests::test_validate_duplicate_column ... ok
test table::tests::test_validate_duplicate_column_in_new ... ok
test table::tests::test_validate_foreign_key_column_count_mismatch ... ok
test table::tests::test_validate_pk_nullable ... ok
test table::tests::test_validate_self_referencing_foreign_key ... ok
test auth::tests::test_scram_credential_new ... ok
test auth::tests::test_scram_credential_clone_and_debug ... ok
test auth::tests::test_scram_credential_verify_success ... ok
test auth::tests::test_scram_credential_different_passwords_different_keys ... ok
test auth::tests::test_scram_credential_verify_failure ... ok

test result: ok. 183 passed; 0 failed; 0 ignored; 0 measured; 0 filtered out; finished in 2.20s


    Finished report saved to docs/releases/v3.12.0/coverage-baseline/current_5904d0d4df_20260812_212126/sqlrustgo-catalog.json
