info: cargo-llvm-cov currently setting cfg(coverage); you can opt-out it by passing --no-cfg-coverage
warning: /Users/liying/workspace/dev/yinglichina163/sqlrustgo/crates/tools/Cargo.toml: unused manifest key: bin.1.rand
warning: variable does not need to be mutable
  --> crates/planner/tests/planner_chain_tests.rs:93:9
   |
93 |     let mut planner = DefaultPlanner::new();
   |         ----^^^^^^^
   |         |
   |         help: remove this `mut`
   |
   = note: `#[warn(unused_mut)]` (part of `#[warn(unused)]`) on by default

warning: `sqlrustgo-planner` (test "planner_chain_tests") generated 1 warning (run `cargo fix --test "planner_chain_tests" -p sqlrustgo-planner` to apply 1 suggestion)
    Finished `test` profile [unoptimized + debuginfo] target(s) in 0.23s
     Running unittests src/lib.rs (target/llvm-cov-target/debug/deps/sqlrustgo_planner-4a602cce97b1a63b)

running 84 tests
test logical_plan::tests::test_logical_plan_empty_relation ... ok
test logical_plan::tests::test_logical_plan_table_scan ... ok
test logical_plan::tests::test_logical_plan_schema_sort ... ok
test logical_plan::tests::test_logical_plan_schema_filter ... ok
test logical_plan::tests::test_logical_plan_drop_table ... ok
test logical_plan::tests::test_logical_plan_delete ... ok
test logical_plan::tests::test_logical_plan_create_table ... ok
test logical_plan::tests::test_logical_plan_schema_limit ... ok
test logical_plan::tests::test_logical_plan_update ... ok
test logical_plan::tests::test_logical_plan_values ... ok
test physical_plan::tests::test_aggregate_exec ... ok
test physical_plan::tests::test_delete_exec ... ok
test physical_plan::tests::test_delete_exec_with_predicate ... ok
test physical_plan::tests::test_filter_exec ... ok
test physical_plan::tests::test_filter_exec_accessors ... ok
test physical_plan::tests::test_hash_join_exec ... ok
test physical_plan::tests::test_limit_exec ... ok
test physical_plan::tests::test_limit_exec_accessors ... ok
test physical_plan::tests::test_limit_exec_with_offset ... ok
test physical_plan::tests::test_projection_exec ... ok
test physical_plan::tests::test_projection_exec_accessors ... ok
test physical_plan::tests::test_seq_scan_exec ... ok
test physical_plan::tests::test_seq_scan_exec_accessors ... ok
test physical_plan::tests::test_seq_scan_exec_with_projection ... ok
test physical_plan::tests::test_sort_exec ... ok
test physical_plan::tests::test_sort_exec_accessors ... ok
test planner::tests::test_create_table_physical_plan ... ok
test planner::tests::test_aggregate_physical_plan ... ok
test planner::tests::test_default_planner_creation ... ok
test planner::tests::test_delete_physical_plan ... ok
test planner::tests::test_default_planner_default ... ok
test planner::tests::test_drop_table_physical_plan ... ok
test planner::tests::test_empty_relation_physical_plan ... ok
test planner::tests::test_filter_physical_plan ... ok
test planner::tests::test_join_physical_plan ... ok
test planner::tests::test_limit_physical_plan ... ok
test planner::tests::test_noop_planner ... ok
test planner::tests::test_noop_planner_create_physical_plan ... ok
test planner::tests::test_noop_planner_default ... ok
test planner::tests::test_planner_emits_parallel_filter_when_degree_gt_1 ... ok
test planner::tests::test_planner_emits_plain_filter_when_degree_is_1 ... ok
test planner::tests::test_planner_emits_plain_filter_when_sort_ancestor_present ... ok
test planner::tests::test_planner_error_display ... ok
test planner::tests::test_projection_physical_plan ... ok
test planner::tests::test_sort_physical_plan ... ok
test planner::tests::test_subquery_physical_plan ... ok
test planner::tests::test_table_scan_physical_plan ... ok
test planner::tests::test_table_scan_with_projection ... ok
test planner::tests::test_union_physical_plan ... ok
test planner::tests::test_update_physical_plan ... ok
test planner::tests::test_values_physical_plan ... ok
test tests::test_aggregate_function_clone ... ok
test tests::test_aggregate_function_values ... ok
test tests::test_column_clone ... ok
test tests::test_column_display ... ok
test tests::test_column_new ... ok
test tests::test_column_new_qualified ... ok
test tests::test_data_type_clone ... ok
test tests::test_data_type_display ... ok
test tests::test_data_type_from_sql_type ... ok
test tests::test_data_type_partial_eq ... ok
test tests::test_expr_aggregate_function ... ok
test tests::test_expr_alias ... ok
test tests::test_expr_binary_expr ... ok
test tests::test_expr_clone ... ok
test tests::test_expr_column ... ok
test tests::test_expr_display ... ok
test tests::test_expr_literal ... ok
test tests::test_expr_qualified_wildcard ... ok
test tests::test_expr_wildcard ... ok
test tests::test_field_clone ... ok
test tests::test_field_new ... ok
test tests::test_field_new_not_null ... ok
test tests::test_join_type_clone ... ok
test tests::test_join_type_values ... ok
test tests::test_operator_clone ... ok
test tests::test_operator_display ... ok
test tests::test_operator_partial_eq ... ok
test tests::test_schema_clone ... ok
test tests::test_schema_empty ... ok
test tests::test_schema_field ... ok
test tests::test_schema_field_index ... ok
test tests::test_schema_new ... ok
test tests::test_sort_expr ... ok

test result: ok. 84 passed; 0 failed; 0 ignored; 0 measured; 0 filtered out; finished in 0.00s

     Running tests/planner_chain_tests.rs (target/llvm-cov-target/debug/deps/planner_chain_tests-1bd876b810157a87)

running 28 tests
test test_expr_alias ... ok
test test_expr_literal ... ok
test test_expr_column ... ok
test test_expr_binary ... ok
test test_expr_wildcard ... ok
test test_expr_qualified_wildcard ... ok
test test_logical_plan_aggregate ... ok
test test_logical_plan_drop_table ... ok
test test_logical_plan_create_table ... ok
test test_logical_plan_delete ... ok
test test_logical_plan_empty_relation ... ok
test test_logical_plan_filter ... ok
test test_logical_plan_join ... ok
test test_logical_plan_left_join ... ok
test test_logical_plan_limit ... ok
test test_logical_plan_projection ... ok
test test_logical_plan_sort ... ok
test test_logical_plan_subquery ... ok
test test_logical_plan_table_scan ... ok
test test_logical_plan_table_scan_with_projection ... ok
test test_logical_plan_union ... ok
test test_logical_plan_update ... ok
test test_logical_plan_values ... ok
test test_planner_create_physical_plan ... ok
test test_planner_optimize ... ok
test test_schema_empty ... ok
test test_schema_field_index ... ok
test test_schema_field_lookup ... ok

test result: ok. 28 passed; 0 failed; 0 ignored; 0 measured; 0 filtered out; finished in 0.00s

     Running tests/statement_tests.rs (target/llvm-cov-target/debug/deps/statement_tests-30463418dc77eb9c)

running 10 tests
test test_merge_clause_clone ... ok
test test_merge_clause_empty_insert ... ok
test test_merge_clause_debug ... ok
test test_merge_clause_empty_update ... ok
test test_merge_clause_new ... ok
test test_merge_statement_clone ... ok
test test_merge_statement_debug ... ok
test test_merge_statement_new ... ok
test test_merge_statement_without_clauses ... ok
test test_merge_statement_with_both_clauses ... ok

test result: ok. 10 passed; 0 failed; 0 ignored; 0 measured; 0 filtered out; finished in 0.00s


    Finished report saved to docs/releases/v3.12.0/coverage-baseline/current_5904d0d4df_20260812_212126/sqlrustgo-planner.json
