info: cargo-llvm-cov currently setting cfg(coverage); you can opt-out it by passing --no-cfg-coverage
warning: /Users/liying/workspace/dev/yinglichina163/sqlrustgo/crates/tools/Cargo.toml: unused manifest key: bin.1.rand
warning: duplicated attribute
    --> crates/mysql-client/src/lib.rs:1869:5
     |
1869 |     #[test]
     |     ^^^^^^^
     |
     = note: `#[warn(duplicate_macro_attributes)]` on by default

warning: unused variable: `other`
    --> crates/mysql-client/src/lib.rs:1356:13
     |
1356 |             other => panic!("expected Select"),
     |             ^^^^^ help: if this is intentional, prefix it with an underscore: `_other`
     |
     = note: `#[warn(unused_variables)]` (part of `#[warn(unused)]`) on by default

warning: variable does not need to be mutable
    --> crates/mysql-client/src/lib.rs:1586:13
     |
1586 |         let mut payload = make_handshake_payload(0xff, "8.0.30", 0, 0, "");
     |             ----^^^^^^^
     |             |
     |             help: remove this `mut`
     |
     = note: `#[warn(unused_mut)]` (part of `#[warn(unused)]`) on by default

warning: `sqlrustgo-mysql-client` (lib test) generated 3 warnings (run `cargo fix --lib -p sqlrustgo-mysql-client --tests` to apply 2 suggestions)
    Finished `test` profile [unoptimized + debuginfo] target(s) in 0.06s
     Running unittests src/lib.rs (target/llvm-cov-target/debug/deps/sqlrustgo_mysql_client-d9039679252ed664)

running 102 tests
test tests::test_connection_struct_fields ... ok
test tests::test_build_handshake_response ... ok
test tests::test_column_definition_debug ... ok
test tests::test_mysql_client_error_auth ... ok
test tests::test_capability_flags_defined ... ok
test tests::test_mysql_client_error_auth_display ... ok
test tests::test_build_handshake_response_basic ... ok
test tests::test_mysql_client_error_all_variants_debug ... ok
test tests::test_mysql_client_error_connection_closed ... ok
test tests::test_build_handshake_response_no_db ... ok
test tests::test_mysql_client_error_connection_closed_debug ... ok
test tests::test_mysql_client_error_connection_closed_display ... ok
test tests::test_mysql_client_error_debug ... ok
test tests::test_mysql_client_error_display_auth ... ok
test tests::test_mysql_client_error_display_connection_closed ... ok
test tests::test_mysql_client_error_display_protocol ... ok
test tests::test_mysql_client_error_display_io ... ok
test tests::test_mysql_client_error_display_server_error ... ok
test tests::test_mysql_client_error_from_io ... ok
test tests::test_mysql_client_error_io ... ok
test tests::test_mysql_client_error_io_display ... ok
test tests::test_mysql_client_error_protocol ... ok
test tests::test_mysql_client_error_protocol_display ... ok
test tests::test_mysql_client_error_server_error ... ok
test tests::test_mysql_client_error_server_error_debug ... ok
test tests::test_mysql_client_error_server_error_display ... ok
test tests::test_mysql_client_error_server_error_zero_code ... ok
test tests::test_mysql_result_type_alias ... ok
test tests::test_packet_new ... ok
test tests::test_native_password_hash ... ok
test tests::test_packet_read_from_eof ... ok
test tests::test_packet_read_from_truncated_header ... ok
test tests::test_packet_read_from_truncated_payload ... ok
test tests::test_packet_read_from_zero_length_header_truncated ... ok
test tests::test_packet_read_multiple_sequential ... ok
test tests::test_packet_read_truncated_header ... ok
test tests::test_packet_read_write_roundtrip ... ok
test tests::test_packet_roundtrip ... ok
test tests::test_packet_roundtrip_empty_payload ... ok
test tests::test_packet_roundtrip_sequence_all_values ... ok
test tests::test_packet_sequence_wrapping ... ok
test tests::test_packet_write_large_but_valid ... ok
test tests::test_packet_write_to_large_packet ... ok
test tests::test_parse_binary_value_default_is_string ... ok
test tests::test_parse_binary_value_eight_byte_int ... ok
test tests::test_parse_binary_value_empty_returns_none ... ok
test tests::test_parse_binary_value_three_byte_int ... ok
test tests::test_parse_binary_value_two_byte_int ... ok
test tests::test_parse_binary_value_two_byte_truncated ... ok
test tests::test_parse_column_definition_minimal ... ok
test tests::test_parse_column_definition_named_column ... ok
test tests::test_parse_handshake ... ok
test tests::test_parse_handshake_minimal_valid ... ok
test tests::test_parse_handshake_minimal_valid ... ok
test tests::test_parse_handshake_minimum_valid ... ok
test tests::test_parse_handshake_missing_null_terminator ... ok
test tests::test_parse_handshake_mysql_native_password ... ok
test tests::test_parse_handshake_protocol_0x01_rejected ... ok
test tests::test_packet_roundtrip_64kb ... ok
test tests::test_parse_handshake_protocol_0x09 ... ok
test tests::test_parse_handshake_protocol_version_mismatch ... ok
test tests::test_parse_handshake_server_version_with_dots ... ok
test tests::test_parse_handshake_short_connection_id ... ok
test tests::test_parse_handshake_status_flags ... ok
test tests::test_parse_handshake_valid ... ok
test tests::test_parse_handshake_wrong_protocol_version ... ok
test tests::test_parse_handshake_zero_capability ... ok
test tests::test_parse_length_encoded_int ... ok
test tests::test_parse_length_encoded_int_3byte ... ok
test tests::test_parse_handshake_too_short ... ok
test tests::test_parse_length_encoded_int_8byte ... ok
test tests::test_parse_handshake_very_short ... ok
test tests::test_parse_length_encoded_int_eight_bytes ... ok
test tests::test_parse_length_encoded_int_eof ... ok
test tests::test_parse_length_encoded_int_null_marker ... ok
test tests::test_parse_length_encoded_int_three_bytes ... ok
test tests::test_parse_length_encoded_string_happy ... ok
test tests::test_parse_length_encoded_string_normal ... ok
test tests::test_parse_length_encoded_string_null_marker ... ok
test tests::test_parse_length_encoded_string_null_returns_empty ... ok
test tests::test_parse_length_encoded_string_truncated ... ok
test tests::test_parse_length_encoded_string_zero_len ... ok
test tests::test_parse_result_set_error_packet ... ok
test tests::test_parse_result_set_select_deprecate_eof ... ok
test tests::test_parse_result_set_select_simple ... ok
test tests::test_parse_result_set_with_empty_payload ... ok
test tests::test_parse_text_row_basic ... ok
test tests::test_parse_result_set_truncated_packet ... ok
test tests::test_parse_text_row_truncated ... ok
test tests::test_parse_text_row_with_null ... ok
test tests::test_prepared_statement_debug ... ok
test tests::test_prepared_statement_fields ... ok
test tests::test_read_exact_retry_partial ... ok
test tests::test_read_null_terminated ... ok
test tests::test_read_null_terminated_truncated ... ok
test tests::test_result_set_error_fields ... ok
test tests::test_result_set_error_variant ... ok
test tests::test_result_set_ok_fields ... ok
test tests::test_result_set_ok_variant ... ok
test tests::test_result_set_select_multiple_rows ... ok
test tests::test_result_set_select_variant ... ok
test tests::test_packet_write_too_large ... ok

test result: ok. 102 passed; 0 failed; 0 ignored; 0 measured; 0 filtered out; finished in 0.00s


    Finished report saved to docs/releases/v3.12.0/coverage-baseline/current_5904d0d4df_20260812_212126/sqlrustgo-mysql-client.json
